Component: ARM Compiler 6.13.1 Tool: armlink [5d895400]

==============================================================================

Section Cross References

    startup_stm32f103xe.o(RESET) refers to startup_stm32f103xe.o(STACK) for __initial_sp
    startup_stm32f103xe.o(RESET) refers to startup_stm32f103xe.o(.text) for Reset_Handler
    startup_stm32f103xe.o(RESET) refers to stm32f1xx_it.o(.text.NMI_Handler) for NMI_Handler
    startup_stm32f103xe.o(RESET) refers to stm32f1xx_it.o(.text.HardFault_Handler) for HardFault_Handler
    startup_stm32f103xe.o(RESET) refers to stm32f1xx_it.o(.text.MemManage_Handler) for MemManage_Handler
    startup_stm32f103xe.o(RESET) refers to stm32f1xx_it.o(.text.BusFault_Handler) for BusFault_Handler
    startup_stm32f103xe.o(RESET) refers to stm32f1xx_it.o(.text.UsageFault_Handler) for UsageFault_Handler
    startup_stm32f103xe.o(RESET) refers to stm32f1xx_it.o(.text.SVC_Handler) for SVC_Handler
    startup_stm32f103xe.o(RESET) refers to stm32f1xx_it.o(.text.DebugMon_Handler) for DebugMon_Handler
    startup_stm32f103xe.o(RESET) refers to stm32f1xx_it.o(.text.PendSV_Handler) for PendSV_Handler
    startup_stm32f103xe.o(RESET) refers to stm32f1xx_it.o(.text.SysTick_Handler) for SysTick_Handler
    startup_stm32f103xe.o(RESET) refers to stm32f1xx_it.o(.text.USB_LP_CAN1_RX0_IRQHandler) for USB_LP_CAN1_RX0_IRQHandler
    startup_stm32f103xe.o(RESET) refers to stm32f1xx_it.o(.text.USART1_IRQHandler) for USART1_IRQHandler
    startup_stm32f103xe.o(.text) refers to system_stm32f1xx.o(.text.SystemInit) for SystemInit
    startup_stm32f103xe.o(.text) refers to entry.o(.ARM.Collect$$$$00000000) for __main
    main.o(.text.fputc) refers to usart.o(.bss.huart1) for huart1
    main.o(.text.fputc) refers to stm32f1xx_hal_uart.o(.text.HAL_UART_Transmit) for HAL_UART_Transmit
    main.o(.ARM.exidx.text.fputc) refers to main.o(.text.fputc) for [Anonymous Symbol]
    main.o(.text.main) refers to stm32f1xx_hal.o(.text.HAL_Init) for HAL_Init
    main.o(.text.main) refers to main.o(.text.SystemClock_Config) for SystemClock_Config
    main.o(.text.main) refers to gpio.o(.text.MX_GPIO_Init) for MX_GPIO_Init
    main.o(.text.main) refers to spi.o(.text.MX_SPI2_Init) for MX_SPI2_Init
    main.o(.text.main) refers to usart.o(.text.MX_USART1_UART_Init) for MX_USART1_UART_Init
    main.o(.text.main) refers to usb_device.o(.text.MX_USB_DEVICE_Init) for MX_USB_DEVICE_Init
    main.o(.text.main) refers to w25qx.o(.text.BSP_W25Qx_Init) for BSP_W25Qx_Init
    main.o(.text.main) refers to main.o(.rodata.str1.1) for .L.str
    main.o(.text.main) refers to printfa.o(i.__0printf) for printf
    main.o(.text.main) refers to w25qx.o(.text.W25QXX_ReadID) for W25QXX_ReadID
    main.o(.text.main) refers to main.o(.bss.ID16) for ID16
    main.o(.text.main) refers to main.o(.text.Error_Handler) for Error_Handler
    main.o(.text.main) refers to stm32f1xx_hal.o(.text.HAL_Delay) for HAL_Delay
    main.o(.text.main) refers to main.o(.bss.write_addr) for write_addr
    main.o(.text.main) refers to main.o(.bss.i) for i
    main.o(.text.main) refers to main.o(.data.image) for image
    main.o(.text.main) refers to w25qx.o(.text.W25QXX_Write) for W25QXX_Write
    main.o(.ARM.exidx.text.main) refers to main.o(.text.main) for [Anonymous Symbol]
    main.o(.text.SystemClock_Config) refers to memseta.o(.text) for __aeabi_memclr4
    main.o(.text.SystemClock_Config) refers to stm32f1xx_hal_rcc.o(.text.HAL_RCC_OscConfig) for HAL_RCC_OscConfig
    main.o(.text.SystemClock_Config) refers to main.o(.text.Error_Handler) for Error_Handler
    main.o(.text.SystemClock_Config) refers to stm32f1xx_hal_rcc.o(.text.HAL_RCC_ClockConfig) for HAL_RCC_ClockConfig
    main.o(.text.SystemClock_Config) refers to stm32f1xx_hal_rcc_ex.o(.text.HAL_RCCEx_PeriphCLKConfig) for HAL_RCCEx_PeriphCLKConfig
    main.o(.ARM.exidx.text.SystemClock_Config) refers to main.o(.text.SystemClock_Config) for [Anonymous Symbol]
    main.o(.ARM.exidx.text.Error_Handler) refers to main.o(.text.Error_Handler) for [Anonymous Symbol]
    main.o(.data.image) refers to 1.o(.rodata.gImage_1) for gImage_1
    gpio.o(.text.MX_GPIO_Init) refers to stm32f1xx_hal_gpio.o(.text.HAL_GPIO_WritePin) for HAL_GPIO_WritePin
    gpio.o(.text.MX_GPIO_Init) refers to stm32f1xx_hal_gpio.o(.text.HAL_GPIO_Init) for HAL_GPIO_Init
    gpio.o(.ARM.exidx.text.MX_GPIO_Init) refers to gpio.o(.text.MX_GPIO_Init) for [Anonymous Symbol]
    spi.o(.text.MX_SPI2_Init) refers to spi.o(.bss.hspi2) for hspi2
    spi.o(.text.MX_SPI2_Init) refers to stm32f1xx_hal_spi.o(.text.HAL_SPI_Init) for HAL_SPI_Init
    spi.o(.text.MX_SPI2_Init) refers to main.o(.text.Error_Handler) for Error_Handler
    spi.o(.ARM.exidx.text.MX_SPI2_Init) refers to spi.o(.text.MX_SPI2_Init) for [Anonymous Symbol]
    spi.o(.text.HAL_SPI_MspInit) refers to stm32f1xx_hal_gpio.o(.text.HAL_GPIO_Init) for HAL_GPIO_Init
    spi.o(.ARM.exidx.text.HAL_SPI_MspInit) refers to spi.o(.text.HAL_SPI_MspInit) for [Anonymous Symbol]
[...]
    USBD_GetStatus                           0x08006e79   Thumb Code   100  usbd_ctlreq.o(.text.USBD_GetStatus)
    [Anonymous Symbol]                       0x08006e78   Section        0  usbd_ctlreq.o(.text.USBD_GetStatus)
    [Anonymous Symbol]                       0x08006edc   Section        0  usbd_ctlreq.o(.text.USBD_GetString)
    USBD_Get_USB_Status                      0x08006f61   Thumb Code    84  usbd_conf.o(.text.USBD_Get_USB_Status)
    [Anonymous Symbol]                       0x08006f60   Section        0  usbd_conf.o(.text.USBD_Get_USB_Status)
    [Anonymous Symbol]                       0x08006fb4   Section        0  usbd_core.o(.text.USBD_Init)
    [Anonymous Symbol]                       0x08007020   Section        0  usbd_conf.o(.text.USBD_LL_ClearStallEP)
    [Anonymous Symbol]                       0x08007060   Section        0  usbd_conf.o(.text.USBD_LL_CloseEP)
    [Anonymous Symbol]                       0x080070a0   Section        0  usbd_core.o(.text.USBD_LL_DataInStage)
    [Anonymous Symbol]                       0x08007220   Section        0  usbd_core.o(.text.USBD_LL_DataOutStage)
    [Anonymous Symbol]                       0x08007330   Section        0  usbd_conf.o(.text.USBD_LL_FlushEP)
    [Anonymous Symbol]                       0x08007370   Section        0  usbd_conf.o(.text.USBD_LL_GetRxDataSize)
    [Anonymous Symbol]                       0x08007390   Section        0  usbd_conf.o(.text.USBD_LL_Init)
    [Anonymous Symbol]                       0x08007434   Section        0  usbd_conf.o(.text.USBD_LL_IsStallEP)
    [Anonymous Symbol]                       0x08007494   Section        0  usbd_conf.o(.text.USBD_LL_OpenEP)
    [Anonymous Symbol]                       0x080074f0   Section        0  usbd_conf.o(.text.USBD_LL_PrepareReceive)
    [Anonymous Symbol]                       0x08007544   Section        0  usbd_core.o(.text.USBD_LL_Reset)
    [Anonymous Symbol]                       0x080075d4   Section        0  usbd_core.o(.text.USBD_LL_Resume)
    [Anonymous Symbol]                       0x080075f8   Section        0  usbd_core.o(.text.USBD_LL_SOF)
    [Anonymous Symbol]                       0x0800762c   Section        0  usbd_core.o(.text.USBD_LL_SetSpeed)
    [Anonymous Symbol]                       0x08007644   Section        0  usbd_conf.o(.text.USBD_LL_SetUSBAddress)
    [Anonymous Symbol]                       0x08007684   Section        0  usbd_core.o(.text.USBD_LL_SetupStage)
    [Anonymous Symbol]                       0x08007708   Section        0  usbd_conf.o(.text.USBD_LL_StallEP)
    [Anonymous Symbol]                       0x08007748   Section        0  usbd_conf.o(.text.USBD_LL_Start)
    [Anonymous Symbol]                       0x0800777c   Section        0  usbd_core.o(.text.USBD_LL_Suspend)
    [Anonymous Symbol]                       0x08007798   Section        0  usbd_conf.o(.text.USBD_LL_Transmit)
    [Anonymous Symbol]                       0x080077ec   Section        0  usbd_msc.o(.text.USBD_MSC_DataIn)
    [Anonymous Symbol]                       0x0800780c   Section        0  usbd_msc.o(.text.USBD_MSC_DataOut)
    [Anonymous Symbol]                       0x0800782c   Section        0  usbd_msc.o(.text.USBD_MSC_DeInit)
    [Anonymous Symbol]                       0x08007890   Section        0  usbd_msc.o(.text.USBD_MSC_GetDeviceQualifierDescriptor)
    [Anonymous Symbol]                       0x080078a8   Section        0  usbd_msc.o(.text.USBD_MSC_GetFSCfgDesc)
    [Anonymous Symbol]                       0x080078c0   Section        0  usbd_msc.o(.text.USBD_MSC_GetHSCfgDesc)
    [Anonymous Symbol]                       0x080078d8   Section        0  usbd_msc.o(.text.USBD_MSC_GetOtherSpeedCfgDesc)
    [Anonymous Symbol]                       0x080078f0   Section        0  usbd_msc.o(.text.USBD_MSC_Init)
    [Anonymous Symbol]                       0x080079a8   Section        0  usbd_msc.o(.text.USBD_MSC_RegisterStorage)
    [Anonymous Symbol]                       0x080079c8   Section        0  usbd_msc.o(.text.USBD_MSC_Setup)
    [Anonymous Symbol]                       0x08007c38   Section        0  usbd_ctlreq.o(.text.USBD_ParseSetupRequest)
    [Anonymous Symbol]                       0x08007c7c   Section        0  usbd_core.o(.text.USBD_RegisterClass)
    [Anonymous Symbol]                       0x08007cb0   Section        0  usbd_core.o(.text.USBD_RunTestMode)
    USBD_SetAddress                          0x08007cbd   Thumb Code   150  usbd_ctlreq.o(.text.USBD_SetAddress)
    [Anonymous Symbol]                       0x08007cbc   Section        0  usbd_ctlreq.o(.text.USBD_SetAddress)
    [Anonymous Symbol]                       0x08007d54   Section        0  usbd_core.o(.text.USBD_SetClassConfig)
    USBD_SetConfig                           0x08007da1   Thumb Code   336  usbd_ctlreq.o(.text.USBD_SetConfig)
    [Anonymous Symbol]                       0x08007da0   Section        0  usbd_ctlreq.o(.text.USBD_SetConfig)
    USBD_SetFeature                          0x08007ef1   Thumb Code    38  usbd_ctlreq.o(.text.USBD_SetFeature)
    [Anonymous Symbol]                       0x08007ef0   Section        0  usbd_ctlreq.o(.text.USBD_SetFeature)
    [Anonymous Symbol]                       0x08007f18   Section        0  usbd_core.o(.text.USBD_Start)
    [Anonymous Symbol]                       0x08007f30   Section        0  usbd_ctlreq.o(.text.USBD_StdDevReq)
    [Anonymous Symbol]                       0x08007ff4   Section        0  usbd_ctlreq.o(.text.USBD_StdEPReq)
    [Anonymous Symbol]                       0x0800835c   Section        0  usbd_ctlreq.o(.text.USBD_StdItfReq)
    [Anonymous Symbol]                       0x08008400   Section        0  usbd_conf.o(.text.USBD_static_free)
    [Anonymous Symbol]                       0x08008408   Section        0  usbd_conf.o(.text.USBD_static_malloc)
    [Anonymous Symbol]                       0x08008418   Section        0  stm32f1xx_ll_usb.o(.text.USB_ActivateEndpoint)
    [Anonymous Symbol]                       0x08008a30   Section        0  stm32f1xx_ll_usb.o(.text.USB_CoreInit)
    [Anonymous Symbol]                       0x08008a68   Section        0  stm32f1xx_ll_usb.o(.text.USB_DeactivateEndpoint)
    [Anonymous Symbol]                       0x08008dcc   Section        0  stm32f1xx_ll_usb.o(.text.USB_DevConnect)
    [Anonymous Symbol]                       0x08008dd8   Section        0  stm32f1xx_ll_usb.o(.text.USB_DevDisconnect)
    [Anonymous Symbol]                       0x08008de4   Section        0  stm32f1xx_ll_usb.o(.text.USB_DevInit)
    [Anonymous Symbol]                       0x08008e38   Section        0  stm32f1xx_ll_usb.o(.text.USB_DisableGlobalInt)
    [Anonymous Symbol]                       0x08008e58   Section        0  stm32f1xx_ll_usb.o(.text.USB_EP0_OutStart)
    [Anonymous Symbol]                       0x08008e64   Section        0  stm32f1xx_ll_usb.o(.text.USB_EPClearStall)
    [Anonymous Symbol]                       0x08008fac   Section        0  stm32f1xx_ll_usb.o(.text.USB_EPSetStall)
    [Anonymous Symbol]                       0x08009038   Section        0  stm32f1xx_ll_usb.o(.text.USB_EPStartXfer)
    [Anonymous Symbol]                       0x0800a10c   Section        0  stm32f1xx_ll_usb.o(.text.USB_EnableGlobalInt)
    [Anonymous Symbol]                       0x0800a12c   Section        0  stm32f1xx_ll_usb.o(.text.USB_FlushRxFifo)
    [Anonymous Symbol]                       0x0800a138   Section        0  stm32f1xx_ll_usb.o(.text.USB_FlushTxFifo)
    [Anonymous Symbol]                       0x0800a144   Section        0  stm32f1xx_it.o(.text.USB_LP_CAN1_RX0_IRQHandler)
    [Anonymous Symbol]                       0x0800a154   Section        0  stm32f1xx_ll_usb.o(.text.USB_ReadInterrupts)
    [Anonymous Symbol]                       0x0800a168   Section        0  stm32f1xx_ll_usb.o(.text.USB_ReadPMA)
    [Anonymous Symbol]                       0x0800a200   Section        0  stm32f1xx_ll_usb.o(.text.USB_SetCurrentMode)
    [Anonymous Symbol]                       0x0800a210   Section        0  stm32f1xx_ll_usb.o(.text.USB_SetDevAddress)
    [Anonymous Symbol]                       0x0800a234   Section        0  stm32f1xx_ll_usb.o(.text.USB_WritePMA)
    [Anonymous Symbol]                       0x0800a2b8   Section        0  stm32f1xx_it.o(.text.UsageFault_Handler)
    [Anonymous Symbol]                       0x0800a2bc   Section        0  w25qx.o(.text.W25QXX_Erase_Sector)
    [Anonymous Symbol]                       0x0800a348   Section        0  w25qx.o(.text.W25QXX_Read)
    [Anonymous Symbol]                       0x0800a3f8   Section        0  w25qx.o(.text.W25QXX_ReadID)
    [Anonymous Symbol]                       0x0800a48c   Section        0  w25qx.o(.text.W25QXX_ReadSR)
    [Anonymous Symbol]                       0x0800a51c   Section        0  w25qx.o(.text.W25QXX_Wait_Busy)
    [Anonymous Symbol]                       0x0800a534   Section        0  w25qx.o(.text.W25QXX_Write)
    [Anonymous Symbol]                       0x0800a698   Section        0  w25qx.o(.text.W25QXX_Write_Enable)
    [Anonymous Symbol]                       0x0800a6cc   Section        0  w25qx.o(.text.W25QXX_Write_NoCheck)
    [Anonymous Symbol]                       0x0800a768   Section        0  w25qx.o(.text.W25QXX_Write_Page)
    __NVIC_EnableIRQ                         0x0800a81d   Thumb Code    52  stm32f1xx_hal_cortex.o(.text.__NVIC_EnableIRQ)
    [Anonymous Symbol]                       0x0800a81c   Section        0  stm32f1xx_hal_cortex.o(.text.__NVIC_EnableIRQ)
    __NVIC_GetPriorityGrouping               0x0800a851   Thumb Code    16  stm32f1xx_hal_cortex.o(.text.__NVIC_GetPriorityGrouping)
    [Anonymous Symbol]                       0x0800a850   Section        0  stm32f1xx_hal_cortex.o(.text.__NVIC_GetPriorityGrouping)
    __NVIC_SetPriority                       0x0800a861   Thumb Code    68  stm32f1xx_hal_cortex.o(.text.__NVIC_SetPriority)
    [Anonymous Symbol]                       0x0800a860   Section        0  stm32f1xx_hal_cortex.o(.text.__NVIC_SetPriority)
    __NVIC_SetPriorityGrouping               0x0800a8a5   Thumb Code    60  stm32f1xx_hal_cortex.o(.text.__NVIC_SetPriorityGrouping)
    [Anonymous Symbol]                       0x0800a8a4   Section        0  stm32f1xx_hal_cortex.o(.text.__NVIC_SetPriorityGrouping)
    [Anonymous Symbol]                       0x0800a8e0   Section        0  main.o(.text.fputc)
    [Anonymous Symbol]                       0x0800a90c   Section        0  main.o(.text.main)
    i.__0printf                              0x0800aa68   Section        0  printfa.o(i.__0printf)
    i.__scatterload_copy                     0x0800aa88   Section       14  handlers.o(i.__scatterload_copy)
    i.__scatterload_null                     0x0800aa96   Section        2  handlers.o(i.__scatterload_null)
    i.__scatterload_zeroinit                 0x0800aa98   Section       14  handlers.o(i.__scatterload_zeroinit)
    _fp_digits                               0x0800aaa9   Thumb Code   366  printfa.o(i._fp_digits)
    i._fp_digits                             0x0800aaa8   Section        0  printfa.o(i._fp_digits)
    _printf_core                             0x0800ac2d   Thumb Code  1744  printfa.o(i._printf_core)
    i._printf_core                           0x0800ac2c   Section        0  printfa.o(i._printf_core)
    _printf_post_padding                     0x0800b309   Thumb Code    36  printfa.o(i._printf_post_padding)
    i._printf_post_padding                   0x0800b308   Section        0  printfa.o(i._printf_post_padding)
    _printf_pre_padding                      0x0800b32d   Thumb Code    46  printfa.o(i._printf_pre_padding)
    i._printf_pre_padding                    0x0800b32c   Section        0  printfa.o(i._printf_pre_padding)
    .L.str.2                                 0x080275ad   Data          15  main.o(.rodata.str1.1)
    [Anonymous Symbol]                       0x080275ad   Section        0  main.o(.rodata.str1.1)
    .L.str                                   0x080275bc   Data          28  main.o(.rodata.str1.1)
    .L.str.1                                 0x080275d8   Data          15  main.o(.rodata.str1.1)
    .L.str.6                                 0x080275e7   Data          26  main.o(.rodata.str1.1)
    .L.str.7                                 0x08027601   Data          14  main.o(.rodata.str1.1)
    .L.str.4                                 0x0802760f   Data           9  main.o(.rodata.str1.1)
    .L.str.5                                 0x08027615   Data           3  main.o(.rodata.str1.1)
    .L.str.3                                 0x08027618   Data          33  main.o(.rodata.str1.1)
    .L.str.3                                 0x08027639   Data          14  usbd_desc.o(.rodata.str1.1)
    [Anonymous Symbol]                       0x08027639   Section        0  usbd_desc.o(.rodata.str1.1)
    .L.str                                   0x08027647   Data          19  usbd_desc.o(.rodata.str1.1)
    .L.str.2                                 0x0802765a   Data          11  usbd_desc.o(.rodata.str1.1)
    .L.str.1                                 0x08027665   Data          19  usbd_desc.o(.rodata.str1.1)
    .data                                    0x20000000   Section        4  stdout.o(.data)
    USBD_SetConfig.cfgidx                    0x2000012a   Data           1  usbd_ctlreq.o(.bss.USBD_SetConfig.cfgidx)
    [Anonymous Symbol]                       0x2000012a   Section        0  usbd_ctlreq.o(.bss.USBD_SetConfig.cfgidx)
    USBD_static_malloc.mem                   0x2000032c   Data        4208  usbd_conf.o(.bss.USBD_static_malloc.mem)
    [Anonymous Symbol]                       0x2000032c   Section        0  usbd_conf.o(.bss.USBD_static_malloc.mem)
    STACK                                    0x200029f8   Section     1024  startup_stm32f103xe.o(STACK)

    Global Symbols

    Symbol Name                              Value     Ov Type        Size  Object(Section)

    BuildAttributes$$THM_ISAv4$P$D$K$B$S$PE$A:L22UL41UL21$X:L11$S22US41US21$IEEE1$IW$~IW$USESV6$~STKCKD$USESV7$~SHL$OSPACE$ROPI$EBA8$MICROLIB$REQ8$PRES8$EABIv2 0x00000000   Number         0  anon$$obj.o ABSOLUTE
    __cpp_initialize__aeabi_                  - Undefined Weak Reference
    __cxa_finalize                            - Undefined Weak Reference
    __decompress                              - Undefined Weak Reference
    _clock_init                               - Undefined Weak Reference
    _microlib_exit                            - Undefined Weak Reference
    __Vectors_Size                           0x00000130   Number         0  startup_stm32f103xe.o ABSOLUTE
    __Vectors                                0x08000000   Data           4  startup_stm32f103xe.o(RESET)
    __Vectors_End                            0x08000130   Data           0  startup_stm32f103xe.o(RESET)
    __main                                   0x08000131   Thumb Code     0  entry.o(.ARM.Collect$$$$00000000)
    _main_stk                                0x08000131   Thumb Code     0  entry2.o(.ARM.Collect$$$$00000001)
    _main_scatterload                        0x08000135   Thumb Code     0  entry5.o(.ARM.Collect$$$$00000004)
    __main_after_scatterload                 0x08000139   Thumb Code     0  entry5.o(.ARM.Collect$$$$00000004)
    _main_clock                              0x08000139   Thumb Code     0  entry7b.o(.ARM.Collect$$$$00000008)
    _main_cpp_init                           0x08000139   Thumb Code     0  entry8b.o(.ARM.Collect$$$$0000000A)
    _main_init                               0x08000139   Thumb Code     0  entry9a.o(.ARM.Collect$$$$0000000B)
    __rt_final_cpp                           0x08000141   Thumb Code     0  entry10a.o(.ARM.Collect$$$$0000000D)
    __rt_final_exit                          0x08000141   Thumb Code     0  entry11a.o(.ARM.Collect$$$$0000000F)
    Reset_Handler                            0x08000145   Thumb Code     8  startup_stm32f103xe.o(.text)
    ADC1_2_IRQHandler                        0x0800015f   Thumb Code     0  startup_stm32f103xe.o(.text)
    ADC3_IRQHandler                          0x0800015f   Thumb Code     0  startup_stm32f103xe.o(.text)
    CAN1_RX1_IRQHandler                      0x0800015f   Thumb Code     0  startup_stm32f103xe.o(.text)
    CAN1_SCE_IRQHandler                      0x0800015f   Thumb Code     0  startup_stm32f103xe.o(.text)
    DMA1_Channel1_IRQHandler                 0x0800015f   Thumb Code     0  startup_stm32f103xe.o(.text)
    DMA1_Channel2_IRQHandler                 0x0800015f   Thumb Code     0  startup_stm32f103xe.o(.text)
    DMA1_Channel3_IRQHandler                 0x0800015f   Thumb Code     0  startup_stm32f103xe.o(.text)
    DMA1_Channel4_IRQHandler                 0x0800015f   Thumb Code     0  startup_stm32f103xe.o(.text)
    DMA1_Channel5_IRQHandler                 0x0800015f   Thumb Code     0  startup_stm32f103xe.o(.text)
    DMA1_Channel6_IRQHandler                 0x0800015f   Thumb Code     0  startup_stm32f103xe.o(.text)
    DMA1_Channel7_IRQHandler                 0x0800015f   Thumb Code     0  startup_stm32f103xe.o(.text)
    DMA2_Channel1_IRQHandler                 0x0800015f   Thumb Code     0  startup_stm32f103xe.o(.text)
    DMA2_Channel2_IRQHandler                 0x0800015f   Thumb Code     0  startup_stm32f103xe.o(.text)
    DMA2_Channel3_IRQHandler                 0x0800015f   Thumb Code     0  startup_stm32f103xe.o(.text)
    DMA2_Channel4_5_IRQHandler               0x0800015f   Thumb Code     0  startup_stm32f103xe.o(.text)
    EXTI0_IRQHandler                         0x0800015f   Thumb Code     0  startup_stm32f103xe.o(.text)
    EXTI15_10_IRQHandler                     0x0800015f   Thumb Code     0  startup_stm32f103xe.o(.text)
    EXTI1_IRQHandler                         0x0800015f   Thumb Code     0  startup_stm32f103xe.o(.text)
    EXTI2_IRQHandler                         0x0800015f   Thumb Code     0  startup_stm32f103xe.o(.text)
    EXTI3_IRQHandler                         0x0800015f   Thumb Code     0  startup_stm32f103xe.o(.text)
    EXTI4_IRQHandler                         0x0800015f   Thumb Code     0  startup_stm32f103xe.o(.text)
    EXTI9_5_IRQHandler                       0x0800015f   Thumb Code     0  startup_stm32f103xe.o(.text)
    FLASH_IRQHandler                         0x0800015f   Thumb Code     0  startup_stm32f103xe.o(.text)
    FSMC_IRQHandler                          0x0800015f   Thumb Code     0  startup_stm32f103xe.o(.text)
    I2C1_ER_IRQHandler                       0x0800015f   Thumb Code     0  startup_stm32f103xe.o(.text)
    I2C1_EV_IRQHandler                       0x0800015f   Thumb Code     0  startup_stm32f103xe.o(.text)
    I2C2_ER_IRQHandler                       0x0800015f   Thumb Code     0  startup_stm32f103xe.o(.text)
    I2C2_EV_IRQHandler                       0x0800015f   Thumb Code     0  startup_stm32f103xe.o(.text)
    PVD_IRQHandler                           0x0800015f   Thumb Code     0  startup_stm32f103xe.o(.text)
    RCC_IRQHandler                           0x0800015f   Thumb Code     0  startup_stm32f103xe.o(.text)
    RTC_Alarm_IRQHandler                     0x0800015f   Thumb Code     0  startup_stm32f103xe.o(.text)
    RTC_IRQHandler                           0x0800015f   Thumb Code     0  startup_stm32f103xe.o(.text)
    SDIO_IRQHandler                          0x0800015f   Thumb Code     0  startup_stm32f103xe.o(.text)
    SPI1_IRQHandler                          0x0800015f   Thumb Code     0  startup_stm32f103xe.o(.text)
    SPI2_IRQHandler                          0x0800015f   Thumb Code     0  startup_stm32f103xe.o(.text)
    SPI3_IRQHandler                          0x0800015f   Thumb Code     0  startup_stm32f103xe.o(.text)
    TAMPER_IRQHandler                        0x0800015f   Thumb Code     0  startup_stm32f103xe.o(.text)
    TIM1_BRK_IRQHandler                      0x0800015f   Thumb Code     0  startup_stm32f103xe.o(.text)
    TIM1_CC_IRQHandler                       0x0800015f   Thumb Code     0  startup_stm32f103xe.o(.text)
    TIM1_TRG_COM_IRQHandler                  0x0800015f   Thumb Code     0  startup_stm32f103xe.o(.text)
    TIM1_UP_IRQHandler                       0x0800015f   Thumb Code     0  startup_stm32f103xe.o(.text)
    TIM2_IRQHandler                          0x0800015f   Thumb Code     0  startup_stm32f103xe.o(.text)
    TIM3_IRQHandler                          0x0800015f   Thumb Code     0  startup_stm32f103xe.o(.text)
    TIM4_IRQHandler                          0x0800015f   Thumb Code     0  startup_stm32f103xe.o(.text)
    TIM5_IRQHandler                          0x0800015f   Thumb Code     0  startup_stm32f103xe.o(.text)
    TIM6_IRQHandler                          0x0800015f   Thumb Code     0  startup_stm32f103xe.o(.text)
    TIM7_IRQHandler                          0x0800015f   Thumb Code     0  startup_stm32f103xe.o(.text)
    TIM8_BRK_IRQHandler                      0x0800015f   Thumb Code     0  startup_stm32f103xe.o(.text)
    TIM8_CC_IRQHandler                       0x0800015f   Thumb Code     0  startup_stm32f103xe.o(.text)
    TIM8_TRG_COM_IRQHandler                  0x0800015f   Thumb Code     0  startup_stm32f103xe.o(.text)
    TIM8_UP_IRQHandler                       0x0800015f   Thumb Code     0  startup_stm32f103xe.o(.text)
    UART4_IRQHandler                         0x0800015f   Thumb Code     0  startup_stm32f103xe.o(.text)
    UART5_IRQHandler                         0x0800015f   Thumb Code     0  startup_stm32f103xe.o(.text)
    USART2_IRQHandler                        0x0800015f   Thumb Code     0  startup_stm32f103xe.o(.text)
    USART3_IRQHandler                        0x0800015f   Thumb Code     0  startup_stm32f103xe.o(.text)
    USBWakeUp_IRQHandler                     0x0800015f   Thumb Code     0  startup_stm32f103xe.o(.text)
    USB_HP_CAN1_TX_IRQHandler                0x0800015f   Thumb Code     0  startup_stm32f103xe.o(.text)
    WWDG_IRQHandler                          0x0800015f   Thumb Code     0  startup_stm32f103xe.o(.text)
    __aeabi_memset                           0x08000169   Thumb Code    14  memseta.o(.text)
    __aeabi_memset4                          0x08000169   Thumb Code     0  memseta.o(.text)
    __aeabi_memset8                          0x08000169   Thumb Code     0  memseta.o(.text)
    __aeabi_memclr                           0x08000177   Thumb Code     4  memseta.o(.text)
    __aeabi_memclr4                          0x08000177   Thumb Code     0  memseta.o(.text)
    __aeabi_memclr8                          0x08000177   Thumb Code     0  memseta.o(.text)
    _memset$wrapper                          0x0800017b   Thumb Code    18  memseta.o(.text)
    __aeabi_uidiv                            0x0800018d   Thumb Code     0  uidiv.o(.text)
    __aeabi_uidivmod                         0x0800018d   Thumb Code    44  uidiv.o(.text)
    __aeabi_uldivmod                         0x080001b9   Thumb Code    98  uldiv.o(.text)
    __I$use$fp                               0x0800021b   Thumb Code     0  iusefp.o(.text)
    __aeabi_dadd                             0x0800021b   Thumb Code   322  dadd.o(.text)
    __aeabi_dsub                             0x0800035d   Thumb Code     6  dadd.o(.text)
    __aeabi_drsub                            0x08000363   Thumb Code     6  dadd.o(.text)
    __aeabi_dmul                             0x08000369   Thumb Code   228  dmul.o(.text)
    __aeabi_ddiv                             0x0800044d   Thumb Code   222  ddiv.o(.text)
    __aeabi_d2ulz                            0x0800052b   Thumb Code    48  dfixul.o(.text)
    __aeabi_cdrcmple                         0x0800055d   Thumb Code    48  cdrcmple.o(.text)
    __scatterload                            0x0800058d   Thumb Code    28  init.o(.text)
    __scatterload_rt2                        0x0800058d   Thumb Code     0  init.o(.text)
    __aeabi_llsl                             0x080005b1   Thumb Code    30  llshl.o(.text)
    _ll_shift_l                              0x080005b1   Thumb Code     0  llshl.o(.text)
    __aeabi_llsr                             0x080005cf   Thumb Code    32  llushr.o(.text)
    _ll_ushift_r                             0x080005cf   Thumb Code     0  llushr.o(.text)
    __aeabi_lasr                             0x080005ef   Thumb Code    36  llsshr.o(.text)
    _ll_sshift_r                             0x080005ef   Thumb Code     0  llsshr.o(.text)
    _double_round                            0x08000613   Thumb Code    30  depilogue.o(.text)
    _double_epilogue                         0x08000631   Thumb Code   156  depilogue.o(.text)
    BSP_W25Qx_Init                           0x0800074d   Thumb Code    12  w25qx.o(.text.BSP_W25Qx_Init)
    BusFault_Handler                         0x080007a5   Thumb Code     4  stm32f1xx_it.o(.text.BusFault_Handler)
    DebugMon_Handler                         0x080007a9   Thumb Code     2  stm32f1xx_it.o(.text.DebugMon_Handler)
    Error_Handler                            0x080007ad   Thumb Code    14  main.o(.text.Error_Handler)
    HAL_DMA_Abort                            0x08000821   Thumb Code   126  stm32f1xx_hal_dma.o(.text.HAL_DMA_Abort)
    HAL_DMA_Abort_IT                         0x080008a1   Thumb Code   794  stm32f1xx_hal_dma.o(.text.HAL_DMA_Abort_IT)
    HAL_Delay                                0x08000bbd   Thumb Code    68  stm32f1xx_hal.o(.text.HAL_Delay)
    HAL_GPIO_Init                            0x08000c01   Thumb Code   870  stm32f1xx_hal_gpio.o(.text.HAL_GPIO_Init)
    HAL_GPIO_WritePin                        0x08000f69   Thumb Code    52  stm32f1xx_hal_gpio.o(.text.HAL_GPIO_WritePin)
    HAL_GetTick                              0x08000f9d   Thumb Code    12  stm32f1xx_hal.o(.text.HAL_GetTick)
    HAL_IncTick                              0x08000fa9   Thumb Code    26  stm32f1xx_hal.o(.text.HAL_IncTick)
    HAL_Init                                 0x08000fc5   Thumb Code    44  stm32f1xx_hal.o(.text.HAL_Init)
    HAL_InitTick                             0x08000ff1   Thumb Code   114  stm32f1xx_hal.o(.text.HAL_InitTick)
    HAL_MspInit                              0x08001065   Thumb Code   100  stm32f1xx_hal_msp.o(.text.HAL_MspInit)
    HAL_NVIC_EnableIRQ                       0x080010c9   Thumb Code    24  stm32f1xx_hal_cortex.o(.text.HAL_NVIC_EnableIRQ)
    HAL_NVIC_SetPriority                     0x080010e1   Thumb Code    64  stm32f1xx_hal_cortex.o(.text.HAL_NVIC_SetPriority)
    HAL_NVIC_SetPriorityGrouping             0x08001121   Thumb Code    16  stm32f1xx_hal_cortex.o(.text.HAL_NVIC_SetPriorityGrouping)
    HAL_PCDEx_PMAConfig                      0x08001131   Thumb Code   130  stm32f1xx_hal_pcd_ex.o(.text.HAL_PCDEx_PMAConfig)
    HAL_PCDEx_SetConnectionState             0x080011b5   Thumb Code    28  usbd_conf.o(.text.HAL_PCDEx_SetConnectionState)
    HAL_PCD_DataInStageCallback              0x080011d1   Thumb Code    52  usbd_conf.o(.text.HAL_PCD_DataInStageCallback)
    HAL_PCD_DataOutStageCallback             0x08001205   Thumb Code    54  usbd_conf.o(.text.HAL_PCD_DataOutStageCallback)
    HAL_PCD_EP_Close                         0x0800123d   Thumb Code   170  stm32f1xx_hal_pcd.o(.text.HAL_PCD_EP_Close)
    HAL_PCD_EP_ClrStall                      0x080012e9   Thumb Code   202  stm32f1xx_hal_pcd.o(.text.HAL_PCD_EP_ClrStall)
    HAL_PCD_EP_Flush                         0x08001d31   Thumb Code   114  stm32f1xx_hal_pcd.o(.text.HAL_PCD_EP_Flush)
    HAL_PCD_EP_GetRxCount                    0x08001da5   Thumb Code    36  stm32f1xx_hal_pcd.o(.text.HAL_PCD_EP_GetRxCount)
    HAL_PCD_EP_Open                          0x08001dc9   Thumb Code   242  stm32f1xx_hal_pcd.o(.text.HAL_PCD_EP_Open)
    HAL_PCD_EP_Receive                       0x08001ebd   Thumb Code   116  stm32f1xx_hal_pcd.o(.text.HAL_PCD_EP_Receive)
    HAL_PCD_EP_SetStall                      0x08001f31   Thumb Code   230  stm32f1xx_hal_pcd.o(.text.HAL_PCD_EP_SetStall)
    HAL_PCD_EP_Transmit                      0x08002019   Thumb Code   128  stm32f1xx_hal_pcd.o(.text.HAL_PCD_EP_Transmit)
    HAL_PCD_IRQHandler                       0x08002099   Thumb Code   540  stm32f1xx_hal_pcd.o(.text.HAL_PCD_IRQHandler)
    HAL_PCD_Init                             0x080022b5   Thumb Code   582  stm32f1xx_hal_pcd.o(.text.HAL_PCD_Init)
    HAL_PCD_MspInit                          0x080024fd   Thumb Code    80  usbd_conf.o(.text.HAL_PCD_MspInit)
    HAL_PCD_ResetCallback                    0x0800254d   Thumb Code    60  usbd_conf.o(.text.HAL_PCD_ResetCallback)
    HAL_PCD_ResumeCallback                   0x08002589   Thumb Code    20  usbd_conf.o(.text.HAL_PCD_ResumeCallback)
    HAL_PCD_SOFCallback                      0x0800259d   Thumb Code    20  usbd_conf.o(.text.HAL_PCD_SOFCallback)
    HAL_PCD_SetAddress                       0x080025b1   Thumb Code    96  stm32f1xx_hal_pcd.o(.text.HAL_PCD_SetAddress)
    HAL_PCD_SetupStageCallback               0x08002611   Thumb Code    30  usbd_conf.o(.text.HAL_PCD_SetupStageCallback)
    HAL_PCD_Start                            0x08002631   Thumb Code    98  stm32f1xx_hal_pcd.o(.text.HAL_PCD_Start)
    HAL_PCD_SuspendCallback                  0x08002695   Thumb Code    48  usbd_conf.o(.text.HAL_PCD_SuspendCallback)
    HAL_RCCEx_PeriphCLKConfig                0x080026c5   Thumb Code   460  stm32f1xx_hal_rcc_ex.o(.text.HAL_RCCEx_PeriphCLKConfig)
    HAL_RCC_ClockConfig                      0x08002891   Thumb Code   600  stm32f1xx_hal_rcc.o(.text.HAL_RCC_ClockConfig)
    HAL_RCC_GetHCLKFreq                      0x08002ae9   Thumb Code    12  stm32f1xx_hal_rcc.o(.text.HAL_RCC_GetHCLKFreq)
    HAL_RCC_GetPCLK1Freq                     0x08002af5   Thumb Code    34  stm32f1xx_hal_rcc.o(.text.HAL_RCC_GetPCLK1Freq)
    HAL_RCC_GetPCLK2Freq                     0x08002b19   Thumb Code    34  stm32f1xx_hal_rcc.o(.text.HAL_RCC_GetPCLK2Freq)
    HAL_RCC_GetSysClockFreq                  0x08002b3d   Thumb Code   232  stm32f1xx_hal_rcc.o(.text.HAL_RCC_GetSysClockFreq)
    HAL_RCC_OscConfig                        0x08002c25   Thumb Code  1674  stm32f1xx_hal_rcc.o(.text.HAL_RCC_OscConfig)
    HAL_SPI_Init                             0x080032b1   Thumb Code   282  stm32f1xx_hal_spi.o(.text.HAL_SPI_Init)
    HAL_SPI_MspInit                          0x080033cd   Thumb Code   152  spi.o(.text.HAL_SPI_MspInit)
    HAL_SPI_Receive                          0x08003465   Thumb Code   912  stm32f1xx_hal_spi.o(.text.HAL_SPI_Receive)
    HAL_SPI_Transmit                         0x080037f5   Thumb Code   740  stm32f1xx_hal_spi.o(.text.HAL_SPI_Transmit)
    HAL_SPI_TransmitReceive                  0x08003ad9   Thumb Code  1188  stm32f1xx_hal_spi.o(.text.HAL_SPI_TransmitReceive)
    HAL_SYSTICK_Config                       0x08003f7d   Thumb Code    16  stm32f1xx_hal_cortex.o(.text.HAL_SYSTICK_Config)
    HAL_UARTEx_RxEventCallback               0x08003f8d   Thumb Code    14  stm32f1xx_hal_uart.o(.text.HAL_UARTEx_RxEventCallback)
    HAL_UART_ErrorCallback                   0x08003f9d   Thumb Code     8  stm32f1xx_hal_uart.o(.text.HAL_UART_ErrorCallback)
    HAL_UART_IRQHandler                      0x08003fa5   Thumb Code   862  stm32f1xx_hal_uart.o(.text.HAL_UART_IRQHandler)
    HAL_UART_Init                            0x08004305   Thumb Code   160  stm32f1xx_hal_uart.o(.text.HAL_UART_Init)
    HAL_UART_MspInit                         0x080043a5   Thumb Code   174  usart.o(.text.HAL_UART_MspInit)
    HAL_UART_RxCpltCallback                  0x08004455   Thumb Code     8  stm32f1xx_hal_uart.o(.text.HAL_UART_RxCpltCallback)
    HAL_UART_Transmit                        0x0800445d   Thumb Code   350  stm32f1xx_hal_uart.o(.text.HAL_UART_Transmit)
    HAL_UART_TxCpltCallback                  0x080045bd   Thumb Code     8  stm32f1xx_hal_uart.o(.text.HAL_UART_TxCpltCallback)
    HardFault_Handler                        0x080045c5   Thumb Code     4  stm32f1xx_it.o(.text.HardFault_Handler)
    MSC_BOT_CplClrFeature                    0x080047e9   Thumb Code    86  usbd_msc_bot.o(.text.MSC_BOT_CplClrFeature)
    MSC_BOT_DataIn                           0x08004841   Thumb Code   106  usbd_msc_bot.o(.text.MSC_BOT_DataIn)
    MSC_BOT_DataOut                          0x080048ad   Thumb Code   102  usbd_msc_bot.o(.text.MSC_BOT_DataOut)
    MSC_BOT_DeInit                           0x08004915   Thumb Code    22  usbd_msc_bot.o(.text.MSC_BOT_DeInit)
    MSC_BOT_Init                             0x0800492d   Thumb Code   112  usbd_msc_bot.o(.text.MSC_BOT_Init)
    MSC_BOT_Reset                            0x0800499d   Thumb Code    46  usbd_msc_bot.o(.text.MSC_BOT_Reset)
    MSC_BOT_SendCSW                          0x080049cd   Thumb Code   116  usbd_msc_bot.o(.text.MSC_BOT_SendCSW)
    MX_GPIO_Init                             0x08004ab5   Thumb Code   156  gpio.o(.text.MX_GPIO_Init)
    MX_SPI2_Init                             0x08004b51   Thumb Code    76  spi.o(.text.MX_SPI2_Init)
    MX_USART1_UART_Init                      0x08004b9d   Thumb Code    60  usart.o(.text.MX_USART1_UART_Init)
    MX_USB_DEVICE_Init                       0x08004bd9   Thumb Code   126  usb_device.o(.text.MX_USB_DEVICE_Init)
    MemManage_Handler                        0x08004c59   Thumb Code     4  stm32f1xx_it.o(.text.MemManage_Handler)
    NMI_Handler                              0x08004c5d   Thumb Code     4  stm32f1xx_it.o(.text.NMI_Handler)
    PendSV_Handler                           0x080052d5   Thumb Code     2  stm32f1xx_it.o(.text.PendSV_Handler)
    SCSI_ProcessCmd                          0x080054dd   Thumb Code   422  usbd_msc_scsi.o(.text.SCSI_ProcessCmd)
    SCSI_SenseCode                           0x08005c75   Thumb Code   104  usbd_msc_scsi.o(.text.SCSI_SenseCode)
    SPI_ISCRCErrorValid                      0x080060c1   Thumb Code    10  stm32f1xx_hal_spi.o(.text.SPI_ISCRCErrorValid)
    SVC_Handler                              0x08006291   Thumb Code     2  stm32f1xx_it.o(.text.SVC_Handler)
    SysTick_Handler                          0x080062e9   Thumb Code     8  stm32f1xx_it.o(.text.SysTick_Handler)
    SystemClock_Config                       0x080062f1   Thumb Code   154  main.o(.text.SystemClock_Config)
    SystemInit                               0x0800638d   Thumb Code     2  system_stm32f1xx.o(.text.SystemInit)
    USART1_IRQHandler                        0x08006771   Thumb Code    16  stm32f1xx_it.o(.text.USART1_IRQHandler)
    USBD_ClrClassConfig                      0x08006781   Thumb Code    44  usbd_core.o(.text.USBD_ClrClassConfig)
    USBD_CtlContinueRx                       0x080067ed   Thumb Code    56  usbd_ioreq.o(.text.USBD_CtlContinueRx)
    USBD_CtlContinueSendData                 0x08006825   Thumb Code    56  usbd_ioreq.o(.text.USBD_CtlContinueSendData)
    USBD_CtlError                            0x0800685d   Thumb Code    34  usbd_ctlreq.o(.text.USBD_CtlError)
    USBD_CtlReceiveStatus                    0x08006881   Thumb Code    38  usbd_ioreq.o(.text.USBD_CtlReceiveStatus)
    USBD_CtlSendData                         0x080068a9   Thumb Code    80  usbd_ioreq.o(.text.USBD_CtlSendData)
    USBD_CtlSendStatus                       0x080068f9   Thumb Code    38  usbd_ioreq.o(.text.USBD_CtlSendStatus)
    USBD_FS_ConfigStrDescriptor              0x08006921   Thumb Code    82  usbd_desc.o(.text.USBD_FS_ConfigStrDescriptor)
    USBD_FS_DeviceDescriptor                 0x08006975   Thumb Code    28  usbd_desc.o(.text.USBD_FS_DeviceDescriptor)
    USBD_FS_InterfaceStrDescriptor           0x08006991   Thumb Code    82  usbd_desc.o(.text.USBD_FS_InterfaceStrDescriptor)
    USBD_FS_LangIDStrDescriptor              0x080069e5   Thumb Code    28  usbd_desc.o(.text.USBD_FS_LangIDStrDescriptor)
    USBD_FS_ManufacturerStrDescriptor        0x08006a01   Thumb Code    56  usbd_desc.o(.text.USBD_FS_ManufacturerStrDescriptor)
    USBD_FS_ProductStrDescriptor             0x08006a39   Thumb Code    82  usbd_desc.o(.text.USBD_FS_ProductStrDescriptor)
    USBD_FS_SerialStrDescriptor              0x08006a8d   Thumb Code    36  usbd_desc.o(.text.USBD_FS_SerialStrDescriptor)
    USBD_GetString                           0x08006edd   Thumb Code   132  usbd_ctlreq.o(.text.USBD_GetString)
    USBD_Init                                0x08006fb5   Thumb Code   108  usbd_core.o(.text.USBD_Init)
    USBD_LL_ClearStallEP                     0x08007021   Thumb Code    62  usbd_conf.o(.text.USBD_LL_ClearStallEP)
    USBD_LL_CloseEP                          0x08007061   Thumb Code    62  usbd_conf.o(.text.USBD_LL_CloseEP)
    USBD_LL_DataInStage                      0x080070a1   Thumb Code   384  usbd_core.o(.text.USBD_LL_DataInStage)
    USBD_LL_DataOutStage                     0x08007221   Thumb Code   270  usbd_core.o(.text.USBD_LL_DataOutStage)
    USBD_LL_FlushEP                          0x08007331   Thumb Code    62  usbd_conf.o(.text.USBD_LL_FlushEP)
    USBD_LL_GetRxDataSize                    0x08007371   Thumb Code    32  usbd_conf.o(.text.USBD_LL_GetRxDataSize)
    USBD_LL_Init                             0x08007391   Thumb Code   164  usbd_conf.o(.text.USBD_LL_Init)
    USBD_LL_IsStallEP                        0x08007435   Thumb Code    94  usbd_conf.o(.text.USBD_LL_IsStallEP)
    USBD_LL_OpenEP                           0x08007495   Thumb Code    90  usbd_conf.o(.text.USBD_LL_OpenEP)
    USBD_LL_PrepareReceive                   0x080074f1   Thumb Code    82  usbd_conf.o(.text.USBD_LL_PrepareReceive)
    USBD_LL_Reset                            0x08007545   Thumb Code   144  usbd_core.o(.text.USBD_LL_Reset)
    USBD_LL_Resume                           0x080075d5   Thumb Code    34  usbd_core.o(.text.USBD_LL_Resume)
    USBD_LL_SOF                              0x080075f9   Thumb Code    52  usbd_core.o(.text.USBD_LL_SOF)
    USBD_LL_SetSpeed                         0x0800762d   Thumb Code    24  usbd_core.o(.text.USBD_LL_SetSpeed)
    USBD_LL_SetUSBAddress                    0x08007645   Thumb Code    62  usbd_conf.o(.text.USBD_LL_SetUSBAddress)
    USBD_LL_SetupStage                       0x08007685   Thumb Code   132  usbd_core.o(.text.USBD_LL_SetupStage)
    USBD_LL_StallEP                          0x08007709   Thumb Code    62  usbd_conf.o(.text.USBD_LL_StallEP)
    USBD_LL_Start                            0x08007749   Thumb Code    50  usbd_conf.o(.text.USBD_LL_Start)
    USBD_LL_Suspend                          0x0800777d   Thumb Code    28  usbd_core.o(.text.USBD_LL_Suspend)
    USBD_LL_Transmit                         0x08007799   Thumb Code    82  usbd_conf.o(.text.USBD_LL_Transmit)
    USBD_MSC_DataIn                          0x080077ed   Thumb Code    30  usbd_msc.o(.text.USBD_MSC_DataIn)
    USBD_MSC_DataOut                         0x0800780d   Thumb Code    30  usbd_msc.o(.text.USBD_MSC_DataOut)
    USBD_MSC_DeInit                          0x0800782d   Thumb Code   100  usbd_msc.o(.text.USBD_MSC_DeInit)
    USBD_MSC_GetDeviceQualifierDescriptor    0x08007891   Thumb Code    22  usbd_msc.o(.text.USBD_MSC_GetDeviceQualifierDescriptor)
    USBD_MSC_GetFSCfgDesc                    0x080078a9   Thumb Code    22  usbd_msc.o(.text.USBD_MSC_GetFSCfgDesc)
    USBD_MSC_GetHSCfgDesc                    0x080078c1   Thumb Code    22  usbd_msc.o(.text.USBD_MSC_GetHSCfgDesc)
    USBD_MSC_GetOtherSpeedCfgDesc            0x080078d9   Thumb Code    22  usbd_msc.o(.text.USBD_MSC_GetOtherSpeedCfgDesc)
    USBD_MSC_Init                            0x080078f1   Thumb Code   184  usbd_msc.o(.text.USBD_MSC_Init)
    USBD_MSC_RegisterStorage                 0x080079a9   Thumb Code    30  usbd_msc.o(.text.USBD_MSC_RegisterStorage)
    USBD_MSC_Setup                           0x080079c9   Thumb Code   624  usbd_msc.o(.text.USBD_MSC_Setup)
    USBD_ParseSetupRequest                   0x08007c39   Thumb Code    68  usbd_ctlreq.o(.text.USBD_ParseSetupRequest)
    USBD_RegisterClass                       0x08007c7d   Thumb Code    52  usbd_core.o(.text.USBD_RegisterClass)
    USBD_RunTestMode                         0x08007cb1   Thumb Code    10  usbd_core.o(.text.USBD_RunTestMode)
    USBD_SetClassConfig                      0x08007d55   Thumb Code    74  usbd_core.o(.text.USBD_SetClassConfig)
    USBD_Start                               0x08007f19   Thumb Code    22  usbd_core.o(.text.USBD_Start)
    USBD_StdDevReq                           0x08007f31   Thumb Code   196  usbd_ctlreq.o(.text.USBD_StdDevReq)
    USBD_StdEPReq                            0x08007ff5   Thumb Code   872  usbd_ctlreq.o(.text.USBD_StdEPReq)
    USBD_StdItfReq                           0x0800835d   Thumb Code   164  usbd_ctlreq.o(.text.USBD_StdItfReq)
    USBD_static_free                         0x08008401   Thumb Code     8  usbd_conf.o(.text.USBD_static_free)
    USBD_static_malloc                       0x08008409   Thumb Code    16  usbd_conf.o(.text.USBD_static_malloc)
    USB_ActivateEndpoint                     0x08008419   Thumb Code  1560  stm32f1xx_ll_usb.o(.text.USB_ActivateEndpoint)
    USB_CoreInit                             0x08008a31   Thumb Code    56  stm32f1xx_ll_usb.o(.text.USB_CoreInit)
    USB_DeactivateEndpoint                   0x08008a69   Thumb Code   866  stm32f1xx_ll_usb.o(.text.USB_DeactivateEndpoint)
    USB_DevConnect                           0x08008dcd   Thumb Code    10  stm32f1xx_ll_usb.o(.text.USB_DevConnect)
    USB_DevDisconnect                        0x08008dd9   Thumb Code    10  stm32f1xx_ll_usb.o(.text.USB_DevDisconnect)
    USB_DevInit                              0x08008de5   Thumb Code    84  stm32f1xx_ll_usb.o(.text.USB_DevInit)
    USB_DisableGlobalInt                     0x08008e39   Thumb Code    32  stm32f1xx_ll_usb.o(.text.USB_DisableGlobalInt)
    USB_EP0_OutStart                         0x08008e59   Thumb Code    12  stm32f1xx_ll_usb.o(.text.USB_EP0_OutStart)
    USB_EPClearStall                         0x08008e65   Thumb Code   328  stm32f1xx_ll_usb.o(.text.USB_EPClearStall)
    USB_EPSetStall                           0x08008fad   Thumb Code   138  stm32f1xx_ll_usb.o(.text.USB_EPSetStall)
    USB_EPStartXfer                          0x08009039   Thumb Code  4306  stm32f1xx_ll_usb.o(.text.USB_EPStartXfer)
    USB_EnableGlobalInt                      0x0800a10d   Thumb Code    32  stm32f1xx_ll_usb.o(.text.USB_EnableGlobalInt)
    USB_FlushRxFifo                          0x0800a12d   Thumb Code    10  stm32f1xx_ll_usb.o(.text.USB_FlushRxFifo)
    USB_FlushTxFifo                          0x0800a139   Thumb Code    12  stm32f1xx_ll_usb.o(.text.USB_FlushTxFifo)
    USB_LP_CAN1_RX0_IRQHandler               0x0800a145   Thumb Code    16  stm32f1xx_it.o(.text.USB_LP_CAN1_RX0_IRQHandler)
    USB_ReadInterrupts                       0x0800a155   Thumb Code    18  stm32f1xx_ll_usb.o(.text.USB_ReadInterrupts)
    USB_ReadPMA                              0x0800a169   Thumb Code   150  stm32f1xx_ll_usb.o(.text.USB_ReadPMA)
    USB_SetCurrentMode                       0x0800a201   Thumb Code    16  stm32f1xx_ll_usb.o(.text.USB_SetCurrentMode)
    USB_SetDevAddress                        0x0800a211   Thumb Code    36  stm32f1xx_ll_usb.o(.text.USB_SetDevAddress)
    USB_WritePMA                             0x0800a235   Thumb Code   132  stm32f1xx_ll_usb.o(.text.USB_WritePMA)
    UsageFault_Handler                       0x0800a2b9   Thumb Code     4  stm32f1xx_it.o(.text.UsageFault_Handler)
    W25QXX_Erase_Sector                      0x0800a2bd   Thumb Code   140  w25qx.o(.text.W25QXX_Erase_Sector)
    W25QXX_Read                              0x0800a349   Thumb Code   174  w25qx.o(.text.W25QXX_Read)
    W25QXX_ReadID                            0x0800a3f9   Thumb Code   148  w25qx.o(.text.W25QXX_ReadID)
    W25QXX_ReadSR                            0x0800a48d   Thumb Code   144  w25qx.o(.text.W25QXX_ReadSR)
    W25QXX_Wait_Busy                         0x0800a51d   Thumb Code    22  w25qx.o(.text.W25QXX_Wait_Busy)
    W25QXX_Write                             0x0800a535   Thumb Code   356  w25qx.o(.text.W25QXX_Write)
    W25QXX_Write_Enable                      0x0800a699   Thumb Code    50  w25qx.o(.text.W25QXX_Write_Enable)
    W25QXX_Write_NoCheck                     0x0800a6cd   Thumb Code   154  w25qx.o(.text.W25QXX_Write_NoCheck)
    W25QXX_Write_Page                        0x0800a769   Thumb Code   180  w25qx.o(.text.W25QXX_Write_Page)
    fputc                                    0x0800a8e1   Thumb Code    44  main.o(.text.fputc)
    main                                     0x0800a90d   Thumb Code   346  main.o(.text.main)
    __0printf                                0x0800aa69   Thumb Code    22  printfa.o(i.__0printf)
    __1printf                                0x0800aa69   Thumb Code     0  printfa.o(i.__0printf)
    __2printf                                0x0800aa69   Thumb Code     0  printfa.o(i.__0printf)
    __c89printf                              0x0800aa69   Thumb Code     0  printfa.o(i.__0printf)
    printf                                   0x0800aa69   Thumb Code     0  printfa.o(i.__0printf)
    __scatterload_copy                       0x0800aa89   Thumb Code    14  handlers.o(i.__scatterload_copy)
    __scatterload_null                       0x0800aa97   Thumb Code     2  handlers.o(i.__scatterload_null)
    __scatterload_zeroinit                   0x0800aa99   Thumb Code    14  handlers.o(i.__scatterload_zeroinit)
    AHBPrescTable                            0x0800b35a   Data          16  system_stm32f1xx.o(.rodata.AHBPrescTable)
    APBPrescTable                            0x0800b36a   Data           8  system_stm32f1xx.o(.rodata.APBPrescTable)
    MSC_Mode_Sense10_data                    0x0800b372   Data           8  usbd_msc_data.o(.rodata.MSC_Mode_Sense10_data)
    MSC_Mode_Sense6_data                     0x0800b37a   Data           8  usbd_msc_data.o(.rodata.MSC_Mode_Sense6_data)
    MSC_Page00_Inquiry_Data                  0x0800b382   Data           7  usbd_msc_data.o(.rodata.MSC_Page00_Inquiry_Data)
    STORAGE_Inquirydata_FS                   0x0800b389   Data          36  usbd_storage_if.o(.rodata.STORAGE_Inquirydata_FS)
    gImage_1                                 0x0800b3ad   Data       115200  1.o(.rodata.gImage_1)
    Region$$Table$$Base                      0x08027678   Number         0  anon$$obj.o(Region$$Table)
    Region$$Table$$Limit                     0x08027698   Number         0  anon$$obj.o(Region$$Table)
    __stdout                                 0x20000000   Data           4  stdout.o(.data)
    FS_Desc                                  0x20000004   Data          28  usbd_desc.o(.data.FS_Desc)
    SystemCoreClock                          0x20000020   Data           4  system_stm32f1xx.o(.data.SystemCoreClock)
    USBD_FS_DeviceDesc                       0x20000024   Data          18  usbd_desc.o(.data.USBD_FS_DeviceDesc)
    USBD_LangIDDesc                          0x20000038   Data           4  usbd_desc.o(.data.USBD_LangIDDesc)
    USBD_MSC                                 0x2000003c   Data          56  usbd_msc.o(.data.USBD_MSC)
    USBD_MSC_CfgFSDesc                       0x20000074   Data          32  usbd_msc.o(.data.USBD_MSC_CfgFSDesc)
    USBD_MSC_CfgHSDesc                       0x20000094   Data          32  usbd_msc.o(.data.USBD_MSC_CfgHSDesc)
    USBD_MSC_DeviceQualifierDesc             0x200000b4   Data          10  usbd_msc.o(.data.USBD_MSC_DeviceQualifierDesc)
    USBD_MSC_OtherSpeedCfgDesc               0x200000c0   Data          32  usbd_msc.o(.data.USBD_MSC_OtherSpeedCfgDesc)
    USBD_Storage_Interface_fops_FS           0x200000e0   Data          32  usbd_storage_if.o(.data.USBD_Storage_Interface_fops_FS)
    USBD_StringSerial                        0x20000100   Data          26  usbd_desc.o(.data.USBD_StringSerial)
    image                                    0x2000011c   Data           4  main.o(.data.image)
    uwTickFreq                               0x20000120   Data           1  stm32f1xx_hal.o(.data.uwTickFreq)
    uwTickPrio                               0x20000124   Data           4  stm32f1xx_hal.o(.data.uwTickPrio)
    ID16                                     0x20000128   Data           2  main.o(.bss.ID16)
    USBD_StrDesc                             0x2000012c   Data         512  usbd_desc.o(.bss.USBD_StrDesc)
    W25QXX_BUFFER                            0x2000139c   Data        4096  w25qx.o(.bss.W25QXX_BUFFER)
    W25QXX_TYPE                              0x2000239c   Data           2  w25qx.o(.bss.W25QXX_TYPE)
    hUsbDeviceFS                             0x200023a0   Data         708  usb_device.o(.bss.hUsbDeviceFS)
    hpcd_USB_FS                              0x20002664   Data         748  usbd_conf.o(.bss.hpcd_USB_FS)
    hspi2                                    0x20002950   Data          88  spi.o(.bss.hspi2)
    huart1                                   0x200029a8   Data          68  usart.o(.bss.huart1)
    i                                        0x200029ec   Data           4  main.o(.bss.i)
    uwTick                                   0x200029f0   Data           4  stm32f1xx_hal.o(.bss.uwTick)
    write_addr                               0x200029f4   Data           2  main.o(.bss.write_addr)
    __initial_sp                             0x20002df8   Data           0  startup_stm32f103xe.o(STACK)



==============================================================================

Memory Map of the image

  Image Entry point : 0x08000131

  Load Region LR_IROM1 (Base: 0x08000000, Size: 0x000277c0, Max: 0x00080000, ABSOLUTE)

    Execution Region ER_IROM1 (Exec base: 0x08000000, Load base: 0x08000000, Size: 0x00027698, Max: 0x00080000, ABSOLUTE)

    Exec Addr    Load Addr    Size         Type   Attr      Idx    E Section Name        Object

    0x08000000   0x08000000   0x00000130   Data   RO            3    RESET               startup_stm32f103xe.o
    0x08000130   0x08000130   0x00000000   Code   RO         1351  * .ARM.Collect$$$$00000000  mc_w.l(entry.o)
    0x08000130   0x08000130   0x00000004   Code   RO         1384    .ARM.Collect$$$$00000001  mc_w.l(entry2.o)
    0x08000134   0x08000134   0x00000004   Code   RO         1387    .ARM.Collect$$$$00000004  mc_w.l(entry5.o)
    0x08000138   0x08000138   0x00000000   Code   RO         1389    .ARM.Collect$$$$00000008  mc_w.l(entry7b.o)
    0x08000138   0x08000138   0x00000000   Code   RO         1391    .ARM.Collect$$$$0000000A  mc_w.l(entry8b.o)
    0x08000138   0x08000138   0x00000008   Code   RO         1392    .ARM.Collect$$$$0000000B  mc_w.l(entry9a.o)
    0x08000140   0x08000140   0x00000000   Code   RO         1394    .ARM.Collect$$$$0000000D  mc_w.l(entry10a.o)
    0x08000140   0x08000140   0x00000000   Code   RO         1396    .ARM.Collect$$$$0000000F  mc_w.l(entry11a.o)
    0x08000140   0x08000140   0x00000004   Code   RO         1385    .ARM.Collect$$$$00002712  mc_w.l(entry2.o)
    0x08000144   0x08000144   0x00000024   Code   RO            4    .text               startup_stm32f103xe.o
    0x08000168   0x08000168   0x00000024   Code   RO         1354    .text               mc_w.l(memseta.o)
    0x0800018c   0x0800018c   0x0000002c   Code   RO         1399    .text               mc_w.l(uidiv.o)
    0x080001b8   0x080001b8   0x00000062   Code   RO         1401    .text               mc_w.l(uldiv.o)
    0x0800021a   0x0800021a   0x00000000   Code   RO         1403    .text               mc_w.l(iusefp.o)
    0x0800021a   0x0800021a   0x0000014e   Code   RO         1404    .text               mf_w.l(dadd.o)
    0x08000368   0x08000368   0x000000e4   Code   RO         1406    .text               mf_w.l(dmul.o)
    0x0800044c   0x0800044c   0x000000de   Code   RO         1408    .text               mf_w.l(ddiv.o)
    0x0800052a   0x0800052a   0x00000030   Code   RO         1410    .text               mf_w.l(dfixul.o)
    0x0800055a   0x0800055a   0x00000002   PAD
    0x0800055c   0x0800055c   0x00000030   Code   RO         1412    .text               mf_w.l(cdrcmple.o)
    0x0800058c   0x0800058c   0x00000024   Code   RO         1414    .text               mc_w.l(init.o)
    0x080005b0   0x080005b0   0x0000001e   Code   RO         1416    .text               mc_w.l(llshl.o)
    0x080005ce   0x080005ce   0x00000020   Code   RO         1418    .text               mc_w.l(llushr.o)
    0x080005ee   0x080005ee   0x00000024   Code   RO         1420    .text               mc_w.l(llsshr.o)
    0x08000612   0x08000612   0x000000ba   Code   RO         1422    .text               mf_w.l(depilogue.o)
    0x080006cc   0x080006cc   0x00000080   Code   RO          952    .text.BSP_W25Qx_GetStatus  w25qx.o
    0x0800074c   0x0800074c   0x0000000c   Code   RO          948    .text.BSP_W25Qx_Init  w25qx.o
    0x08000758   0x08000758   0x0000004a   Code   RO          950    .text.BSP_W25Qx_Reset  w25qx.o
    0x080007a2   0x080007a2   0x00000002   PAD
    0x080007a4   0x080007a4   0x00000004   Code   RO           80    .text.BusFault_Handler  stm32f1xx_it.o
    0x080007a8   0x080007a8   0x00000002   Code   RO           86    .text.DebugMon_Handler  stm32f1xx_it.o
    0x080007aa   0x080007aa   0x00000002   PAD
    0x080007ac   0x080007ac   0x0000000e   Code   RO           17    .text.Error_Handler  main.o
    0x080007ba   0x080007ba   0x00000002   PAD
    0x080007bc   0x080007bc   0x00000062   Code   RO         1012    .text.Get_SerialNum  usbd_desc.o
    0x0800081e   0x0800081e   0x00000002   PAD
    0x08000820   0x08000820   0x0000007e   Code   RO          436    .text.HAL_DMA_Abort  stm32f1xx_hal_dma.o
    0x0800089e   0x0800089e   0x00000002   PAD
    0x080008a0   0x080008a0   0x0000031a   Code   RO          438    .text.HAL_DMA_Abort_IT  stm32f1xx_hal_dma.o
    0x08000bba   0x08000bba   0x00000002   PAD
    0x08000bbc   0x08000bbc   0x00000044   Code   RO          305    .text.HAL_Delay     stm32f1xx_hal.o
    0x08000c00   0x08000c00   0x00000366   Code   RO          402    .text.HAL_GPIO_Init  stm32f1xx_hal_gpio.o
    0x08000f66   0x08000f66   0x00000002   PAD
    0x08000f68   0x08000f68   0x00000034   Code   RO          408    .text.HAL_GPIO_WritePin  stm32f1xx_hal_gpio.o
    0x08000f9c   0x08000f9c   0x0000000c   Code   RO          297    .text.HAL_GetTick   stm32f1xx_hal.o
    0x08000fa8   0x08000fa8   0x0000001a   Code   RO          295    .text.HAL_IncTick   stm32f1xx_hal.o
    0x08000fc2   0x08000fc2   0x00000002   PAD
    0x08000fc4   0x08000fc4   0x0000002c   Code   RO          285    .text.HAL_Init      stm32f1xx_hal.o
    0x08000ff0   0x08000ff0   0x00000072   Code   RO          287    .text.HAL_InitTick  stm32f1xx_hal.o
    0x08001062   0x08001062   0x00000002   PAD
    0x08001064   0x08001064   0x00000064   Code   RO          104    .text.HAL_MspInit   stm32f1xx_hal_msp.o
    0x080010c8   0x080010c8   0x00000018   Code   RO          472    .text.HAL_NVIC_EnableIRQ  stm32f1xx_hal_cortex.o
    0x080010e0   0x080010e0   0x00000040   Code   RO          464    .text.HAL_NVIC_SetPriority  stm32f1xx_hal_cortex.o
    0x08001120   0x08001120   0x00000010   Code   RO          460    .text.HAL_NVIC_SetPriorityGrouping  stm32f1xx_hal_cortex.o
    0x08001130   0x08001130   0x00000082   Code   RO          207    .text.HAL_PCDEx_PMAConfig  stm32f1xx_hal_pcd_ex.o
    0x080011b2   0x080011b2   0x00000002   PAD
    0x080011b4   0x080011b4   0x0000001c   Code   RO         1116    .text.HAL_PCDEx_SetConnectionState  usbd_conf.o
    0x080011d0   0x080011d0   0x00000034   Code   RO         1062    .text.HAL_PCD_DataInStageCallback  usbd_conf.o
    0x08001204   0x08001204   0x00000036   Code   RO         1060    .text.HAL_PCD_DataOutStageCallback  usbd_conf.o
    0x0800123a   0x0800123a   0x00000002   PAD
    0x0800123c   0x0800123c   0x000000aa   Code   RO          175    .text.HAL_PCD_EP_Close  stm32f1xx_hal_pcd.o
    0x080012e6   0x080012e6   0x00000002   PAD
    0x080012e8   0x080012e8   0x000000ca   Code   RO          185    .text.HAL_PCD_EP_ClrStall  stm32f1xx_hal_pcd.o
    0x080013b2   0x080013b2   0x00000002   PAD
    0x080013b4   0x080013b4   0x00000212   Code   RO          195    .text.HAL_PCD_EP_DB_Receive  stm32f1xx_hal_pcd.o
    0x080015c6   0x080015c6   0x00000002   PAD
    0x080015c8   0x080015c8   0x00000766   Code   RO          197    .text.HAL_PCD_EP_DB_Transmit  stm32f1xx_hal_pcd.o
    0x08001d2e   0x08001d2e   0x00000002   PAD
    0x08001d30   0x08001d30   0x00000072   Code   RO          187    .text.HAL_PCD_EP_Flush  stm32f1xx_hal_pcd.o
    0x08001da2   0x08001da2   0x00000002   PAD
    0x08001da4   0x08001da4   0x00000024   Code   RO          179    .text.HAL_PCD_EP_GetRxCount  stm32f1xx_hal_pcd.o
    0x08001dc8   0x08001dc8   0x000000f2   Code   RO          173    .text.HAL_PCD_EP_Open  stm32f1xx_hal_pcd.o
    0x08001eba   0x08001eba   0x00000002   PAD
    0x08001ebc   0x08001ebc   0x00000074   Code   RO          177    .text.HAL_PCD_EP_Receive  stm32f1xx_hal_pcd.o
    0x08001f30   0x08001f30   0x000000e6   Code   RO          183    .text.HAL_PCD_EP_SetStall  stm32f1xx_hal_pcd.o
    0x08002016   0x08002016   0x00000002   PAD
    0x08002018   0x08002018   0x00000080   Code   RO          181    .text.HAL_PCD_EP_Transmit  stm32f1xx_hal_pcd.o
    0x08002098   0x08002098   0x0000021c   Code   RO          139    .text.HAL_PCD_IRQHandler  stm32f1xx_hal_pcd.o
    0x080022b4   0x080022b4   0x00000246   Code   RO          127    .text.HAL_PCD_Init  stm32f1xx_hal_pcd.o
    0x080024fa   0x080024fa   0x00000002   PAD
    0x080024fc   0x080024fc   0x00000050   Code   RO         1054    .text.HAL_PCD_MspInit  usbd_conf.o
    0x0800254c   0x0800254c   0x0000003c   Code   RO         1066    .text.HAL_PCD_ResetCallback  usbd_conf.o
    0x08002588   0x08002588   0x00000014   Code   RO         1070    .text.HAL_PCD_ResumeCallback  usbd_conf.o
    0x0800259c   0x0800259c   0x00000014   Code   RO         1064    .text.HAL_PCD_SOFCallback  usbd_conf.o
    0x080025b0   0x080025b0   0x00000060   Code   RO          145    .text.HAL_PCD_SetAddress  stm32f1xx_hal_pcd.o
    0x08002610   0x08002610   0x0000001e   Code   RO         1058    .text.HAL_PCD_SetupStageCallback  usbd_conf.o
    0x0800262e   0x0800262e   0x00000002   PAD
    0x08002630   0x08002630   0x00000062   Code   RO          135    .text.HAL_PCD_Start  stm32f1xx_hal_pcd.o
    0x08002692   0x08002692   0x00000002   PAD
    0x08002694   0x08002694   0x00000030   Code   RO         1068    .text.HAL_PCD_SuspendCallback  usbd_conf.o
    0x080026c4   0x080026c4   0x000001cc   Code   RO          386    .text.HAL_RCCEx_PeriphCLKConfig  stm32f1xx_hal_rcc_ex.o
    0x08002890   0x08002890   0x00000258   Code   RO          352    .text.HAL_RCC_ClockConfig  stm32f1xx_hal_rcc.o
    0x08002ae8   0x08002ae8   0x0000000c   Code   RO          362    .text.HAL_RCC_GetHCLKFreq  stm32f1xx_hal_rcc.o
    0x08002af4   0x08002af4   0x00000022   Code   RO          364    .text.HAL_RCC_GetPCLK1Freq  stm32f1xx_hal_rcc.o
    0x08002b16   0x08002b16   0x00000002   PAD
    0x08002b18   0x08002b18   0x00000022   Code   RO          366    .text.HAL_RCC_GetPCLK2Freq  stm32f1xx_hal_rcc.o
    0x08002b3a   0x08002b3a   0x00000002   PAD
    0x08002b3c   0x08002b3c   0x000000e8   Code   RO          354    .text.HAL_RCC_GetSysClockFreq  stm32f1xx_hal_rcc.o
    0x08002c24   0x08002c24   0x0000068a   Code   RO          348    .text.HAL_RCC_OscConfig  stm32f1xx_hal_rcc.o
    0x080032ae   0x080032ae   0x00000002   PAD
    0x080032b0   0x080032b0   0x0000011a   Code   RO          673    .text.HAL_SPI_Init  stm32f1xx_hal_spi.o
    0x080033ca   0x080033ca   0x00000002   PAD
    0x080033cc   0x080033cc   0x00000098   Code   RO           46    .text.HAL_SPI_MspInit  spi.o
    0x08003464   0x08003464   0x00000390   Code   RO          685    .text.HAL_SPI_Receive  stm32f1xx_hal_spi.o
    0x080037f4   0x080037f4   0x000002e4   Code   RO          681    .text.HAL_SPI_Transmit  stm32f1xx_hal_spi.o
    0x08003ad8   0x08003ad8   0x000004a4   Code   RO          687    .text.HAL_SPI_TransmitReceive  stm32f1xx_hal_spi.o
    0x08003f7c   0x08003f7c   0x00000010   Code   RO          484    .text.HAL_SYSTICK_Config  stm32f1xx_hal_cortex.o
    0x08003f8c   0x08003f8c   0x0000000e   Code   RO          893    .text.HAL_UARTEx_RxEventCallback  stm32f1xx_hal_uart.o
    0x08003f9a   0x08003f9a   0x00000002   PAD
    0x08003f9c   0x08003f9c   0x00000008   Code   RO          891    .text.HAL_UART_ErrorCallback  stm32f1xx_hal_uart.o
    0x08003fa4   0x08003fa4   0x0000035e   Code   RO          885    .text.HAL_UART_IRQHandler  stm32f1xx_hal_uart.o
    0x08004302   0x08004302   0x00000002   PAD
    0x08004304   0x08004304   0x000000a0   Code   RO          803    .text.HAL_UART_Init  stm32f1xx_hal_uart.o
    0x080043a4   0x080043a4   0x000000ae   Code   RO           61    .text.HAL_UART_MspInit  usart.o
    0x08004452   0x08004452   0x00000002   PAD
    0x08004454   0x08004454   0x00000008   Code   RO          903    .text.HAL_UART_RxCpltCallback  stm32f1xx_hal_uart.o
    0x0800445c   0x0800445c   0x0000015e   Code   RO          819    .text.HAL_UART_Transmit  stm32f1xx_hal_uart.o
    0x080045ba   0x080045ba   0x00000002   PAD
    0x080045bc   0x080045bc   0x00000008   Code   RO          899    .text.HAL_UART_TxCpltCallback  stm32f1xx_hal_uart.o
    0x080045c4   0x080045c4   0x00000004   Code   RO           76    .text.HardFault_Handler  stm32f1xx_it.o
    0x080045c8   0x080045c8   0x00000078   Code   RO         1014    .text.IntToUnicode  usbd_desc.o
    0x08004640   0x08004640   0x00000068   Code   RO         1284    .text.MSC_BOT_Abort  usbd_msc_bot.o
    0x080046a8   0x080046a8   0x00000140   Code   RO         1280    .text.MSC_BOT_CBW_Decode  usbd_msc_bot.o
    0x080047e8   0x080047e8   0x00000056   Code   RO         1282    .text.MSC_BOT_CplClrFeature  usbd_msc_bot.o
    0x0800483e   0x0800483e   0x00000002   PAD
    0x08004840   0x08004840   0x0000006a   Code   RO         1274    .text.MSC_BOT_DataIn  usbd_msc_bot.o
    0x080048aa   0x080048aa   0x00000002   PAD
    0x080048ac   0x080048ac   0x00000066   Code   RO         1278    .text.MSC_BOT_DataOut  usbd_msc_bot.o
    0x08004912   0x08004912   0x00000002   PAD
    0x08004914   0x08004914   0x00000016   Code   RO         1272    .text.MSC_BOT_DeInit  usbd_msc_bot.o
    0x0800492a   0x0800492a   0x00000002   PAD
    0x0800492c   0x0800492c   0x00000070   Code   RO         1268    .text.MSC_BOT_Init  usbd_msc_bot.o
    0x0800499c   0x0800499c   0x0000002e   Code   RO         1270    .text.MSC_BOT_Reset  usbd_msc_bot.o
    0x080049ca   0x080049ca   0x00000002   PAD
    0x080049cc   0x080049cc   0x00000074   Code   RO         1276    .text.MSC_BOT_SendCSW  usbd_msc_bot.o
    0x08004a40   0x08004a40   0x00000074   Code   RO         1286    .text.MSC_BOT_SendData  usbd_msc_bot.o
    0x08004ab4   0x08004ab4   0x0000009c   Code   RO           35    .text.MX_GPIO_Init  gpio.o
    0x08004b50   0x08004b50   0x0000004c   Code   RO           44    .text.MX_SPI2_Init  spi.o
    0x08004b9c   0x08004b9c   0x0000003c   Code   RO           59    .text.MX_USART1_UART_Init  usart.o
    0x08004bd8   0x08004bd8   0x0000007e   Code   RO          988    .text.MX_USB_DEVICE_Init  usb_device.o
    0x08004c56   0x08004c56   0x00000002   PAD
    0x08004c58   0x08004c58   0x00000004   Code   RO           78    .text.MemManage_Handler  stm32f1xx_it.o
    0x08004c5c   0x08004c5c   0x00000004   Code   RO           74    .text.NMI_Handler   stm32f1xx_it.o
    0x08004c60   0x08004c60   0x0000006e   Code   RO          470    .text.NVIC_EncodePriority  stm32f1xx_hal_cortex.o
    0x08004cce   0x08004cce   0x00000002   PAD
    0x08004cd0   0x08004cd0   0x00000602   Code   RO          141    .text.PCD_EP_ISR_Handler  stm32f1xx_hal_pcd.o
    0x080052d2   0x080052d2   0x00000002   PAD
    0x080052d4   0x080052d4   0x00000002   Code   RO           88    .text.PendSV_Handler  stm32f1xx_it.o
    0x080052d6   0x080052d6   0x00000002   PAD
    0x080052d8   0x080052d8   0x0000003a   Code   RO          350    .text.RCC_Delay     stm32f1xx_hal_rcc.o
    0x08005312   0x08005312   0x00000002   PAD
    0x08005314   0x08005314   0x00000052   Code   RO         1331    .text.SCSI_CheckAddressRange  usbd_msc_scsi.o
    0x08005366   0x08005366   0x00000002   PAD
    0x08005368   0x08005368   0x000000ca   Code   RO         1311    .text.SCSI_Inquiry  usbd_msc_scsi.o
    0x08005432   0x08005432   0x00000002   PAD
    0x08005434   0x08005434   0x00000054   Code   RO         1317    .text.SCSI_ModeSense10  usbd_msc_scsi.o
    0x08005488   0x08005488   0x00000054   Code   RO         1315    .text.SCSI_ModeSense6  usbd_msc_scsi.o
    0x080054dc   0x080054dc   0x000001a6   Code   RO         1305    .text.SCSI_ProcessCmd  usbd_msc_scsi.o
    0x08005682   0x08005682   0x00000002   PAD
    0x08005684   0x08005684   0x0000011c   Code   RO         1333    .text.SCSI_ProcessRead  usbd_msc_scsi.o
    0x080057a0   0x080057a0   0x00000150   Code   RO         1335    .text.SCSI_ProcessWrite  usbd_msc_scsi.o
    0x080058f0   0x080058f0   0x00000122   Code   RO         1323    .text.SCSI_Read10   usbd_msc_scsi.o
    0x08005a12   0x08005a12   0x00000002   PAD
    0x08005a14   0x08005a14   0x000000b4   Code   RO         1321    .text.SCSI_ReadCapacity10  usbd_msc_scsi.o
    0x08005ac8   0x08005ac8   0x000000d8   Code   RO         1319    .text.SCSI_ReadFormatCapacity  usbd_msc_scsi.o
    0x08005ba0   0x08005ba0   0x000000d4   Code   RO         1309    .text.SCSI_RequestSense  usbd_msc_scsi.o
    0x08005c74   0x08005c74   0x00000068   Code   RO         1329    .text.SCSI_SenseCode  usbd_msc_scsi.o
    0x08005cdc   0x08005cdc   0x00000020   Code   RO         1313    .text.SCSI_StartStopUnit  usbd_msc_scsi.o
    0x08005cfc   0x08005cfc   0x00000088   Code   RO         1307    .text.SCSI_TestUnitReady  usbd_msc_scsi.o
    0x08005d84   0x08005d84   0x0000007c   Code   RO         1327    .text.SCSI_Verify10  usbd_msc_scsi.o
    0x08005e00   0x08005e00   0x00000184   Code   RO         1325    .text.SCSI_Write10  usbd_msc_scsi.o
    0x08005f84   0x08005f84   0x0000003a   Code   RO          956    .text.SPI1_ReadWriteByte  w25qx.o
    0x08005fbe   0x08005fbe   0x00000002   PAD
    0x08005fc0   0x08005fc0   0x000000bc   Code   RO          691    .text.SPI_EndRxTransaction  stm32f1xx_hal_spi.o
    0x0800607c   0x0800607c   0x00000044   Code   RO          683    .text.SPI_EndRxTxTransaction  stm32f1xx_hal_spi.o
    0x080060c0   0x080060c0   0x0000000a   Code   RO          693    .text.SPI_ISCRCErrorValid  stm32f1xx_hal_spi.o
    0x080060ca   0x080060ca   0x00000002   PAD
    0x080060cc   0x080060cc   0x00000134   Code   RO          689    .text.SPI_WaitFlagStateUntilTimeout  stm32f1xx_hal_spi.o
    0x08006200   0x08006200   0x00000022   Code   RO         1032    .text.STORAGE_GetCapacity_FS  usbd_storage_if.o
    0x08006222   0x08006222   0x00000002   PAD
    0x08006224   0x08006224   0x00000004   Code   RO         1042    .text.STORAGE_GetMaxLun_FS  usbd_storage_if.o
    0x08006228   0x08006228   0x0000000e   Code   RO         1030    .text.STORAGE_Init_FS  usbd_storage_if.o
    0x08006236   0x08006236   0x00000002   PAD
    0x08006238   0x08006238   0x0000000e   Code   RO         1034    .text.STORAGE_IsReady_FS  usbd_storage_if.o
    0x08006246   0x08006246   0x00000002   PAD
    0x08006248   0x08006248   0x0000000e   Code   RO         1036    .text.STORAGE_IsWriteProtected_FS  usbd_storage_if.o
    0x08006256   0x08006256   0x00000002   PAD
    0x08006258   0x08006258   0x0000001a   Code   RO         1038    .text.STORAGE_Read_FS  usbd_storage_if.o
    0x08006272   0x08006272   0x00000002   PAD
    0x08006274   0x08006274   0x0000001a   Code   RO         1040    .text.STORAGE_Write_FS  usbd_storage_if.o
    0x0800628e   0x0800628e   0x00000002   PAD
    0x08006290   0x08006290   0x00000002   Code   RO           84    .text.SVC_Handler   stm32f1xx_it.o
    0x08006292   0x08006292   0x00000002   PAD
    0x08006294   0x08006294   0x00000052   Code   RO          486    .text.SysTick_Config  stm32f1xx_hal_cortex.o
    0x080062e6   0x080062e6   0x00000002   PAD
    0x080062e8   0x080062e8   0x00000008   Code   RO           90    .text.SysTick_Handler  stm32f1xx_it.o
    0x080062f0   0x080062f0   0x0000009a   Code   RO           15    .text.SystemClock_Config  main.o
    0x0800638a   0x0800638a   0x00000002   PAD
    0x0800638c   0x0800638c   0x00000002   Code   RO          933    .text.SystemInit    system_stm32f1xx.o
    0x0800638e   0x0800638e   0x00000002   PAD
    0x08006390   0x08006390   0x00000020   Code   RO          889    .text.UART_DMAAbortOnError  stm32f1xx_hal_uart.o
    0x080063b0   0x080063b0   0x00000046   Code   RO          851    .text.UART_EndRxTransfer  stm32f1xx_hal_uart.o
    0x080063f6   0x080063f6   0x00000002   PAD
    0x080063f8   0x080063f8   0x00000026   Code   RO          897    .text.UART_EndTransmit_IT  stm32f1xx_hal_uart.o
    0x0800641e   0x0800641e   0x00000002   PAD
    0x08006420   0x08006420   0x00000150   Code   RO          887    .text.UART_Receive_IT  stm32f1xx_hal_uart.o
    0x08006570   0x08006570   0x000000c2   Code   RO          807    .text.UART_SetConfig  stm32f1xx_hal_uart.o
    0x08006632   0x08006632   0x00000002   PAD
    0x08006634   0x08006634   0x00000098   Code   RO          895    .text.UART_Transmit_IT  stm32f1xx_hal_uart.o
    0x080066cc   0x080066cc   0x000000a2   Code   RO          821    .text.UART_WaitOnFlagUntilTimeout  stm32f1xx_hal_uart.o
    0x0800676e   0x0800676e   0x00000002   PAD
    0x08006770   0x08006770   0x00000010   Code   RO           94    .text.USART1_IRQHandler  stm32f1xx_it.o
    0x08006780   0x08006780   0x0000002c   Code   RO         1142    .text.USBD_ClrClassConfig  usbd_core.o
    0x080067ac   0x080067ac   0x00000040   Code   RO         1190    .text.USBD_ClrFeature  usbd_ctlreq.o
    0x080067ec   0x080067ec   0x00000038   Code   RO         1219    .text.USBD_CtlContinueRx  usbd_ioreq.o
    0x08006824   0x08006824   0x00000038   Code   RO         1215    .text.USBD_CtlContinueSendData  usbd_ioreq.o
    0x0800685c   0x0800685c   0x00000022   Code   RO         1192    .text.USBD_CtlError  usbd_ctlreq.o
    0x0800687e   0x0800687e   0x00000002   PAD
    0x08006880   0x08006880   0x00000026   Code   RO         1223    .text.USBD_CtlReceiveStatus  usbd_ioreq.o
    0x080068a6   0x080068a6   0x00000002   PAD
    0x080068a8   0x080068a8   0x00000050   Code   RO         1213    .text.USBD_CtlSendData  usbd_ioreq.o
    0x080068f8   0x080068f8   0x00000026   Code   RO         1221    .text.USBD_CtlSendStatus  usbd_ioreq.o
    0x0800691e   0x0800691e   0x00000002   PAD
    0x08006920   0x08006920   0x00000052   Code   RO         1008    .text.USBD_FS_ConfigStrDescriptor  usbd_desc.o
    0x08006972   0x08006972   0x00000002   PAD
    0x08006974   0x08006974   0x0000001c   Code   RO          998    .text.USBD_FS_DeviceDescriptor  usbd_desc.o
    0x08006990   0x08006990   0x00000052   Code   RO         1010    .text.USBD_FS_InterfaceStrDescriptor  usbd_desc.o
    0x080069e2   0x080069e2   0x00000002   PAD
    0x080069e4   0x080069e4   0x0000001c   Code   RO         1000    .text.USBD_FS_LangIDStrDescriptor  usbd_desc.o
    0x08006a00   0x08006a00   0x00000038   Code   RO         1002    .text.USBD_FS_ManufacturerStrDescriptor  usbd_desc.o
    0x08006a38   0x08006a38   0x00000052   Code   RO         1004    .text.USBD_FS_ProductStrDescriptor  usbd_desc.o
    0x08006a8a   0x08006a8a   0x00000002   PAD
    0x08006a8c   0x08006a8c   0x00000024   Code   RO         1006    .text.USBD_FS_SerialStrDescriptor  usbd_desc.o
    0x08006ab0   0x08006ab0   0x00000064   Code   RO         1184    .text.USBD_GetConfig  usbd_ctlreq.o
    0x08006b14   0x08006b14   0x00000332   Code   RO         1178    .text.USBD_GetDescriptor  usbd_ctlreq.o
    0x08006e46   0x08006e46   0x00000002   PAD
    0x08006e48   0x08006e48   0x00000030   Code   RO         1202    .text.USBD_GetLen   usbd_ctlreq.o
    0x08006e78   0x08006e78   0x00000064   Code   RO         1186    .text.USBD_GetStatus  usbd_ctlreq.o
    0x08006edc   0x08006edc   0x00000084   Code   RO         1200    .text.USBD_GetString  usbd_ctlreq.o
    0x08006f60   0x08006f60   0x00000054   Code   RO         1084    .text.USBD_Get_USB_Status  usbd_conf.o
    0x08006fb4   0x08006fb4   0x0000006c   Code   RO         1128    .text.USBD_Init     usbd_core.o
    0x08007020   0x08007020   0x0000003e   Code   RO         1098    .text.USBD_LL_ClearStallEP  usbd_conf.o
    0x0800705e   0x0800705e   0x00000002   PAD
    0x08007060   0x08007060   0x0000003e   Code   RO         1092    .text.USBD_LL_CloseEP  usbd_conf.o
    0x0800709e   0x0800709e   0x00000002   PAD
    0x080070a0   0x080070a0   0x00000180   Code   RO         1148    .text.USBD_LL_DataInStage  usbd_core.o
    0x08007220   0x08007220   0x0000010e   Code   RO         1146    .text.USBD_LL_DataOutStage  usbd_core.o
    0x0800732e   0x0800732e   0x00000002   PAD
    0x08007330   0x08007330   0x0000003e   Code   RO         1094    .text.USBD_LL_FlushEP  usbd_conf.o
    0x0800736e   0x0800736e   0x00000002   PAD
    0x08007370   0x08007370   0x00000020   Code   RO         1108    .text.USBD_LL_GetRxDataSize  usbd_conf.o
    0x08007390   0x08007390   0x000000a4   Code   RO         1080    .text.USBD_LL_Init  usbd_conf.o
    0x08007434   0x08007434   0x0000005e   Code   RO         1100    .text.USBD_LL_IsStallEP  usbd_conf.o
    0x08007492   0x08007492   0x00000002   PAD
    0x08007494   0x08007494   0x0000005a   Code   RO         1090    .text.USBD_LL_OpenEP  usbd_conf.o
    0x080074ee   0x080074ee   0x00000002   PAD
    0x080074f0   0x080074f0   0x00000052   Code   RO         1106    .text.USBD_LL_PrepareReceive  usbd_conf.o
    0x08007542   0x08007542   0x00000002   PAD
    0x08007544   0x08007544   0x00000090   Code   RO         1150    .text.USBD_LL_Reset  usbd_core.o
    0x080075d4   0x080075d4   0x00000022   Code   RO         1156    .text.USBD_LL_Resume  usbd_core.o
    0x080075f6   0x080075f6   0x00000002   PAD
    0x080075f8   0x080075f8   0x00000034   Code   RO         1158    .text.USBD_LL_SOF   usbd_core.o
    0x0800762c   0x0800762c   0x00000018   Code   RO         1152    .text.USBD_LL_SetSpeed  usbd_core.o
    0x08007644   0x08007644   0x0000003e   Code   RO         1102    .text.USBD_LL_SetUSBAddress  usbd_conf.o
    0x08007682   0x08007682   0x00000002   PAD
    0x08007684   0x08007684   0x00000084   Code   RO         1144    .text.USBD_LL_SetupStage  usbd_core.o
    0x08007708   0x08007708   0x0000003e   Code   RO         1096    .text.USBD_LL_StallEP  usbd_conf.o
    0x08007746   0x08007746   0x00000002   PAD
    0x08007748   0x08007748   0x00000032   Code   RO         1086    .text.USBD_LL_Start  usbd_conf.o
    0x0800777a   0x0800777a   0x00000002   PAD
    0x0800777c   0x0800777c   0x0000001c   Code   RO         1154    .text.USBD_LL_Suspend  usbd_core.o
    0x08007798   0x08007798   0x00000052   Code   RO         1104    .text.USBD_LL_Transmit  usbd_conf.o
    0x080077ea   0x080077ea   0x00000002   PAD
    0x080077ec   0x080077ec   0x0000001e   Code   RO         1241    .text.USBD_MSC_DataIn  usbd_msc.o
    0x0800780a   0x0800780a   0x00000002   PAD
    0x0800780c   0x0800780c   0x0000001e   Code   RO         1243    .text.USBD_MSC_DataOut  usbd_msc.o
    0x0800782a   0x0800782a   0x00000002   PAD
    0x0800782c   0x0800782c   0x00000064   Code   RO         1237    .text.USBD_MSC_DeInit  usbd_msc.o
    0x08007890   0x08007890   0x00000016   Code   RO         1251    .text.USBD_MSC_GetDeviceQualifierDescriptor  usbd_msc.o
    0x080078a6   0x080078a6   0x00000002   PAD
    0x080078a8   0x080078a8   0x00000016   Code   RO         1247    .text.USBD_MSC_GetFSCfgDesc  usbd_msc.o
    0x080078be   0x080078be   0x00000002   PAD
    0x080078c0   0x080078c0   0x00000016   Code   RO         1245    .text.USBD_MSC_GetHSCfgDesc  usbd_msc.o
    0x080078d6   0x080078d6   0x00000002   PAD
    0x080078d8   0x080078d8   0x00000016   Code   RO         1249    .text.USBD_MSC_GetOtherSpeedCfgDesc  usbd_msc.o
    0x080078ee   0x080078ee   0x00000002   PAD
    0x080078f0   0x080078f0   0x000000b8   Code   RO         1235    .text.USBD_MSC_Init  usbd_msc.o
    0x080079a8   0x080079a8   0x0000001e   Code   RO         1253    .text.USBD_MSC_RegisterStorage  usbd_msc.o
    0x080079c6   0x080079c6   0x00000002   PAD
    0x080079c8   0x080079c8   0x00000270   Code   RO         1239    .text.USBD_MSC_Setup  usbd_msc.o
    0x08007c38   0x08007c38   0x00000044   Code   RO         1198    .text.USBD_ParseSetupRequest  usbd_ctlreq.o
    0x08007c7c   0x08007c7c   0x00000034   Code   RO         1132    .text.USBD_RegisterClass  usbd_core.o
    0x08007cb0   0x08007cb0   0x0000000a   Code   RO         1138    .text.USBD_RunTestMode  usbd_core.o
    0x08007cba   0x08007cba   0x00000002   PAD
    0x08007cbc   0x08007cbc   0x00000096   Code   RO         1180    .text.USBD_SetAddress  usbd_ctlreq.o
    0x08007d52   0x08007d52   0x00000002   PAD
    0x08007d54   0x08007d54   0x0000004a   Code   RO         1140    .text.USBD_SetClassConfig  usbd_core.o
    0x08007d9e   0x08007d9e   0x00000002   PAD
    0x08007da0   0x08007da0   0x00000150   Code   RO         1182    .text.USBD_SetConfig  usbd_ctlreq.o
    0x08007ef0   0x08007ef0   0x00000026   Code   RO         1188    .text.USBD_SetFeature  usbd_ctlreq.o
    0x08007f16   0x08007f16   0x00000002   PAD
    0x08007f18   0x08007f18   0x00000016   Code   RO         1134    .text.USBD_Start    usbd_core.o
    0x08007f2e   0x08007f2e   0x00000002   PAD
    0x08007f30   0x08007f30   0x000000c4   Code   RO         1176    .text.USBD_StdDevReq  usbd_ctlreq.o
    0x08007ff4   0x08007ff4   0x00000368   Code   RO         1196    .text.USBD_StdEPReq  usbd_ctlreq.o
    0x0800835c   0x0800835c   0x000000a4   Code   RO         1194    .text.USBD_StdItfReq  usbd_ctlreq.o
    0x08008400   0x08008400   0x00000008   Code   RO         1114    .text.USBD_static_free  usbd_conf.o
    0x08008408   0x08008408   0x00000010   Code   RO         1112    .text.USBD_static_malloc  usbd_conf.o
    0x08008418   0x08008418   0x00000618   Code   RO          237    .text.USB_ActivateEndpoint  stm32f1xx_ll_usb.o
    0x08008a30   0x08008a30   0x00000038   Code   RO          223    .text.USB_CoreInit  stm32f1xx_ll_usb.o
    0x08008a68   0x08008a68   0x00000362   Code   RO          239    .text.USB_DeactivateEndpoint  stm32f1xx_ll_usb.o
    0x08008dca   0x08008dca   0x00000002   PAD
    0x08008dcc   0x08008dcc   0x0000000a   Code   RO          253    .text.USB_DevConnect  stm32f1xx_ll_usb.o
    0x08008dd6   0x08008dd6   0x00000002   PAD
    0x08008dd8   0x08008dd8   0x0000000a   Code   RO          255    .text.USB_DevDisconnect  stm32f1xx_ll_usb.o
    0x08008de2   0x08008de2   0x00000002   PAD
    0x08008de4   0x08008de4   0x00000054   Code   RO          231    .text.USB_DevInit   stm32f1xx_ll_usb.o
    0x08008e38   0x08008e38   0x00000020   Code   RO          227    .text.USB_DisableGlobalInt  stm32f1xx_ll_usb.o
    0x08008e58   0x08008e58   0x0000000c   Code   RO          269    .text.USB_EP0_OutStart  stm32f1xx_ll_usb.o
    0x08008e64   0x08008e64   0x00000148   Code   RO          247    .text.USB_EPClearStall  stm32f1xx_ll_usb.o
    0x08008fac   0x08008fac   0x0000008a   Code   RO          245    .text.USB_EPSetStall  stm32f1xx_ll_usb.o
    0x08009036   0x08009036   0x00000002   PAD
    0x08009038   0x08009038   0x000010d2   Code   RO          241    .text.USB_EPStartXfer  stm32f1xx_ll_usb.o
    0x0800a10a   0x0800a10a   0x00000002   PAD
    0x0800a10c   0x0800a10c   0x00000020   Code   RO          225    .text.USB_EnableGlobalInt  stm32f1xx_ll_usb.o
    0x0800a12c   0x0800a12c   0x0000000a   Code   RO          235    .text.USB_FlushRxFifo  stm32f1xx_ll_usb.o
    0x0800a136   0x0800a136   0x00000002   PAD
    0x0800a138   0x0800a138   0x0000000c   Code   RO          233    .text.USB_FlushTxFifo  stm32f1xx_ll_usb.o
    0x0800a144   0x0800a144   0x00000010   Code   RO           92    .text.USB_LP_CAN1_RX0_IRQHandler  stm32f1xx_it.o
    0x0800a154   0x0800a154   0x00000012   Code   RO          257    .text.USB_ReadInterrupts  stm32f1xx_ll_usb.o
    0x0800a166   0x0800a166   0x00000002   PAD
    0x0800a168   0x0800a168   0x00000096   Code   RO          275    .text.USB_ReadPMA   stm32f1xx_ll_usb.o
    0x0800a1fe   0x0800a1fe   0x00000002   PAD
    0x0800a200   0x0800a200   0x00000010   Code   RO          229    .text.USB_SetCurrentMode  stm32f1xx_ll_usb.o
    0x0800a210   0x0800a210   0x00000024   Code   RO          251    .text.USB_SetDevAddress  stm32f1xx_ll_usb.o
    0x0800a234   0x0800a234   0x00000084   Code   RO          243    .text.USB_WritePMA  stm32f1xx_ll_usb.o
    0x0800a2b8   0x0800a2b8   0x00000004   Code   RO           82    .text.UsageFault_Handler  stm32f1xx_it.o
    0x0800a2bc   0x0800a2bc   0x0000008c   Code   RO          968    .text.W25QXX_Erase_Sector  w25qx.o
    0x0800a348   0x0800a348   0x000000ae   Code   RO          962    .text.W25QXX_Read   w25qx.o
    0x0800a3f6   0x0800a3f6   0x00000002   PAD
    0x0800a3f8   0x0800a3f8   0x00000094   Code   RO          954    .text.W25QXX_ReadID  w25qx.o
    0x0800a48c   0x0800a48c   0x00000090   Code   RO          958    .text.W25QXX_ReadSR  w25qx.o
    0x0800a51c   0x0800a51c   0x00000016   Code   RO          960    .text.W25QXX_Wait_Busy  w25qx.o
    0x0800a532   0x0800a532   0x00000002   PAD
    0x0800a534   0x0800a534   0x00000164   Code   RO          974    .text.W25QXX_Write  w25qx.o
    0x0800a698   0x0800a698   0x00000032   Code   RO          964    .text.W25QXX_Write_Enable  w25qx.o
    0x0800a6ca   0x0800a6ca   0x00000002   PAD
    0x0800a6cc   0x0800a6cc   0x0000009a   Code   RO          972    .text.W25QXX_Write_NoCheck  w25qx.o
    0x0800a766   0x0800a766   0x00000002   PAD
    0x0800a768   0x0800a768   0x000000b4   Code   RO          970    .text.W25QXX_Write_Page  w25qx.o
    0x0800a81c   0x0800a81c   0x00000034   Code   RO          474    .text.__NVIC_EnableIRQ  stm32f1xx_hal_cortex.o
    0x0800a850   0x0800a850   0x00000010   Code   RO          466    .text.__NVIC_GetPriorityGrouping  stm32f1xx_hal_cortex.o
    0x0800a860   0x0800a860   0x00000044   Code   RO          468    .text.__NVIC_SetPriority  stm32f1xx_hal_cortex.o
    0x0800a8a4   0x0800a8a4   0x0000003c   Code   RO          462    .text.__NVIC_SetPriorityGrouping  stm32f1xx_hal_cortex.o
    0x0800a8e0   0x0800a8e0   0x0000002c   Code   RO           11    .text.fputc         main.o
    0x0800a90c   0x0800a90c   0x0000015a   Code   RO           13    .text.main          main.o
    0x0800aa66   0x0800aa66   0x00000002   PAD
    0x0800aa68   0x0800aa68   0x00000020   Code   RO         1357    i.__0printf         mc_w.l(printfa.o)
    0x0800aa88   0x0800aa88   0x0000000e   Code   RO         1426    i.__scatterload_copy  mc_w.l(handlers.o)
    0x0800aa96   0x0800aa96   0x00000002   Code   RO         1427    i.__scatterload_null  mc_w.l(handlers.o)
    0x0800aa98   0x0800aa98   0x0000000e   Code   RO         1428    i.__scatterload_zeroinit  mc_w.l(handlers.o)
    0x0800aaa6   0x0800aaa6   0x00000002   PAD
    0x0800aaa8   0x0800aaa8   0x00000184   Code   RO         1364    i._fp_digits        mc_w.l(printfa.o)
    0x0800ac2c   0x0800ac2c   0x000006dc   Code   RO         1365    i._printf_core      mc_w.l(printfa.o)
    0x0800b308   0x0800b308   0x00000024   Code   RO         1366    i._printf_post_padding  mc_w.l(printfa.o)
    0x0800b32c   0x0800b32c   0x0000002e   Code   RO         1367    i._printf_pre_padding  mc_w.l(printfa.o)
    0x0800b35a   0x0800b35a   0x00000010   Data   RO          938    .rodata.AHBPrescTable  system_stm32f1xx.o
    0x0800b36a   0x0800b36a   0x00000008   Data   RO          939    .rodata.APBPrescTable  system_stm32f1xx.o
    0x0800b372   0x0800b372   0x00000008   Data   RO         1298    .rodata.MSC_Mode_Sense10_data  usbd_msc_data.o
    0x0800b37a   0x0800b37a   0x00000008   Data   RO         1297    .rodata.MSC_Mode_Sense6_data  usbd_msc_data.o
    0x0800b382   0x0800b382   0x00000007   Data   RO         1296    .rodata.MSC_Page00_Inquiry_Data  usbd_msc_data.o
    0x0800b389   0x0800b389   0x00000024   Data   RO         1044    .rodata.STORAGE_Inquirydata_FS  usbd_storage_if.o
    0x0800b3ad   0x0800b3ad   0x0001c200   Data   RO         1345    .rodata.gImage_1    1.o
    0x080275ad   0x080275ad   0x0000008c   Data   RO           21    .rodata.str1.1      main.o
    0x08027639   0x08027639   0x0000003f   Data   RO         1020    .rodata.str1.1      usbd_desc.o
    0x08027678   0x08027678   0x00000020   Data   RO         1425    Region$$Table       anon$$obj.o


    Execution Region RW_IRAM1 (Exec base: 0x20000000, Load base: 0x08027698, Size: 0x00002df8, Max: 0x00010000, ABSOLUTE)

    Exec Addr    Load Addr    Size         Type   Attr      Idx    E Section Name        Object

    0x20000000   0x08027698   0x00000004   Data   RW         1398    .data               mc_w.l(stdout.o)
    0x20000004   0x0802769c   0x0000001c   Data   RW         1016    .data.FS_Desc       usbd_desc.o
    0x20000020   0x080276b8   0x00000004   Data   RW          937    .data.SystemCoreClock  system_stm32f1xx.o
    0x20000024   0x080276bc   0x00000012   Data   RW         1017    .data.USBD_FS_DeviceDesc  usbd_desc.o
    0x20000036   0x080276ce   0x00000002   PAD
    0x20000038   0x080276d0   0x00000004   Data   RW         1018    .data.USBD_LangIDDesc  usbd_desc.o
    0x2000003c   0x080276d4   0x00000038   Data   RW         1255    .data.USBD_MSC      usbd_msc.o
    0x20000074   0x0802770c   0x00000020   Data   RW         1257    .data.USBD_MSC_CfgFSDesc  usbd_msc.o
    0x20000094   0x0802772c   0x00000020   Data   RW         1256    .data.USBD_MSC_CfgHSDesc  usbd_msc.o
    0x200000b4   0x0802774c   0x0000000a   Data   RW         1259    .data.USBD_MSC_DeviceQualifierDesc  usbd_msc.o
    0x200000be   0x08027756   0x00000002   PAD
    0x200000c0   0x08027758   0x00000020   Data   RW         1258    .data.USBD_MSC_OtherSpeedCfgDesc  usbd_msc.o
    0x200000e0   0x08027778   0x00000020   Data   RW         1045    .data.USBD_Storage_Interface_fops_FS  usbd_storage_if.o
    0x20000100   0x08027798   0x0000001a   Data   RW         1019    .data.USBD_StringSerial  usbd_desc.o
    0x2000011a   0x080277b2   0x00000002   PAD
    0x2000011c   0x080277b4   0x00000004   Data   RW           20    .data.image         main.o
    0x20000120   0x080277b8   0x00000001   Data   RW          336    .data.uwTickFreq    stm32f1xx_hal.o
    0x20000121   0x080277b9   0x00000003   PAD
    0x20000124   0x080277bc   0x00000004   Data   RW          335    .data.uwTickPrio    stm32f1xx_hal.o
    0x20000128        -       0x00000002   Zero   RW           22    .bss.ID16           main.o
    0x2000012a        -       0x00000001   Zero   RW         1204    .bss.USBD_SetConfig.cfgidx  usbd_ctlreq.o
    0x2000012b   0x080277c0   0x00000001   PAD
    0x2000012c        -       0x00000200   Zero   RW         1021    .bss.USBD_StrDesc   usbd_desc.o
    0x2000032c        -       0x00001070   Zero   RW         1119    .bss.USBD_static_malloc.mem  usbd_conf.o
    0x2000139c        -       0x00001000   Zero   RW          977    .bss.W25QXX_BUFFER  w25qx.o
    0x2000239c        -       0x00000002   Zero   RW          976    .bss.W25QXX_TYPE    w25qx.o
    0x2000239e   0x080277c0   0x00000002   PAD
    0x200023a0        -       0x000002c4   Zero   RW          990    .bss.hUsbDeviceFS   usb_device.o
    0x20002664        -       0x000002ec   Zero   RW         1118    .bss.hpcd_USB_FS    usbd_conf.o
    0x20002950        -       0x00000058   Zero   RW           50    .bss.hspi2          spi.o
    0x200029a8        -       0x00000044   Zero   RW           65    .bss.huart1         usart.o
    0x200029ec        -       0x00000004   Zero   RW           23    .bss.i              main.o
    0x200029f0        -       0x00000004   Zero   RW          337    .bss.uwTick         stm32f1xx_hal.o
    0x200029f4        -       0x00000002   Zero   RW           19    .bss.write_addr     main.o
    0x200029f6   0x080277c0   0x00000002   PAD
    0x200029f8        -       0x00000400   Zero   RW            1    STACK               startup_stm32f103xe.o


==============================================================================

Image component sizes


      Code (inc. data)   RO Data    RW Data    ZI Data      Debug   Object Name

         0          0     115200          0          0        355   1.o
       156          0          0          0          0       1471   gpio.o
       558          0        140          4          8       2802   main.o
       228          0          0          0         88       4047   spi.o
        36          8        304          0       1024        768   startup_stm32f103xe.o
       264          0          0          5          4       5911   stm32f1xx_hal.o
       508          0          0          0          0       7856   stm32f1xx_hal_cortex.o
       920          0          0          0          0       7277   stm32f1xx_hal_dma.o
       922          0          0          0          0       4242   stm32f1xx_hal_gpio.o
       100          0          0          0          0       1164   stm32f1xx_hal_msp.o
      6516          0          0          0          0      13440   stm32f1xx_hal_pcd.o
       130          0          0          0          0       4022   stm32f1xx_hal_pcd_ex.o
      2644          0          0          0          0       7388   stm32f1xx_hal_rcc.o
       460          0          0          0          0       3195   stm32f1xx_hal_rcc_ex.o
      3696          0          0          0          0      21064   stm32f1xx_hal_spi.o
      2394          0          0          0          0      17803   stm32f1xx_hal_uart.o
        66          0          0          0          0       1204   stm32f1xx_it.o
      7808          4          0          0          0      12093   stm32f1xx_ll_usb.o
         2          0         24          4          0       1541   system_stm32f1xx.o
       234          0          0          0         68       5377   usart.o
       126          0          0          0        708       2814   usb_device.o
      1404          4          0          0       4956      12817   usbd_conf.o
      1378          0          0          0          0       6578   usbd_core.o
      3120         30          0          0          1       7489   usbd_ctlreq.o
       612          0         63         76        512       3074   usbd_desc.o
       268          0          0          0          0       3865   usbd_ioreq.o
      1086         12          0        162          0       6669   usbd_msc.o
      1130          0          0          0          0       6495   usbd_msc_bot.o
         0          0         23          0          0        664   usbd_msc_data.o
      3176        182          0          0          0       9285   usbd_msc_scsi.o
       132          0         36         32          0       2284   usbd_storage_if.o
      1640          0          0          0       4098       4110   w25qx.o

    ----------------------------------------------------------------------
     41920        240     115822        292      11472     189164   Object Totals
         0          0         32          0          0          0   (incl. Generated)
       206          0          0          9          5          0   (incl. Padding)

    ----------------------------------------------------------------------

      Code (inc. data)   RO Data    RW Data    ZI Data      Debug   Library Member Name

         0          0          0          0          0          0   entry.o
         0          0          0          0          0          0   entry10a.o
         0          0          0          0          0          0   entry11a.o
         8          4          0          0          0          0   entry2.o
         4          0          0          0          0          0   entry5.o
         0          0          0          0          0          0   entry7b.o
         0          0          0          0          0          0   entry8b.o
         8          4          0          0          0          0   entry9a.o
        30          0          0          0          0          0   handlers.o
        36          8          0          0          0         68   init.o
         0          0          0          0          0          0   iusefp.o
        30          0          0          0          0         68   llshl.o
        36          0          0          0          0         68   llsshr.o
        32          0          0          0          0         68   llushr.o
        36          0          0          0          0        108   memseta.o
      2258         90          0          0          0        452   printfa.o
         0          0          0          4          0          0   stdout.o
        44          0          0          0          0         80   uidiv.o
        98          0          0          0          0         92   uldiv.o
        48          0          0          0          0         68   cdrcmple.o
       334          0          0          0          0        148   dadd.o
       222          0          0          0          0        100   ddiv.o
       186          0          0          0          0        176   depilogue.o
        48          0          0          0          0         68   dfixul.o
       228          0          0          0          0         96   dmul.o

    ----------------------------------------------------------------------
      3690        106          0          4          0       1660   Library Totals
         4          0          0          0          0          0   (incl. Padding)

    ----------------------------------------------------------------------

      Code (inc. data)   RO Data    RW Data    ZI Data      Debug   Library Name

      2620        106          0          4          0       1004   mc_w.l
      1066          0          0          0          0        656   mf_w.l

    ----------------------------------------------------------------------
      3690        106          0          4          0       1660   Library Totals

    ----------------------------------------------------------------------

==============================================================================


      Code (inc. data)   RO Data    RW Data    ZI Data      Debug   

     45610        346     115822        296      11472     189696   Grand Totals
     45610        346     115822        296      11472     189696   ELF Image Totals
     45610        346     115822        296          0          0   ROM Totals

==============================================================================

    Total RO  Size (Code + RO Data)               161432 ( 157.65kB)
    Total RW  Size (RW Data + ZI Data)             11768 (  11.49kB)
    Total ROM Size (Code + RO Data + RW Data)     161728 ( 157.94kB)

==============================================================================

