Component: ARM Compiler 6.13.1 Tool: armlink [5d895400]

==============================================================================

Section Cross References

    startup_stm32f103xe.o(RESET) refers to startup_stm32f103xe.o(STACK) for __initial_sp
    startup_stm32f103xe.o(RESET) refers to startup_stm32f103xe.o(.text) for Reset_Handler
    startup_stm32f103xe.o(RESET) refers to stm32f1xx_it.o(.text.NMI_Handler) for NMI_Handler
    startup_stm32f103xe.o(RESET) refers to stm32f1xx_it.o(.text.HardFault_Handler) for HardFault_Handler
    startup_stm32f103xe.o(RESET) refers to stm32f1xx_it.o(.text.MemManage_Handler) for MemManage_Handler
    startup_stm32f103xe.o(RESET) refers to stm32f1xx_it.o(.text.BusFault_Handler) for BusFault_Handler
    startup_stm32f103xe.o(RESET) refers to stm32f1xx_it.o(.text.UsageFault_Handler) for UsageFault_Handler
    startup_stm32f103xe.o(RESET) refers to stm32f1xx_it.o(.text.SVC_Handler) for SVC_Handler
    startup_stm32f103xe.o(RESET) refers to stm32f1xx_it.o(.text.DebugMon_Handler) for DebugMon_Handler
    startup_stm32f103xe.o(RESET) refers to stm32f1xx_it.o(.text.PendSV_Handler) for PendSV_Handler
    startup_stm32f103xe.o(RESET) refers to stm32f1xx_it.o(.text.SysTick_Handler) for SysTick_Handler
    startup_stm32f103xe.o(RESET) refers to stm32f1xx_it.o(.text.USART1_IRQHandler) for USART1_IRQHandler
    startup_stm32f103xe.o(.text) refers to system_stm32f1xx.o(.text.SystemInit) for SystemInit
    startup_stm32f103xe.o(.text) refers to entry.o(.ARM.Collect$$$$00000000) for __main
    main.o(.text.main) refers to stm32f1xx_hal.o(.text.HAL_Init) for HAL_Init
    main.o(.text.main) refers to main.o(.text.SystemClock_Config) for SystemClock_Config
    main.o(.text.main) refers to gpio.o(.text.MX_GPIO_Init) for MX_GPIO_Init
    main.o(.text.main) refers to usart.o(.text.MX_USART1_UART_Init) for MX_USART1_UART_Init
    main.o(.text.main) refers to fatfs.o(.text.MX_FATFS_Init) for MX_FATFS_Init
    main.o(.text.main) refers to spi.o(.text.MX_SPI1_Init) for MX_SPI1_Init
    main.o(.text.main) refers to ff.o(.text.f_mount) for f_mount
    main.o(.text.main) refers to ff.o(.text.f_open) for f_open
    main.o(.text.main) refers to ff.o(.text.f_getfree) for f_getfree
    main.o(.text.main) refers to dfltui.o(.text) for __aeabi_ui2d
    main.o(.text.main) refers to dmul.o(.text) for __aeabi_dmul
    main.o(.text.main) refers to dfixui.o(.text) for __aeabi_d2uiz
    main.o(.text.main) refers to ff.o(.text.f_puts) for f_puts
    main.o(.text.main) refers to ff.o(.text.f_close) for f_close
    main.o(.text.main) refers to ff.o(.text.f_gets) for f_gets
    main.o(.text.main) refers to puts.o(i.puts) for puts
    main.o(.text.main) refers to main.o(.rodata.str1.1) for .Lstr
    main.o(.text.main) refers to main.o(.bss.fs) for fs
    main.o(.text.main) refers to main.o(.bss.fil) for fil
    main.o(.text.main) refers to main.o(.bss..L_MergedGlobals) for [Anonymous Symbol]
    main.o(.ARM.exidx.text.main) refers to main.o(.text.main) for [Anonymous Symbol]
    main.o(.text.SystemClock_Config) refers to memseta.o(.text) for __aeabi_memclr4
    main.o(.text.SystemClock_Config) refers to stm32f1xx_hal_rcc.o(.text.HAL_RCC_OscConfig) for HAL_RCC_OscConfig
    main.o(.text.SystemClock_Config) refers to stm32f1xx_hal_rcc.o(.text.HAL_RCC_ClockConfig) for HAL_RCC_ClockConfig
    main.o(.text.SystemClock_Config) refers to main.o(.text.Error_Handler) for Error_Handler
    main.o(.ARM.exidx.text.SystemClock_Config) refers to main.o(.text.SystemClock_Config) for [Anonymous Symbol]
    main.o(.text.Error_Handler) refers to stm32f1xx_hal_uart.o(.text.HAL_UART_Transmit) for HAL_UART_Transmit
    main.o(.text.Error_Handler) refers to usart.o(.bss.huart1) for huart1
    main.o(.text.Error_Handler) refers to main.o(.data.error) for error
    main.o(.ARM.exidx.text.Error_Handler) refers to main.o(.text.Error_Handler) for [Anonymous Symbol]
    main.o(.text._Error_Handler) refers to stm32f1xx_hal_uart.o(.text.HAL_UART_Transmit) for HAL_UART_Transmit
    main.o(.text._Error_Handler) refers to usart.o(.bss.huart1) for huart1
    main.o(.text._Error_Handler) refers to main.o(.data.error) for error
    main.o(.ARM.exidx.text._Error_Handler) refers to main.o(.text._Error_Handler) for [Anonymous Symbol]
    main.o(.text.fputc) refers to stm32f1xx_hal_uart.o(.text.HAL_UART_Transmit) for HAL_UART_Transmit
    main.o(.text.fputc) refers to usart.o(.bss.huart1) for huart1
    main.o(.ARM.exidx.text.fputc) refers to main.o(.text.fputc) for [Anonymous Symbol]
    gpio.o(.text.MX_GPIO_Init) refers to stm32f1xx_hal_gpio.o(.text.HAL_GPIO_WritePin) for HAL_GPIO_WritePin
    gpio.o(.text.MX_GPIO_Init) refers to stm32f1xx_hal_gpio.o(.text.HAL_GPIO_Init) for HAL_GPIO_Init
    gpio.o(.ARM.exidx.text.MX_GPIO_Init) refers to gpio.o(.text.MX_GPIO_Init) for [Anonymous Symbol]
    spi.o(.text.MX_SPI1_Init) refers to stm32f1xx_hal_spi.o(.text.HAL_SPI_Init) for HAL_SPI_Init
[...]
    Removing ff.o(.text.dir_read), (276 bytes).
    Removing ff.o(.ARM.exidx.text.dir_read), (8 bytes).
    Removing ff.o(.text.get_fileinfo), (186 bytes).
    Removing ff.o(.ARM.exidx.text.get_fileinfo), (8 bytes).
    Removing ff.o(.ARM.exidx.text.dir_next), (8 bytes).
    Removing ff.o(.text.f_stat), (100 bytes).
    Removing ff.o(.ARM.exidx.text.f_stat), (8 bytes).
    Removing ff.o(.ARM.exidx.text.f_getfree), (8 bytes).
    Removing ff.o(.text.f_truncate), (176 bytes).
    Removing ff.o(.ARM.exidx.text.f_truncate), (8 bytes).
    Removing ff.o(.text.f_unlink), (216 bytes).
    Removing ff.o(.ARM.exidx.text.f_unlink), (8 bytes).
    Removing ff.o(.text.dir_remove), (122 bytes).
    Removing ff.o(.ARM.exidx.text.dir_remove), (8 bytes).
    Removing ff.o(.text.f_mkdir), (380 bytes).
    Removing ff.o(.ARM.exidx.text.f_mkdir), (8 bytes).
    Removing ff.o(.ARM.exidx.text.sync_window), (8 bytes).
    Removing ff.o(.ARM.exidx.text.mem_set), (8 bytes).
    Removing ff.o(.text.f_chmod), (116 bytes).
    Removing ff.o(.ARM.exidx.text.f_chmod), (8 bytes).
    Removing ff.o(.text.f_rename), (328 bytes).
    Removing ff.o(.ARM.exidx.text.f_rename), (8 bytes).
    Removing ff.o(.text.f_utime), (112 bytes).
    Removing ff.o(.ARM.exidx.text.f_utime), (8 bytes).
    Removing ff.o(.text.f_mkfs), (1412 bytes).
    Removing ff.o(.ARM.exidx.text.f_mkfs), (8 bytes).
    Removing ff.o(.ARM.exidx.text.f_gets), (8 bytes).
    Removing ff.o(.text.f_putc), (72 bytes).
    Removing ff.o(.ARM.exidx.text.f_putc), (8 bytes).
    Removing ff.o(.ARM.exidx.text.putc_bfd), (8 bytes).
    Removing ff.o(.ARM.exidx.text.f_puts), (8 bytes).
    Removing ff.o(.text.f_printf), (560 bytes).
    Removing ff.o(.ARM.exidx.text.f_printf), (8 bytes).
    Removing ff.o(.ARM.exidx.text.check_fs), (8 bytes).
    Removing ff.o(.ARM.exidx.text.dir_find), (8 bytes).
    Removing ff.o(.ARM.exidx.text.chk_chr), (8 bytes).
    Removing ff.o(.ARM.exidx.text.sum_sfn), (8 bytes).
    Removing ff.o(.rodata.str2.2), (22 bytes).
    Removing ff.o(.rodata.f_mkfs.cst), (22 bytes).
    Removing ff_gen_drv.o(.text), (0 bytes).
    Removing ff_gen_drv.o(.ARM.exidx.text.FATFS_LinkDriverEx), (8 bytes).
    Removing ff_gen_drv.o(.ARM.exidx.text.FATFS_LinkDriver), (8 bytes).
    Removing ff_gen_drv.o(.text.FATFS_UnLinkDriverEx), (48 bytes).
    Removing ff_gen_drv.o(.ARM.exidx.text.FATFS_UnLinkDriverEx), (8 bytes).
    Removing ff_gen_drv.o(.text.FATFS_UnLinkDriver), (6 bytes).
    Removing ff_gen_drv.o(.ARM.exidx.text.FATFS_UnLinkDriver), (8 bytes).
    Removing ff_gen_drv.o(.text.FATFS_GetAttachedDriversNbr), (12 bytes).
    Removing ff_gen_drv.o(.ARM.exidx.text.FATFS_GetAttachedDriversNbr), (8 bytes).
    Removing syscall.o(.text), (0 bytes).
    Removing ccsbcs.o(.text), (0 bytes).
    Removing ccsbcs.o(.ARM.exidx.text.ff_convert), (8 bytes).
    Removing ccsbcs.o(.ARM.exidx.text.ff_wtoupper), (8 bytes).

664 unused section(s) (total 32545 bytes) removed from the image.

==============================================================================

Image Symbol Table

    Local Symbols

    Symbol Name                              Value     Ov Type        Size  Object(Section)

    ../clib/microlib/init/entry.s            0x00000000   Number         0  entry.o ABSOLUTE
    ../clib/microlib/init/entry.s            0x00000000   Number         0  entry2.o ABSOLUTE
    ../clib/microlib/init/entry.s            0x00000000   Number         0  entry5.o ABSOLUTE
    ../clib/microlib/init/entry.s            0x00000000   Number         0  entry7a.o ABSOLUTE
    ../clib/microlib/init/entry.s            0x00000000   Number         0  entry7b.o ABSOLUTE
    ../clib/microlib/init/entry.s            0x00000000   Number         0  entry8a.o ABSOLUTE
    ../clib/microlib/init/entry.s            0x00000000   Number         0  entry8b.o ABSOLUTE
    ../clib/microlib/init/entry.s            0x00000000   Number         0  entry9a.o ABSOLUTE
    ../clib/microlib/init/entry.s            0x00000000   Number         0  entry9b.o ABSOLUTE
    ../clib/microlib/init/entry.s            0x00000000   Number         0  entry10a.o ABSOLUTE
    ../clib/microlib/init/entry.s            0x00000000   Number         0  entry10b.o ABSOLUTE
    ../clib/microlib/init/entry.s            0x00000000   Number         0  entry11a.o ABSOLUTE
    ../clib/microlib/init/entry.s            0x00000000   Number         0  entry11b.o ABSOLUTE
    ../clib/microlib/longlong.c              0x00000000   Number         0  llushr.o ABSOLUTE
    ../clib/microlib/longlong.c              0x00000000   Number         0  llshl.o ABSOLUTE
    ../clib/microlib/stdio/puts.c            0x00000000   Number         0  puts.o ABSOLUTE
    ../clib/microlib/stdio/puts.c            0x00000000   Number         0  puts_e.o ABSOLUTE
    ../clib/microlib/stdio/streams.c         0x00000000   Number         0  stdout.o ABSOLUTE
    ../clib/microlib/string/memset.c         0x00000000   Number         0  memseta.o ABSOLUTE
    ../clib/microlib/stubs.s                 0x00000000   Number         0  iusefp.o ABSOLUTE
    ../fplib/microlib/fpepilogue.c           0x00000000   Number         0  depilogue.o ABSOLUTE
    ../fplib/microlib/fpfix.c                0x00000000   Number         0  dfixui.o ABSOLUTE
    ../fplib/microlib/fpflt.c                0x00000000   Number         0  dfltui.o ABSOLUTE
    ../fplib/microlib/fpmul.c                0x00000000   Number         0  dmul.o ABSOLUTE
    SD.c                                     0x00000000   Number         0  sd.o ABSOLUTE
    ccsbcs.c                                 0x00000000   Number         0  ccsbcs.o ABSOLUTE
    dc.s                                     0x00000000   Number         0  dc.o ABSOLUTE
    diskio.c                                 0x00000000   Number         0  diskio.o ABSOLUTE
    fatfs.c                                  0x00000000   Number         0  fatfs.o ABSOLUTE
    fatfs_sd.c                               0x00000000   Number         0  fatfs_sd.o ABSOLUTE
    ff.c                                     0x00000000   Number         0  ff.o ABSOLUTE
    ff_gen_drv.c                             0x00000000   Number         0  ff_gen_drv.o ABSOLUTE
    gpio.c                                   0x00000000   Number         0  gpio.o ABSOLUTE
    handlers.s                               0x00000000   Number         0  handlers.o ABSOLUTE
    init.s                                   0x00000000   Number         0  init.o ABSOLUTE
    main.c                                   0x00000000   Number         0  main.o ABSOLUTE
    spi.c                                    0x00000000   Number         0  spi.o ABSOLUTE
    startup_stm32f103xe.s                    0x00000000   Number         0  startup_stm32f103xe.o ABSOLUTE
    stm32f1xx_hal.c                          0x00000000   Number         0  stm32f1xx_hal.o ABSOLUTE
    stm32f1xx_hal_cortex.c                   0x00000000   Number         0  stm32f1xx_hal_cortex.o ABSOLUTE
    stm32f1xx_hal_dma.c                      0x00000000   Number         0  stm32f1xx_hal_dma.o ABSOLUTE
    stm32f1xx_hal_exti.c                     0x00000000   Number         0  stm32f1xx_hal_exti.o ABSOLUTE
    stm32f1xx_hal_flash.c                    0x00000000   Number         0  stm32f1xx_hal_flash.o ABSOLUTE
    stm32f1xx_hal_flash_ex.c                 0x00000000   Number         0  stm32f1xx_hal_flash_ex.o ABSOLUTE
    stm32f1xx_hal_gpio.c                     0x00000000   Number         0  stm32f1xx_hal_gpio.o ABSOLUTE
    stm32f1xx_hal_gpio_ex.c                  0x00000000   Number         0  stm32f1xx_hal_gpio_ex.o ABSOLUTE
    stm32f1xx_hal_msp.c                      0x00000000   Number         0  stm32f1xx_hal_msp.o ABSOLUTE
    stm32f1xx_hal_pwr.c                      0x00000000   Number         0  stm32f1xx_hal_pwr.o ABSOLUTE
    stm32f1xx_hal_rcc.c                      0x00000000   Number         0  stm32f1xx_hal_rcc.o ABSOLUTE
    stm32f1xx_hal_rcc_ex.c                   0x00000000   Number         0  stm32f1xx_hal_rcc_ex.o ABSOLUTE
    stm32f1xx_hal_spi.c                      0x00000000   Number         0  stm32f1xx_hal_spi.o ABSOLUTE
    stm32f1xx_hal_tim.c                      0x00000000   Number         0  stm32f1xx_hal_tim.o ABSOLUTE
    stm32f1xx_hal_tim_ex.c                   0x00000000   Number         0  stm32f1xx_hal_tim_ex.o ABSOLUTE
    stm32f1xx_hal_uart.c                     0x00000000   Number         0  stm32f1xx_hal_uart.o ABSOLUTE
    stm32f1xx_it.c                           0x00000000   Number         0  stm32f1xx_it.o ABSOLUTE
    syscall.c                                0x00000000   Number         0  syscall.o ABSOLUTE
    system_stm32f1xx.c                       0x00000000   Number         0  system_stm32f1xx.o ABSOLUTE
    usart.c                                  0x00000000   Number         0  usart.o ABSOLUTE
    user_diskio.c                            0x00000000   Number         0  user_diskio.o ABSOLUTE
    RESET                                    0x08000000   Section      304  startup_stm32f103xe.o(RESET)
    .ARM.Collect$$$$00000000                 0x08000130   Section        0  entry.o(.ARM.Collect$$$$00000000)
    .ARM.Collect$$$$00000001                 0x08000130   Section        4  entry2.o(.ARM.Collect$$$$00000001)
    .ARM.Collect$$$$00000004                 0x08000134   Section        4  entry5.o(.ARM.Collect$$$$00000004)
    .ARM.Collect$$$$00000008                 0x08000138   Section        0  entry7b.o(.ARM.Collect$$$$00000008)
    .ARM.Collect$$$$0000000A                 0x08000138   Section        0  entry8b.o(.ARM.Collect$$$$0000000A)
    .ARM.Collect$$$$0000000B                 0x08000138   Section        8  entry9a.o(.ARM.Collect$$$$0000000B)
    __lit__00000000                          0x08000140   Data           4  entry2.o(.ARM.Collect$$$$00002712)
    .ARM.Collect$$$$0000000D                 0x08000140   Section        0  entry10a.o(.ARM.Collect$$$$0000000D)
    .ARM.Collect$$$$0000000F                 0x08000140   Section        0  entry11a.o(.ARM.Collect$$$$0000000F)
    .ARM.Collect$$$$00002712                 0x08000140   Section        4  entry2.o(.ARM.Collect$$$$00002712)
    .text                                    0x08000144   Section       36  startup_stm32f103xe.o(.text)
    .text                                    0x08000168   Section        0  llushr.o(.text)
    .text                                    0x08000188   Section        0  memseta.o(.text)
    .text                                    0x080001ac   Section        0  dmul.o(.text)
    .text                                    0x08000290   Section        0  dfltui.o(.text)
    .text                                    0x080002aa   Section        0  dfixui.o(.text)
    .text                                    0x080002dc   Section        0  iusefp.o(.text)
    .text                                    0x080002dc   Section        0  depilogue.o(.text)
    .text                                    0x08000398   Section       36  init.o(.text)
    .text                                    0x080003bc   Section        0  llshl.o(.text)
    [Anonymous Symbol]                       0x080003da   Section        0  stm32f1xx_it.o(.text.BusFault_Handler)
    DESELECT                                 0x080003dd   Thumb Code    28  fatfs_sd.o(.text.DESELECT)
    [Anonymous Symbol]                       0x080003dc   Section        0  fatfs_sd.o(.text.DESELECT)
    __arm_cp.5_0                             0x080003f4   Number         4  fatfs_sd.o(.text.DESELECT)
    [Anonymous Symbol]                       0x080003f8   Section        0  stm32f1xx_it.o(.text.DebugMon_Handler)
    [Anonymous Symbol]                       0x080003fc   Section        0  main.o(.text.Error_Handler)
    __arm_cp.2_0                             0x0800040c   Number         4  main.o(.text.Error_Handler)
    __arm_cp.2_1                             0x08000410   Number         4  main.o(.text.Error_Handler)
    [Anonymous Symbol]                       0x08000414   Section        0  ff_gen_drv.o(.text.FATFS_LinkDriver)
    [Anonymous Symbol]                       0x0800041c   Section        0  ff_gen_drv.o(.text.FATFS_LinkDriverEx)
    __arm_cp.0_0                             0x08000458   Number         4  ff_gen_drv.o(.text.FATFS_LinkDriverEx)
    [Anonymous Symbol]                       0x0800045c   Section        0  stm32f1xx_hal_dma.o(.text.HAL_DMA_Abort)
    [Anonymous Symbol]                       0x0800049c   Section        0  stm32f1xx_hal_dma.o(.text.HAL_DMA_Abort_IT)
    __arm_cp.6_0                             0x08000560   Number         4  stm32f1xx_hal_dma.o(.text.HAL_DMA_Abort_IT)
    __arm_cp.6_1                             0x08000564   Number         4  stm32f1xx_hal_dma.o(.text.HAL_DMA_Abort_IT)
    __arm_cp.6_2                             0x08000568   Number         4  stm32f1xx_hal_dma.o(.text.HAL_DMA_Abort_IT)
    __arm_cp.6_3                             0x0800056c   Number         4  stm32f1xx_hal_dma.o(.text.HAL_DMA_Abort_IT)
    __arm_cp.6_4                             0x08000570   Number         4  stm32f1xx_hal_dma.o(.text.HAL_DMA_Abort_IT)
    __arm_cp.6_5                             0x08000574   Number         4  stm32f1xx_hal_dma.o(.text.HAL_DMA_Abort_IT)
    __arm_cp.6_6                             0x08000578   Number         4  stm32f1xx_hal_dma.o(.text.HAL_DMA_Abort_IT)
    __arm_cp.6_7                             0x0800057c   Number         4  stm32f1xx_hal_dma.o(.text.HAL_DMA_Abort_IT)
    __arm_cp.6_8                             0x08000580   Number         4  stm32f1xx_hal_dma.o(.text.HAL_DMA_Abort_IT)
    __arm_cp.6_9                             0x08000584   Number         4  stm32f1xx_hal_dma.o(.text.HAL_DMA_Abort_IT)
    __arm_cp.6_10                            0x08000588   Number         4  stm32f1xx_hal_dma.o(.text.HAL_DMA_Abort_IT)
    [Anonymous Symbol]                       0x0800058c   Section        0  stm32f1xx_hal.o(.text.HAL_Delay)
    [Anonymous Symbol]                       0x080005ac   Section        0  stm32f1xx_hal_gpio.o(.text.HAL_GPIO_Init)
    __arm_cp.0_0                             0x08000724   Number         4  stm32f1xx_hal_gpio.o(.text.HAL_GPIO_Init)
    __arm_cp.0_1                             0x08000728   Number         4  stm32f1xx_hal_gpio.o(.text.HAL_GPIO_Init)
    __arm_cp.0_2                             0x0800072c   Number         4  stm32f1xx_hal_gpio.o(.text.HAL_GPIO_Init)
    __arm_cp.0_3                             0x08000730   Number         4  stm32f1xx_hal_gpio.o(.text.HAL_GPIO_Init)
    __arm_cp.0_5                             0x08000734   Number         4  stm32f1xx_hal_gpio.o(.text.HAL_GPIO_Init)
    __arm_cp.0_6                             0x08000738   Number         4  stm32f1xx_hal_gpio.o(.text.HAL_GPIO_Init)
    __arm_cp.0_7                             0x0800073c   Number         4  stm32f1xx_hal_gpio.o(.text.HAL_GPIO_Init)
    __arm_cp.0_8                             0x08000740   Number         4  stm32f1xx_hal_gpio.o(.text.HAL_GPIO_Init)
    __arm_cp.0_9                             0x08000744   Number         4  stm32f1xx_hal_gpio.o(.text.HAL_GPIO_Init)
    __arm_cp.0_10                            0x08000748   Number         4  stm32f1xx_hal_gpio.o(.text.HAL_GPIO_Init)
    __arm_cp.0_11                            0x0800074c   Number         4  stm32f1xx_hal_gpio.o(.text.HAL_GPIO_Init)
    [Anonymous Symbol]                       0x08000750   Section        0  stm32f1xx_hal_gpio.o(.text.HAL_GPIO_WritePin)
    [Anonymous Symbol]                       0x0800075c   Section        0  stm32f1xx_hal.o(.text.HAL_GetTick)
    [Anonymous Symbol]                       0x08000764   Section        0  stm32f1xx_hal.o(.text.HAL_IncTick)
    __arm_cp.5_1                             0x08000774   Number         4  stm32f1xx_hal.o(.text.HAL_IncTick)
    [Anonymous Symbol]                       0x08000778   Section        0  stm32f1xx_hal.o(.text.HAL_Init)
    [Anonymous Symbol]                       0x08000798   Section        0  stm32f1xx_hal.o(.text.HAL_InitTick)
    __arm_cp.1_0                             0x080007d0   Number         4  stm32f1xx_hal.o(.text.HAL_InitTick)
    [Anonymous Symbol]                       0x080007d4   Section        0  stm32f1xx_hal_msp.o(.text.HAL_MspInit)
    __arm_cp.0_0                             0x0800080c   Number         4  stm32f1xx_hal_msp.o(.text.HAL_MspInit)
    __arm_cp.0_1                             0x08000810   Number         4  stm32f1xx_hal_msp.o(.text.HAL_MspInit)
    [Anonymous Symbol]                       0x08000814   Section        0  stm32f1xx_hal_cortex.o(.text.HAL_NVIC_EnableIRQ)
    __arm_cp.3_0                             0x0800082c   Number         4  stm32f1xx_hal_cortex.o(.text.HAL_NVIC_EnableIRQ)
    [Anonymous Symbol]                       0x08000830   Section        0  stm32f1xx_hal_cortex.o(.text.HAL_NVIC_SetPriority)
    [Anonymous Symbol]                       0x08000868   Section        0  stm32f1xx_hal_cortex.o(.text.HAL_NVIC_SetPriorityGrouping)
    __arm_cp.0_0                             0x08000880   Number         4  stm32f1xx_hal_cortex.o(.text.HAL_NVIC_SetPriorityGrouping)
    __arm_cp.0_1                             0x08000884   Number         4  stm32f1xx_hal_cortex.o(.text.HAL_NVIC_SetPriorityGrouping)
    [Anonymous Symbol]                       0x08000888   Section        0  stm32f1xx_hal_rcc.o(.text.HAL_RCC_ClockConfig)
    __arm_cp.2_0                             0x080009b8   Number         4  stm32f1xx_hal_rcc.o(.text.HAL_RCC_ClockConfig)
    __arm_cp.2_2                             0x080009bc   Number         4  stm32f1xx_hal_rcc.o(.text.HAL_RCC_ClockConfig)
    __arm_cp.2_4                             0x080009c0   Number         4  stm32f1xx_hal_rcc.o(.text.HAL_RCC_ClockConfig)
    [Anonymous Symbol]                       0x080009c4   Section        0  stm32f1xx_hal_rcc.o(.text.HAL_RCC_GetPCLK1Freq)
    [Anonymous Symbol]                       0x080009d8   Section        0  stm32f1xx_hal_rcc.o(.text.HAL_RCC_GetPCLK2Freq)
    __arm_cp.9_0                             0x080009ec   Number         4  stm32f1xx_hal_rcc.o(.text.HAL_RCC_GetPCLK2Freq)
    __arm_cp.9_2                             0x080009f0   Number         4  stm32f1xx_hal_rcc.o(.text.HAL_RCC_GetPCLK2Freq)
    [Anonymous Symbol]                       0x080009f4   Section        0  stm32f1xx_hal_rcc.o(.text.HAL_RCC_GetSysClockFreq)
    __arm_cp.3_0                             0x08000a28   Number         4  stm32f1xx_hal_rcc.o(.text.HAL_RCC_GetSysClockFreq)
    __arm_cp.3_1                             0x08000a2c   Number         4  stm32f1xx_hal_rcc.o(.text.HAL_RCC_GetSysClockFreq)
    __arm_cp.3_4                             0x08000a44   Number         4  stm32f1xx_hal_rcc.o(.text.HAL_RCC_GetSysClockFreq)
    [Anonymous Symbol]                       0x08000a48   Section        0  stm32f1xx_hal_rcc.o(.text.HAL_RCC_OscConfig)
    __arm_cp.1_0                             0x08000d68   Number         4  stm32f1xx_hal_rcc.o(.text.HAL_RCC_OscConfig)
    __arm_cp.1_1                             0x08000d6c   Number         4  stm32f1xx_hal_rcc.o(.text.HAL_RCC_OscConfig)
    __arm_cp.1_2                             0x08000d70   Number         4  stm32f1xx_hal_rcc.o(.text.HAL_RCC_OscConfig)
    __arm_cp.1_3                             0x08000d74   Number         4  stm32f1xx_hal_rcc.o(.text.HAL_RCC_OscConfig)
    [Anonymous Symbol]                       0x08000d78   Section        0  stm32f1xx_hal_spi.o(.text.HAL_SPI_GetState)
    [Anonymous Symbol]                       0x08000d7e   Section        0  stm32f1xx_hal_spi.o(.text.HAL_SPI_Init)
    [Anonymous Symbol]                       0x08000e30   Section        0  spi.o(.text.HAL_SPI_MspInit)
    __arm_cp.1_0                             0x08000e9c   Number         4  spi.o(.text.HAL_SPI_MspInit)
    __arm_cp.1_1                             0x08000ea0   Number         4  spi.o(.text.HAL_SPI_MspInit)
    [Anonymous Symbol]                       0x08000ea4   Section        0  stm32f1xx_hal_spi.o(.text.HAL_SPI_Transmit)
    [Anonymous Symbol]                       0x08001008   Section        0  stm32f1xx_hal_spi.o(.text.HAL_SPI_TransmitReceive)
    [Anonymous Symbol]                       0x080011d8   Section        0  stm32f1xx_hal_cortex.o(.text.HAL_SYSTICK_Config)
    __arm_cp.7_0                             0x080011f8   Number         4  stm32f1xx_hal_cortex.o(.text.HAL_SYSTICK_Config)
    __arm_cp.7_1                             0x080011fc   Number         4  stm32f1xx_hal_cortex.o(.text.HAL_SYSTICK_Config)
    [Anonymous Symbol]                       0x08001200   Section        0  stm32f1xx_hal_uart.o(.text.HAL_UARTEx_RxEventCallback)
    [Anonymous Symbol]                       0x08001202   Section        0  stm32f1xx_hal_uart.o(.text.HAL_UART_ErrorCallback)
    [Anonymous Symbol]                       0x08001204   Section        0  stm32f1xx_hal_uart.o(.text.HAL_UART_IRQHandler)
    __arm_cp.40_0                            0x08001424   Number         4  stm32f1xx_hal_uart.o(.text.HAL_UART_IRQHandler)
    [Anonymous Symbol]                       0x08001428   Section        0  stm32f1xx_hal_uart.o(.text.HAL_UART_Init)
    [Anonymous Symbol]                       0x08001484   Section        0  usart.o(.text.HAL_UART_MspInit)
    __arm_cp.1_0                             0x08001504   Number         4  usart.o(.text.HAL_UART_MspInit)
    [Anonymous Symbol]                       0x08001508   Section        0  stm32f1xx_hal_uart.o(.text.HAL_UART_RxCpltCallback)
    [Anonymous Symbol]                       0x0800150a   Section        0  stm32f1xx_hal_uart.o(.text.HAL_UART_Transmit)
    [Anonymous Symbol]                       0x080015c6   Section        0  stm32f1xx_hal_uart.o(.text.HAL_UART_TxCpltCallback)
    [Anonymous Symbol]                       0x080015c8   Section        0  stm32f1xx_it.o(.text.HardFault_Handler)
    [Anonymous Symbol]                       0x080015cc   Section        0  fatfs.o(.text.MX_FATFS_Init)
    __arm_cp.0_0                             0x080015dc   Number         4  fatfs.o(.text.MX_FATFS_Init)
    __arm_cp.0_1                             0x080015e0   Number         4  fatfs.o(.text.MX_FATFS_Init)
    [Anonymous Symbol]                       0x080015e4   Section        0  gpio.o(.text.MX_GPIO_Init)
    __arm_cp.0_0                             0x08001644   Number         4  gpio.o(.text.MX_GPIO_Init)
    __arm_cp.0_1                             0x08001648   Number         4  gpio.o(.text.MX_GPIO_Init)
    [Anonymous Symbol]                       0x0800164c   Section        0  spi.o(.text.MX_SPI1_Init)
    __arm_cp.0_0                             0x08001688   Number         4  spi.o(.text.MX_SPI1_Init)
    __arm_cp.0_1                             0x0800168c   Number         4  spi.o(.text.MX_SPI1_Init)
    [Anonymous Symbol]                       0x08001690   Section        0  usart.o(.text.MX_USART1_UART_Init)
    __arm_cp.0_0                             0x080016c0   Number         4  usart.o(.text.MX_USART1_UART_Init)
    __arm_cp.0_1                             0x080016c4   Number         4  usart.o(.text.MX_USART1_UART_Init)
    [Anonymous Symbol]                       0x080016c8   Section        0  stm32f1xx_it.o(.text.MemManage_Handler)
    [Anonymous Symbol]                       0x080016ca   Section        0  stm32f1xx_it.o(.text.NMI_Handler)
    [Anonymous Symbol]                       0x080016cc   Section        0  stm32f1xx_it.o(.text.PendSV_Handler)
    [Anonymous Symbol]                       0x080016d0   Section        0  stm32f1xx_it.o(.text.SDTimer_Handler)
    __arm_cp.9_0                             0x080016e8   Number         4  stm32f1xx_it.o(.text.SDTimer_Handler)
    SD_PowerOn                               0x080016ed   Thumb Code    88  fatfs_sd.o(.text.SD_PowerOn)
    [Anonymous Symbol]                       0x080016ec   Section        0  fatfs_sd.o(.text.SD_PowerOn)
    __arm_cp.1_0                             0x08001740   Number         4  fatfs_sd.o(.text.SD_PowerOn)
    SD_ReadyWait                             0x08001745   Thumb Code    32  fatfs_sd.o(.text.SD_ReadyWait)
    [Anonymous Symbol]                       0x08001744   Section        0  fatfs_sd.o(.text.SD_ReadyWait)
    __arm_cp.12_0                            0x08001760   Number         4  fatfs_sd.o(.text.SD_ReadyWait)
    SD_RxDataBlock                           0x08001765   Thumb Code    68  fatfs_sd.o(.text.SD_RxDataBlock)
    [Anonymous Symbol]                       0x08001764   Section        0  fatfs_sd.o(.text.SD_RxDataBlock)
    SD_SendCmd                               0x080017a9   Thumb Code   104  fatfs_sd.o(.text.SD_SendCmd)
    [Anonymous Symbol]                       0x080017a8   Section        0  fatfs_sd.o(.text.SD_SendCmd)
    __arm_cp.3_0                             0x0800180c   Number         4  fatfs_sd.o(.text.SD_SendCmd)
    SD_TxDataBlock                           0x08001811   Thumb Code    90  fatfs_sd.o(.text.SD_TxDataBlock)
    [Anonymous Symbol]                       0x08001810   Section        0  fatfs_sd.o(.text.SD_TxDataBlock)
    [Anonymous Symbol]                       0x0800186c   Section        0  fatfs_sd.o(.text.SD_disk_initialize2)
    __arm_cp.0_1                             0x0800198c   Number         4  fatfs_sd.o(.text.SD_disk_initialize2)
    [Anonymous Symbol]                       0x08001990   Section        0  fatfs_sd.o(.text.SD_disk_ioctl2)
    __arm_cp.11_1                            0x08001ad0   Number         4  fatfs_sd.o(.text.SD_disk_ioctl2)
    __arm_cp.11_2                            0x08001ad4   Number         4  fatfs_sd.o(.text.SD_disk_ioctl2)
    [Anonymous Symbol]                       0x08001ad8   Section        0  fatfs_sd.o(.text.SD_disk_read2)
    [Anonymous Symbol]                       0x08001b6c   Section        0  fatfs_sd.o(.text.SD_disk_status2)
    [Anonymous Symbol]                       0x08001b78   Section        0  fatfs_sd.o(.text.SD_disk_write2)
    __arm_cp.9_0                             0x08001c30   Number         4  fatfs_sd.o(.text.SD_disk_write2)
    __arm_cp.9_1                             0x08001c34   Number         4  fatfs_sd.o(.text.SD_disk_write2)
    SELECT                                   0x08001c39   Thumb Code    28  fatfs_sd.o(.text.SELECT)
    [Anonymous Symbol]                       0x08001c38   Section        0  fatfs_sd.o(.text.SELECT)
    __arm_cp.2_0                             0x08001c50   Number         4  fatfs_sd.o(.text.SELECT)
    SPI_EndRxTxTransaction                   0x08001c55   Thumb Code    34  stm32f1xx_hal_spi.o(.text.SPI_EndRxTxTransaction)
    [Anonymous Symbol]                       0x08001c54   Section        0  stm32f1xx_hal_spi.o(.text.SPI_EndRxTxTransaction)
    SPI_RxByte                               0x08001c79   Thumb Code    48  fatfs_sd.o(.text.SPI_RxByte)
    [Anonymous Symbol]                       0x08001c78   Section        0  fatfs_sd.o(.text.SPI_RxByte)
    SPI_TxBuffer                             0x08001ca9   Thumb Code    36  fatfs_sd.o(.text.SPI_TxBuffer)
    [Anonymous Symbol]                       0x08001ca8   Section        0  fatfs_sd.o(.text.SPI_TxBuffer)
    SPI_TxByte                               0x08001ccd   Thumb Code    40  fatfs_sd.o(.text.SPI_TxByte)
    [Anonymous Symbol]                       0x08001ccc   Section        0  fatfs_sd.o(.text.SPI_TxByte)
    __arm_cp.13_0                            0x08001cf0   Number         4  fatfs_sd.o(.text.SPI_TxByte)
    SPI_WaitFlagStateUntilTimeout            0x08001cf5   Thumb Code   180  stm32f1xx_hal_spi.o(.text.SPI_WaitFlagStateUntilTimeout)
    [Anonymous Symbol]                       0x08001cf4   Section        0  stm32f1xx_hal_spi.o(.text.SPI_WaitFlagStateUntilTimeout)
    __arm_cp.54_0                            0x08001da4   Number         4  stm32f1xx_hal_spi.o(.text.SPI_WaitFlagStateUntilTimeout)
    [Anonymous Symbol]                       0x08001da8   Section        0  stm32f1xx_it.o(.text.SVC_Handler)
    [Anonymous Symbol]                       0x08001dac   Section        0  stm32f1xx_it.o(.text.SysTick_Handler)
    __arm_cp.8_0                             0x08001dcc   Number         4  stm32f1xx_it.o(.text.SysTick_Handler)
    [Anonymous Symbol]                       0x08001dd0   Section        0  main.o(.text.SystemClock_Config)
    [Anonymous Symbol]                       0x08001e2a   Section        0  system_stm32f1xx.o(.text.SystemInit)
    UART_DMAAbortOnError                     0x08001e2d   Thumb Code    12  stm32f1xx_hal_uart.o(.text.UART_DMAAbortOnError)
    [Anonymous Symbol]                       0x08001e2c   Section        0  stm32f1xx_hal_uart.o(.text.UART_DMAAbortOnError)
    UART_EndRxTransfer                       0x08001e39   Thumb Code    44  stm32f1xx_hal_uart.o(.text.UART_EndRxTransfer)
    [Anonymous Symbol]                       0x08001e38   Section        0  stm32f1xx_hal_uart.o(.text.UART_EndRxTransfer)
    UART_Receive_IT                          0x08001e65   Thumb Code   180  stm32f1xx_hal_uart.o(.text.UART_Receive_IT)
    [Anonymous Symbol]                       0x08001e64   Section        0  stm32f1xx_hal_uart.o(.text.UART_Receive_IT)
    UART_SetConfig                           0x08001f19   Thumb Code   128  stm32f1xx_hal_uart.o(.text.UART_SetConfig)
    [Anonymous Symbol]                       0x08001f18   Section        0  stm32f1xx_hal_uart.o(.text.UART_SetConfig)
    __arm_cp.2_0                             0x08001f94   Number         4  stm32f1xx_hal_uart.o(.text.UART_SetConfig)
    UART_WaitOnFlagUntilTimeout              0x08001f99   Thumb Code    88  stm32f1xx_hal_uart.o(.text.UART_WaitOnFlagUntilTimeout)
    [Anonymous Symbol]                       0x08001f98   Section        0  stm32f1xx_hal_uart.o(.text.UART_WaitOnFlagUntilTimeout)
    [Anonymous Symbol]                       0x08001ff0   Section        0  stm32f1xx_it.o(.text.USART1_IRQHandler)
    __arm_cp.10_0                            0x08001ff8   Number         4  stm32f1xx_it.o(.text.USART1_IRQHandler)
    [Anonymous Symbol]                       0x08001ffc   Section        0  user_diskio.o(.text.USER_initialize)
    [Anonymous Symbol]                       0x08002000   Section        0  user_diskio.o(.text.USER_ioctl)
    [Anonymous Symbol]                       0x08002004   Section        0  user_diskio.o(.text.USER_read)
    [Anonymous Symbol]                       0x08002008   Section        0  user_diskio.o(.text.USER_status)
    [Anonymous Symbol]                       0x0800200c   Section        0  user_diskio.o(.text.USER_write)
    [Anonymous Symbol]                       0x08002010   Section        0  stm32f1xx_it.o(.text.UsageFault_Handler)
    __NVIC_SetPriority                       0x08002015   Thumb Code    36  stm32f1xx_hal_cortex.o(.text.__NVIC_SetPriority)
    [Anonymous Symbol]                       0x08002014   Section        0  stm32f1xx_hal_cortex.o(.text.__NVIC_SetPriority)
    __arm_cp.2_0                             0x08002030   Number         4  stm32f1xx_hal_cortex.o(.text.__NVIC_SetPriority)
    __arm_cp.2_1                             0x08002034   Number         4  stm32f1xx_hal_cortex.o(.text.__NVIC_SetPriority)
    check_fs                                 0x08002039   Thumb Code   120  ff.o(.text.check_fs)
    [Anonymous Symbol]                       0x08002038   Section        0  ff.o(.text.check_fs)
    __arm_cp.51_0                            0x080020ac   Number         4  ff.o(.text.check_fs)
    chk_chr                                  0x080020b1   Thumb Code    14  ff.o(.text.chk_chr)
    [Anonymous Symbol]                       0x080020b0   Section        0  ff.o(.text.chk_chr)
    chk_lock                                 0x080020c1   Thumb Code    92  ff.o(.text.chk_lock)
    [Anonymous Symbol]                       0x080020c0   Section        0  ff.o(.text.chk_lock)
    clear_lock                               0x0800211d   Thumb Code    28  ff.o(.text.clear_lock)
    [Anonymous Symbol]                       0x0800211c   Section        0  ff.o(.text.clear_lock)
    clmt_clust                               0x08002139   Thumb Code    58  ff.o(.text.clmt_clust)
    [Anonymous Symbol]                       0x08002138   Section        0  ff.o(.text.clmt_clust)
    [Anonymous Symbol]                       0x08002172   Section        0  ff.o(.text.clust2sect)
    create_chain                             0x08002197   Thumb Code   204  ff.o(.text.create_chain)
    [Anonymous Symbol]                       0x08002196   Section        0  ff.o(.text.create_chain)
    dec_lock                                 0x08002265   Thumb Code    56  ff.o(.text.dec_lock)
    [Anonymous Symbol]                       0x08002264   Section        0  ff.o(.text.dec_lock)
    __arm_cp.25_0                            0x08002298   Number         4  ff.o(.text.dec_lock)
    dir_find                                 0x0800229d   Thumb Code   340  ff.o(.text.dir_find)
    [Anonymous Symbol]                       0x0800229c   Section        0  ff.o(.text.dir_find)
    __arm_cp.52_0                            0x080023ec   Number         4  ff.o(.text.dir_find)
    dir_next                                 0x080023f1   Thumb Code   312  ff.o(.text.dir_next)
    [Anonymous Symbol]                       0x080023f0   Section        0  ff.o(.text.dir_next)
    __arm_cp.33_0                            0x08002520   Number         4  ff.o(.text.dir_next)
    __arm_cp.33_1                            0x08002524   Number         4  ff.o(.text.dir_next)
    dir_register                             0x08002529   Thumb Code   624  ff.o(.text.dir_register)
    [Anonymous Symbol]                       0x08002528   Section        0  ff.o(.text.dir_register)
    __arm_cp.11_0                            0x08002790   Number         4  ff.o(.text.dir_register)
    __arm_cp.11_1                            0x08002794   Number         4  ff.o(.text.dir_register)
    dir_sdi                                  0x08002799   Thumb Code   180  ff.o(.text.dir_sdi)
    [Anonymous Symbol]                       0x08002798   Section        0  ff.o(.text.dir_sdi)
    [Anonymous Symbol]                       0x0800284c   Section        0  diskio.o(.text.disk_initialize)
    [Anonymous Symbol]                       0x0800286c   Section        0  diskio.o(.text.disk_ioctl)
    [Anonymous Symbol]                       0x08002888   Section        0  diskio.o(.text.disk_read)
    [Anonymous Symbol]                       0x080028a4   Section        0  diskio.o(.text.disk_status)
    [Anonymous Symbol]                       0x080028b8   Section        0  diskio.o(.text.disk_write)
    __arm_cp.3_0                             0x080028d4   Number         4  diskio.o(.text.disk_write)
    [Anonymous Symbol]                       0x080028d8   Section        0  ff.o(.text.f_close)
    [Anonymous Symbol]                       0x080028fe   Section        0  ff.o(.text.f_getfree)
    [Anonymous Symbol]                       0x080029e8   Section        0  ff.o(.text.f_gets)
    [Anonymous Symbol]                       0x08002a40   Section        0  ff.o(.text.f_mount)
    __arm_cp.4_0                             0x08002a94   Number         4  ff.o(.text.f_mount)
    [Anonymous Symbol]                       0x08002a98   Section        0  ff.o(.text.f_open)
    __arm_cp.8_0                             0x08002c4c   Number         4  ff.o(.text.f_open)
    __arm_cp.8_1                             0x08002c50   Number         4  ff.o(.text.f_open)
    [Anonymous Symbol]                       0x08002c54   Section        0  ff.o(.text.f_puts)
    [Anonymous Symbol]                       0x08002ca2   Section        0  ff.o(.text.f_read)
    [Anonymous Symbol]                       0x08002e28   Section        0  ff.o(.text.f_sync)
    [Anonymous Symbol]                       0x08002ebe   Section        0  ff.o(.text.f_write)
    [Anonymous Symbol]                       0x0800306c   Section        0  ccsbcs.o(.text.ff_convert)
    __arm_cp.0_0                             0x080030a8   Number         4  ccsbcs.o(.text.ff_convert)
    [Anonymous Symbol]                       0x080030ac   Section        0  ccsbcs.o(.text.ff_wtoupper)
    __arm_cp.1_0                             0x080030c8   Number         4  ccsbcs.o(.text.ff_wtoupper)
    __arm_cp.1_1                             0x080030cc   Number         4  ccsbcs.o(.text.ff_wtoupper)
    find_volume                              0x080030d1   Thumb Code   680  ff.o(.text.find_volume)
    [Anonymous Symbol]                       0x080030d0   Section        0  ff.o(.text.find_volume)
    __arm_cp.7_0                             0x0800336c   Number         4  ff.o(.text.find_volume)
    __arm_cp.7_1                             0x08003370   Number         4  ff.o(.text.find_volume)
    __arm_cp.7_2                             0x08003374   Number         4  ff.o(.text.find_volume)
    follow_path                              0x08003379   Thumb Code   640  ff.o(.text.follow_path)
    [Anonymous Symbol]                       0x08003378   Section        0  ff.o(.text.follow_path)
    __arm_cp.9_1                             0x080035ec   Number         4  ff.o(.text.follow_path)
    [Anonymous Symbol]                       0x080035f8   Section        0  main.o(.text.fputc)
    __arm_cp.4_0                             0x08003614   Number         4  main.o(.text.fputc)
    [Anonymous Symbol]                       0x08003618   Section        0  ff.o(.text.get_fat)
    [Anonymous Symbol]                       0x0800370e   Section        0  fatfs.o(.text.get_fattime)
    get_ldnumber                             0x08003713   Thumb Code    62  ff.o(.text.get_ldnumber)
    [Anonymous Symbol]                       0x08003712   Section        0  ff.o(.text.get_ldnumber)
    inc_lock                                 0x08003751   Thumb Code   124  ff.o(.text.inc_lock)
    [Anonymous Symbol]                       0x08003750   Section        0  ff.o(.text.inc_lock)
    __arm_cp.15_0                            0x080037c8   Number         4  ff.o(.text.inc_lock)
    ld_clust                                 0x080037cd   Thumb Code    32  ff.o(.text.ld_clust)
    [Anonymous Symbol]                       0x080037cc   Section        0  ff.o(.text.ld_clust)
    [Anonymous Symbol]                       0x080037ec   Section        0  main.o(.text.main)
    __arm_cp.0_0                             0x08003918   Number         4  main.o(.text.main)
    __arm_cp.0_1                             0x0800391c   Number         4  main.o(.text.main)
    __arm_cp.0_2                             0x08003920   Number         4  main.o(.text.main)
    __arm_cp.0_3                             0x08003924   Number         4  main.o(.text.main)
    __arm_cp.0_4                             0x08003928   Number         4  main.o(.text.main)
    __arm_cp.0_5                             0x0800392c   Number         4  main.o(.text.main)
    __arm_cp.0_6                             0x08003930   Number         4  main.o(.text.main)
    __arm_cp.0_7                             0x08003934   Number         4  main.o(.text.main)
    __arm_cp.0_8                             0x08003938   Number         4  main.o(.text.main)
    __arm_cp.0_9                             0x0800393c   Number         4  main.o(.text.main)
    __arm_cp.0_10                            0x08003940   Number         4  main.o(.text.main)
    __arm_cp.0_13                            0x08003960   Number         4  main.o(.text.main)
    __arm_cp.0_22                            0x080039e8   Number         4  main.o(.text.main)
    __arm_cp.0_23                            0x080039ec   Number         4  main.o(.text.main)
    mem_cpy                                  0x080039f1   Thumb Code    16  ff.o(.text.mem_cpy)
    [Anonymous Symbol]                       0x080039f0   Section        0  ff.o(.text.mem_cpy)
    mem_set                                  0x08003a01   Thumb Code    12  ff.o(.text.mem_set)
    [Anonymous Symbol]                       0x08003a00   Section        0  ff.o(.text.mem_set)
    move_window                              0x08003a0d   Thumb Code    66  ff.o(.text.move_window)
    [Anonymous Symbol]                       0x08003a0c   Section        0  ff.o(.text.move_window)
    [Anonymous Symbol]                       0x08003a4e   Section        0  ff.o(.text.put_fat)
    putc_bfd                                 0x08003b61   Thumb Code    68  ff.o(.text.putc_bfd)
    [Anonymous Symbol]                       0x08003b60   Section        0  ff.o(.text.putc_bfd)
    remove_chain                             0x08003ba5   Thumb Code   100  ff.o(.text.remove_chain)
    [Anonymous Symbol]                       0x08003ba4   Section        0  ff.o(.text.remove_chain)
    st_clust                                 0x08003c09   Thumb Code    12  ff.o(.text.st_clust)
    [Anonymous Symbol]                       0x08003c08   Section        0  ff.o(.text.st_clust)
    sum_sfn                                  0x08003c15   Thumb Code    28  ff.o(.text.sum_sfn)
    [Anonymous Symbol]                       0x08003c14   Section        0  ff.o(.text.sum_sfn)
    sync_fs                                  0x08003c31   Thumb Code   116  ff.o(.text.sync_fs)
    [Anonymous Symbol]                       0x08003c30   Section        0  ff.o(.text.sync_fs)
    __arm_cp.23_0                            0x08003c9c   Number         4  ff.o(.text.sync_fs)
    __arm_cp.23_1                            0x08003ca0   Number         4  ff.o(.text.sync_fs)
    sync_window                              0x08003ca5   Thumb Code    90  ff.o(.text.sync_window)
    [Anonymous Symbol]                       0x08003ca4   Section        0  ff.o(.text.sync_window)
    validate                                 0x08003cff   Thumb Code    50  ff.o(.text.validate)
    [Anonymous Symbol]                       0x08003cfe   Section        0  ff.o(.text.validate)
    i.__scatterload_copy                     0x08003d30   Section       14  handlers.o(i.__scatterload_copy)
    i.__scatterload_null                     0x08003d3e   Section        2  handlers.o(i.__scatterload_null)
    i.__scatterload_zeroinit                 0x08003d40   Section       14  handlers.o(i.__scatterload_zeroinit)
    i.puts                                   0x08003d50   Section        0  puts.o(i.puts)
    ExCvt                                    0x08003d8c   Data         128  ff.o(.rodata.ExCvt)
    [Anonymous Symbol]                       0x08003d8c   Section        0  ff.o(.rodata.ExCvt)
    LfnOfs                                   0x08003e0c   Data          13  ff.o(.rodata.LfnOfs)
    [Anonymous Symbol]                       0x08003e0c   Section        0  ff.o(.rodata.LfnOfs)
    Tbl                                      0x08003e1a   Data         256  ccsbcs.o(.rodata.Tbl)
    [Anonymous Symbol]                       0x08003e1a   Section        0  ccsbcs.o(.rodata.Tbl)
    .Lstr                                    0x08003f1a   Data          13  main.o(.rodata.str1.1)
    [Anonymous Symbol]                       0x08003f1a   Section        0  main.o(.rodata.str1.1)
    .Lstr.25                                 0x08003f27   Data          11  main.o(.rodata.str1.1)
    .Lstr.20                                 0x08003f32   Data           9  main.o(.rodata.str1.1)
    .Lstr.19                                 0x08003f3b   Data          10  main.o(.rodata.str1.1)
    .Lstr.26                                 0x08003f45   Data          14  main.o(.rodata.str1.1)
    .Lstr.31                                 0x08003f53   Data          12  main.o(.rodata.str1.1)
    .Lstr.32                                 0x08003f5f   Data          13  main.o(.rodata.str1.1)
    .L.str.4                                 0x08003f6c   Data           9  main.o(.rodata.str1.1)
    .L.str.1                                 0x08003f74   Data           1  main.o(.rodata.str1.1)
    ff_wtoupper.tbl_upper                    0x08003f76   Data         480  ccsbcs.o(.rodata.str2.2)
    [Anonymous Symbol]                       0x08003f76   Section        0  ccsbcs.o(.rodata.str2.2)
    ff_wtoupper.tbl_lower                    0x08004156   Data         480  ccsbcs.o(.rodata.str2.2)
    .data                                    0x20000000   Section        4  stdout.o(.data)
    [Anonymous Symbol]                       0x20000004   Section        0  stm32f1xx_hal.o(.data..L_MergedGlobals)
    Stat                                     0x2000000c   Data           1  fatfs_sd.o(.data.Stat)
    [Anonymous Symbol]                       0x2000000c   Section        0  fatfs_sd.o(.data.Stat)
    [Anonymous Symbol]                       0x20000038   Section        0  main.o(.bss..L_MergedGlobals)
    [Anonymous Symbol]                       0x200000ac   Section        0  stm32f1xx_it.o(.bss..L_MergedGlobals)
    CardType                                 0x200000b0   Data           1  fatfs_sd.o(.bss..L_MergedGlobals)
    [Anonymous Symbol]                       0x200000b0   Section        0  fatfs_sd.o(.bss..L_MergedGlobals)
    PowerFlag                                0x200000b1   Data           1  fatfs_sd.o(.bss..L_MergedGlobals)
    [Anonymous Symbol]                       0x200000b2   Section        0  fatfs.o(.bss..L_MergedGlobals)
    Fsid                                     0x200000b8   Data           2  ff.o(.bss..L_MergedGlobals)
    [Anonymous Symbol]                       0x200000b8   Section        0  ff.o(.bss..L_MergedGlobals)
    FatFs                                    0x200000bc   Data           4  ff.o(.bss..L_MergedGlobals)
    Files                                    0x200000c4   Data          24  ff.o(.bss.Files)
    [Anonymous Symbol]                       0x200000c4   Section        0  ff.o(.bss.Files)
    LfnBuf                                   0x200000dc   Data         512  ff.o(.bss.LfnBuf)
    [Anonymous Symbol]                       0x200000dc   Section        0  ff.o(.bss.LfnBuf)
    STACK                                    0x200023e8   Section     1024  startup_stm32f103xe.o(STACK)

    Global Symbols

    Symbol Name                              Value     Ov Type        Size  Object(Section)

    BuildAttributes$$THM_ISAv4$P$D$K$B$S$PE$A:L22UL41UL21$X:L11$S22US41US21$IEEE1$IW$~IW$USESV6$~STKCKD$USESV7$~SHL$OSPACE$ROPI$EBA8$MICROLIB$REQ8$PRES8$EABIv2 0x00000000   Number         0  anon$$obj.o ABSOLUTE
    __cpp_initialize__aeabi_                  - Undefined Weak Reference
    __cxa_finalize                            - Undefined Weak Reference
    __decompress                              - Undefined Weak Reference
    _clock_init                               - Undefined Weak Reference
    _microlib_exit                            - Undefined Weak Reference
    __Vectors_Size                           0x00000130   Number         0  startup_stm32f103xe.o ABSOLUTE
    __Vectors                                0x08000000   Data           4  startup_stm32f103xe.o(RESET)
    __Vectors_End                            0x08000130   Data           0  startup_stm32f103xe.o(RESET)
    __main                                   0x08000131   Thumb Code     0  entry.o(.ARM.Collect$$$$00000000)
    _main_stk                                0x08000131   Thumb Code     0  entry2.o(.ARM.Collect$$$$00000001)
    _main_scatterload                        0x08000135   Thumb Code     0  entry5.o(.ARM.Collect$$$$00000004)
    __main_after_scatterload                 0x08000139   Thumb Code     0  entry5.o(.ARM.Collect$$$$00000004)
    _main_clock                              0x08000139   Thumb Code     0  entry7b.o(.ARM.Collect$$$$00000008)
    _main_cpp_init                           0x08000139   Thumb Code     0  entry8b.o(.ARM.Collect$$$$0000000A)
    _main_init                               0x08000139   Thumb Code     0  entry9a.o(.ARM.Collect$$$$0000000B)
    __rt_final_cpp                           0x08000141   Thumb Code     0  entry10a.o(.ARM.Collect$$$$0000000D)
    __rt_final_exit                          0x08000141   Thumb Code     0  entry11a.o(.ARM.Collect$$$$0000000F)
    Reset_Handler                            0x08000145   Thumb Code     8  startup_stm32f103xe.o(.text)
    ADC1_2_IRQHandler                        0x0800015f   Thumb Code     0  startup_stm32f103xe.o(.text)
    ADC3_IRQHandler                          0x0800015f   Thumb Code     0  startup_stm32f103xe.o(.text)
    CAN1_RX1_IRQHandler                      0x0800015f   Thumb Code     0  startup_stm32f103xe.o(.text)
    CAN1_SCE_IRQHandler                      0x0800015f   Thumb Code     0  startup_stm32f103xe.o(.text)
    DMA1_Channel1_IRQHandler                 0x0800015f   Thumb Code     0  startup_stm32f103xe.o(.text)
    DMA1_Channel2_IRQHandler                 0x0800015f   Thumb Code     0  startup_stm32f103xe.o(.text)
    DMA1_Channel3_IRQHandler                 0x0800015f   Thumb Code     0  startup_stm32f103xe.o(.text)
    DMA1_Channel4_IRQHandler                 0x0800015f   Thumb Code     0  startup_stm32f103xe.o(.text)
    DMA1_Channel5_IRQHandler                 0x0800015f   Thumb Code     0  startup_stm32f103xe.o(.text)
    DMA1_Channel6_IRQHandler                 0x0800015f   Thumb Code     0  startup_stm32f103xe.o(.text)
    DMA1_Channel7_IRQHandler                 0x0800015f   Thumb Code     0  startup_stm32f103xe.o(.text)
    DMA2_Channel1_IRQHandler                 0x0800015f   Thumb Code     0  startup_stm32f103xe.o(.text)
    DMA2_Channel2_IRQHandler                 0x0800015f   Thumb Code     0  startup_stm32f103xe.o(.text)
    DMA2_Channel3_IRQHandler                 0x0800015f   Thumb Code     0  startup_stm32f103xe.o(.text)
    DMA2_Channel4_5_IRQHandler               0x0800015f   Thumb Code     0  startup_stm32f103xe.o(.text)
    EXTI0_IRQHandler                         0x0800015f   Thumb Code     0  startup_stm32f103xe.o(.text)
    EXTI15_10_IRQHandler                     0x0800015f   Thumb Code     0  startup_stm32f103xe.o(.text)
    EXTI1_IRQHandler                         0x0800015f   Thumb Code     0  startup_stm32f103xe.o(.text)
    EXTI2_IRQHandler                         0x0800015f   Thumb Code     0  startup_stm32f103xe.o(.text)
    EXTI3_IRQHandler                         0x0800015f   Thumb Code     0  startup_stm32f103xe.o(.text)
    EXTI4_IRQHandler                         0x0800015f   Thumb Code     0  startup_stm32f103xe.o(.text)
    EXTI9_5_IRQHandler                       0x0800015f   Thumb Code     0  startup_stm32f103xe.o(.text)
    FLASH_IRQHandler                         0x0800015f   Thumb Code     0  startup_stm32f103xe.o(.text)
    FSMC_IRQHandler                          0x0800015f   Thumb Code     0  startup_stm32f103xe.o(.text)
    I2C1_ER_IRQHandler                       0x0800015f   Thumb Code     0  startup_stm32f103xe.o(.text)
    I2C1_EV_IRQHandler                       0x0800015f   Thumb Code     0  startup_stm32f103xe.o(.text)
    I2C2_ER_IRQHandler                       0x0800015f   Thumb Code     0  startup_stm32f103xe.o(.text)
    I2C2_EV_IRQHandler                       0x0800015f   Thumb Code     0  startup_stm32f103xe.o(.text)
    PVD_IRQHandler                           0x0800015f   Thumb Code     0  startup_stm32f103xe.o(.text)
    RCC_IRQHandler                           0x0800015f   Thumb Code     0  startup_stm32f103xe.o(.text)
    RTC_Alarm_IRQHandler                     0x0800015f   Thumb Code     0  startup_stm32f103xe.o(.text)
    RTC_IRQHandler                           0x0800015f   Thumb Code     0  startup_stm32f103xe.o(.text)
    SDIO_IRQHandler                          0x0800015f   Thumb Code     0  startup_stm32f103xe.o(.text)
    SPI1_IRQHandler                          0x0800015f   Thumb Code     0  startup_stm32f103xe.o(.text)
    SPI2_IRQHandler                          0x0800015f   Thumb Code     0  startup_stm32f103xe.o(.text)
    SPI3_IRQHandler                          0x0800015f   Thumb Code     0  startup_stm32f103xe.o(.text)
    TAMPER_IRQHandler                        0x0800015f   Thumb Code     0  startup_stm32f103xe.o(.text)
    TIM1_BRK_IRQHandler                      0x0800015f   Thumb Code     0  startup_stm32f103xe.o(.text)
    TIM1_CC_IRQHandler                       0x0800015f   Thumb Code     0  startup_stm32f103xe.o(.text)
    TIM1_TRG_COM_IRQHandler                  0x0800015f   Thumb Code     0  startup_stm32f103xe.o(.text)
    TIM1_UP_IRQHandler                       0x0800015f   Thumb Code     0  startup_stm32f103xe.o(.text)
    TIM2_IRQHandler                          0x0800015f   Thumb Code     0  startup_stm32f103xe.o(.text)
    TIM3_IRQHandler                          0x0800015f   Thumb Code     0  startup_stm32f103xe.o(.text)
    TIM4_IRQHandler                          0x0800015f   Thumb Code     0  startup_stm32f103xe.o(.text)
    TIM5_IRQHandler                          0x0800015f   Thumb Code     0  startup_stm32f103xe.o(.text)
    TIM6_IRQHandler                          0x0800015f   Thumb Code     0  startup_stm32f103xe.o(.text)
    TIM7_IRQHandler                          0x0800015f   Thumb Code     0  startup_stm32f103xe.o(.text)
    TIM8_BRK_IRQHandler                      0x0800015f   Thumb Code     0  startup_stm32f103xe.o(.text)
    TIM8_CC_IRQHandler                       0x0800015f   Thumb Code     0  startup_stm32f103xe.o(.text)
    TIM8_TRG_COM_IRQHandler                  0x0800015f   Thumb Code     0  startup_stm32f103xe.o(.text)
    TIM8_UP_IRQHandler                       0x0800015f   Thumb Code     0  startup_stm32f103xe.o(.text)
    UART4_IRQHandler                         0x0800015f   Thumb Code     0  startup_stm32f103xe.o(.text)
    UART5_IRQHandler                         0x0800015f   Thumb Code     0  startup_stm32f103xe.o(.text)
    USART2_IRQHandler                        0x0800015f   Thumb Code     0  startup_stm32f103xe.o(.text)
    USART3_IRQHandler                        0x0800015f   Thumb Code     0  startup_stm32f103xe.o(.text)
    USBWakeUp_IRQHandler                     0x0800015f   Thumb Code     0  startup_stm32f103xe.o(.text)
    USB_HP_CAN1_TX_IRQHandler                0x0800015f   Thumb Code     0  startup_stm32f103xe.o(.text)
    USB_LP_CAN1_RX0_IRQHandler               0x0800015f   Thumb Code     0  startup_stm32f103xe.o(.text)
    WWDG_IRQHandler                          0x0800015f   Thumb Code     0  startup_stm32f103xe.o(.text)
    __aeabi_llsr                             0x08000169   Thumb Code    32  llushr.o(.text)
    _ll_ushift_r                             0x08000169   Thumb Code     0  llushr.o(.text)
    __aeabi_memset                           0x08000189   Thumb Code    14  memseta.o(.text)
    __aeabi_memset4                          0x08000189   Thumb Code     0  memseta.o(.text)
    __aeabi_memset8                          0x08000189   Thumb Code     0  memseta.o(.text)
    __aeabi_memclr                           0x08000197   Thumb Code     4  memseta.o(.text)
    __aeabi_memclr4                          0x08000197   Thumb Code     0  memseta.o(.text)
    __aeabi_memclr8                          0x08000197   Thumb Code     0  memseta.o(.text)
    _memset$wrapper                          0x0800019b   Thumb Code    18  memseta.o(.text)
    __aeabi_dmul                             0x080001ad   Thumb Code   228  dmul.o(.text)
    __aeabi_ui2d                             0x08000291   Thumb Code    26  dfltui.o(.text)
    __aeabi_d2uiz                            0x080002ab   Thumb Code    50  dfixui.o(.text)
    __I$use$fp                               0x080002dd   Thumb Code     0  iusefp.o(.text)
    _double_round                            0x080002dd   Thumb Code    30  depilogue.o(.text)
    _double_epilogue                         0x080002fb   Thumb Code   156  depilogue.o(.text)
    __scatterload                            0x08000399   Thumb Code    28  init.o(.text)
    __scatterload_rt2                        0x08000399   Thumb Code     0  init.o(.text)
    __aeabi_llsl                             0x080003bd   Thumb Code    30  llshl.o(.text)
    _ll_shift_l                              0x080003bd   Thumb Code     0  llshl.o(.text)
    BusFault_Handler                         0x080003db   Thumb Code     2  stm32f1xx_it.o(.text.BusFault_Handler)
    DebugMon_Handler                         0x080003f9   Thumb Code     2  stm32f1xx_it.o(.text.DebugMon_Handler)
    Error_Handler                            0x080003fd   Thumb Code    24  main.o(.text.Error_Handler)
    FATFS_LinkDriver                         0x08000415   Thumb Code     6  ff_gen_drv.o(.text.FATFS_LinkDriver)
    FATFS_LinkDriverEx                       0x0800041d   Thumb Code    64  ff_gen_drv.o(.text.FATFS_LinkDriverEx)
    HAL_DMA_Abort                            0x0800045d   Thumb Code    62  stm32f1xx_hal_dma.o(.text.HAL_DMA_Abort)
    HAL_DMA_Abort_IT                         0x0800049d   Thumb Code   240  stm32f1xx_hal_dma.o(.text.HAL_DMA_Abort_IT)
    HAL_Delay                                0x0800058d   Thumb Code    32  stm32f1xx_hal.o(.text.HAL_Delay)
    HAL_GPIO_Init                            0x080005ad   Thumb Code   420  stm32f1xx_hal_gpio.o(.text.HAL_GPIO_Init)
    HAL_GPIO_WritePin                        0x08000751   Thumb Code    10  stm32f1xx_hal_gpio.o(.text.HAL_GPIO_WritePin)
    HAL_GetTick                              0x0800075d   Thumb Code     8  stm32f1xx_hal.o(.text.HAL_GetTick)
    HAL_IncTick                              0x08000765   Thumb Code    20  stm32f1xx_hal.o(.text.HAL_IncTick)
    HAL_Init                                 0x08000779   Thumb Code    32  stm32f1xx_hal.o(.text.HAL_Init)
    HAL_InitTick                             0x08000799   Thumb Code    60  stm32f1xx_hal.o(.text.HAL_InitTick)
    HAL_MspInit                              0x080007d5   Thumb Code    64  stm32f1xx_hal_msp.o(.text.HAL_MspInit)
    HAL_NVIC_EnableIRQ                       0x08000815   Thumb Code    28  stm32f1xx_hal_cortex.o(.text.HAL_NVIC_EnableIRQ)
    HAL_NVIC_SetPriority                     0x08000831   Thumb Code    56  stm32f1xx_hal_cortex.o(.text.HAL_NVIC_SetPriority)
    HAL_NVIC_SetPriorityGrouping             0x08000869   Thumb Code    32  stm32f1xx_hal_cortex.o(.text.HAL_NVIC_SetPriorityGrouping)
    HAL_RCC_ClockConfig                      0x08000889   Thumb Code   316  stm32f1xx_hal_rcc.o(.text.HAL_RCC_ClockConfig)
    HAL_RCC_GetPCLK1Freq                     0x080009c5   Thumb Code    20  stm32f1xx_hal_rcc.o(.text.HAL_RCC_GetPCLK1Freq)
    HAL_RCC_GetPCLK2Freq                     0x080009d9   Thumb Code    28  stm32f1xx_hal_rcc.o(.text.HAL_RCC_GetPCLK2Freq)
    HAL_RCC_GetSysClockFreq                  0x080009f5   Thumb Code    84  stm32f1xx_hal_rcc.o(.text.HAL_RCC_GetSysClockFreq)
    HAL_RCC_OscConfig                        0x08000a49   Thumb Code   816  stm32f1xx_hal_rcc.o(.text.HAL_RCC_OscConfig)
    HAL_SPI_GetState                         0x08000d79   Thumb Code     6  stm32f1xx_hal_spi.o(.text.HAL_SPI_GetState)
    HAL_SPI_Init                             0x08000d7f   Thumb Code   178  stm32f1xx_hal_spi.o(.text.HAL_SPI_Init)
    HAL_SPI_MspInit                          0x08000e31   Thumb Code   116  spi.o(.text.HAL_SPI_MspInit)
    HAL_SPI_Transmit                         0x08000ea5   Thumb Code   356  stm32f1xx_hal_spi.o(.text.HAL_SPI_Transmit)
    HAL_SPI_TransmitReceive                  0x08001009   Thumb Code   464  stm32f1xx_hal_spi.o(.text.HAL_SPI_TransmitReceive)
    HAL_SYSTICK_Config                       0x080011d9   Thumb Code    40  stm32f1xx_hal_cortex.o(.text.HAL_SYSTICK_Config)
    HAL_UARTEx_RxEventCallback               0x08001201   Thumb Code     2  stm32f1xx_hal_uart.o(.text.HAL_UARTEx_RxEventCallback)
    HAL_UART_ErrorCallback                   0x08001203   Thumb Code     2  stm32f1xx_hal_uart.o(.text.HAL_UART_ErrorCallback)
    HAL_UART_IRQHandler                      0x08001205   Thumb Code   548  stm32f1xx_hal_uart.o(.text.HAL_UART_IRQHandler)
    HAL_UART_Init                            0x08001429   Thumb Code    92  stm32f1xx_hal_uart.o(.text.HAL_UART_Init)
    HAL_UART_MspInit                         0x08001485   Thumb Code   132  usart.o(.text.HAL_UART_MspInit)
    HAL_UART_RxCpltCallback                  0x08001509   Thumb Code     2  stm32f1xx_hal_uart.o(.text.HAL_UART_RxCpltCallback)
    HAL_UART_Transmit                        0x0800150b   Thumb Code   188  stm32f1xx_hal_uart.o(.text.HAL_UART_Transmit)
    HAL_UART_TxCpltCallback                  0x080015c7   Thumb Code     2  stm32f1xx_hal_uart.o(.text.HAL_UART_TxCpltCallback)
    HardFault_Handler                        0x080015c9   Thumb Code     2  stm32f1xx_it.o(.text.HardFault_Handler)
    MX_FATFS_Init                            0x080015cd   Thumb Code    24  fatfs.o(.text.MX_FATFS_Init)
    MX_GPIO_Init                             0x080015e5   Thumb Code   104  gpio.o(.text.MX_GPIO_Init)
    MX_SPI1_Init                             0x0800164d   Thumb Code    68  spi.o(.text.MX_SPI1_Init)
    MX_USART1_UART_Init                      0x08001691   Thumb Code    56  usart.o(.text.MX_USART1_UART_Init)
    MemManage_Handler                        0x080016c9   Thumb Code     2  stm32f1xx_it.o(.text.MemManage_Handler)
    NMI_Handler                              0x080016cb   Thumb Code     2  stm32f1xx_it.o(.text.NMI_Handler)
    PendSV_Handler                           0x080016cd   Thumb Code     2  stm32f1xx_it.o(.text.PendSV_Handler)
    SDTimer_Handler                          0x080016d1   Thumb Code    28  stm32f1xx_it.o(.text.SDTimer_Handler)
    SD_disk_initialize2                      0x0800186d   Thumb Code   292  fatfs_sd.o(.text.SD_disk_initialize2)
    SD_disk_ioctl2                           0x08001991   Thumb Code   328  fatfs_sd.o(.text.SD_disk_ioctl2)
    SD_disk_read2                            0x08001ad9   Thumb Code   148  fatfs_sd.o(.text.SD_disk_read2)
    SD_disk_status2                          0x08001b6d   Thumb Code    12  fatfs_sd.o(.text.SD_disk_status2)
    SD_disk_write2                           0x08001b79   Thumb Code   192  fatfs_sd.o(.text.SD_disk_write2)
    SVC_Handler                              0x08001da9   Thumb Code     2  stm32f1xx_it.o(.text.SVC_Handler)
    SysTick_Handler                          0x08001dad   Thumb Code    36  stm32f1xx_it.o(.text.SysTick_Handler)
    SystemClock_Config                       0x08001dd1   Thumb Code    90  main.o(.text.SystemClock_Config)
    SystemInit                               0x08001e2b   Thumb Code     2  system_stm32f1xx.o(.text.SystemInit)
    USART1_IRQHandler                        0x08001ff1   Thumb Code    12  stm32f1xx_it.o(.text.USART1_IRQHandler)
    USER_initialize                          0x08001ffd   Thumb Code     4  user_diskio.o(.text.USER_initialize)
    USER_ioctl                               0x08002001   Thumb Code     4  user_diskio.o(.text.USER_ioctl)
    USER_read                                0x08002005   Thumb Code     4  user_diskio.o(.text.USER_read)
    USER_status                              0x08002009   Thumb Code     4  user_diskio.o(.text.USER_status)
    USER_write                               0x0800200d   Thumb Code     4  user_diskio.o(.text.USER_write)
    UsageFault_Handler                       0x08002011   Thumb Code     2  stm32f1xx_it.o(.text.UsageFault_Handler)
    clust2sect                               0x08002173   Thumb Code    36  ff.o(.text.clust2sect)
    disk_initialize                          0x0800284d   Thumb Code    32  diskio.o(.text.disk_initialize)
    disk_ioctl                               0x0800286d   Thumb Code    28  diskio.o(.text.disk_ioctl)
    disk_read                                0x08002889   Thumb Code    28  diskio.o(.text.disk_read)
    disk_status                              0x080028a5   Thumb Code    20  diskio.o(.text.disk_status)
    disk_write                               0x080028b9   Thumb Code    32  diskio.o(.text.disk_write)
    f_close                                  0x080028d9   Thumb Code    38  ff.o(.text.f_close)
    f_getfree                                0x080028ff   Thumb Code   234  ff.o(.text.f_getfree)
    f_gets                                   0x080029e9   Thumb Code    86  ff.o(.text.f_gets)
    f_mount                                  0x08002a41   Thumb Code    88  ff.o(.text.f_mount)
    f_open                                   0x08002a99   Thumb Code   444  ff.o(.text.f_open)
    f_puts                                   0x08002c55   Thumb Code    78  ff.o(.text.f_puts)
    f_read                                   0x08002ca3   Thumb Code   390  ff.o(.text.f_read)
    f_sync                                   0x08002e29   Thumb Code   150  ff.o(.text.f_sync)
    f_write                                  0x08002ebf   Thumb Code   430  ff.o(.text.f_write)
    ff_convert                               0x0800306d   Thumb Code    64  ccsbcs.o(.text.ff_convert)
    ff_wtoupper                              0x080030ad   Thumb Code    36  ccsbcs.o(.text.ff_wtoupper)
    fputc                                    0x080035f9   Thumb Code    32  main.o(.text.fputc)
    get_fat                                  0x08003619   Thumb Code   246  ff.o(.text.get_fat)
    get_fattime                              0x0800370f   Thumb Code     4  fatfs.o(.text.get_fattime)
    main                                     0x080037ed   Thumb Code   516  main.o(.text.main)
    put_fat                                  0x08003a4f   Thumb Code   274  ff.o(.text.put_fat)
    __scatterload_copy                       0x08003d31   Thumb Code    14  handlers.o(i.__scatterload_copy)
    __scatterload_null                       0x08003d3f   Thumb Code     2  handlers.o(i.__scatterload_null)
    __scatterload_zeroinit                   0x08003d41   Thumb Code    14  handlers.o(i.__scatterload_zeroinit)
    puts                                     0x08003d51   Thumb Code    30  puts.o(i.puts)
    AHBPrescTable                            0x08003d74   Data          16  system_stm32f1xx.o(.rodata.AHBPrescTable)
    APBPrescTable                            0x08003d84   Data           8  system_stm32f1xx.o(.rodata.APBPrescTable)
    Region$$Table$$Base                      0x08004338   Number         0  anon$$obj.o(Region$$Table)
    Region$$Table$$Limit                     0x08004358   Number         0  anon$$obj.o(Region$$Table)
    __stdout                                 0x20000000   Data           4  stdout.o(.data)
    uwTickFreq                               0x20000004   Data           1  stm32f1xx_hal.o(.data..L_MergedGlobals)
    uwTickPrio                               0x20000008   Data           4  stm32f1xx_hal.o(.data..L_MergedGlobals)
    SystemCoreClock                          0x20000010   Data           4  system_stm32f1xx.o(.data.SystemCoreClock)
    USER_Driver                              0x20000014   Data          20  user_diskio.o(.data.USER_Driver)
    error                                    0x20000028   Data          12  main.o(.data.error)
    fre_clust                                0x20000038   Data           4  main.o(.bss..L_MergedGlobals)
    pfs                                      0x2000003c   Data           4  main.o(.bss..L_MergedGlobals)
    total                                    0x20000040   Data           4  main.o(.bss..L_MergedGlobals)
    free                                     0x20000044   Data           4  main.o(.bss..L_MergedGlobals)
    buffer                                   0x20000048   Data         100  main.o(.bss..L_MergedGlobals)
    Timer1                                   0x200000ac   Data           2  stm32f1xx_it.o(.bss..L_MergedGlobals)
    Timer2                                   0x200000ae   Data           2  stm32f1xx_it.o(.bss..L_MergedGlobals)
    retUSER                                  0x200000b2   Data           1  fatfs.o(.bss..L_MergedGlobals)
    USERPath                                 0x200000b3   Data           4  fatfs.o(.bss..L_MergedGlobals)
    FatFsCnt                                 0x200000c0   Data           1  stm32f1xx_it.o(.bss.FatFsCnt)
    disk                                     0x200002dc   Data          12  ff_gen_drv.o(.bss.disk)
    fil                                      0x200002e8   Data        4140  main.o(.bss.fil)
    fs                                       0x20001314   Data        4144  main.o(.bss.fs)
    hspi1                                    0x20002344   Data          88  spi.o(.bss.hspi1)
    huart1                                   0x2000239c   Data          68  usart.o(.bss.huart1)
    uwTick                                   0x200023e0   Data           4  stm32f1xx_hal.o(.bss.uwTick)
    __initial_sp                             0x200027e8   Data           0  startup_stm32f103xe.o(STACK)



==============================================================================

Memory Map of the image

  Image Entry point : 0x08000131

  Load Region LR_IROM1 (Base: 0x08000000, Size: 0x00004390, Max: 0x00080000, ABSOLUTE)

    Execution Region ER_IROM1 (Exec base: 0x08000000, Load base: 0x08000000, Size: 0x00004358, Max: 0x00080000, ABSOLUTE)

    Exec Addr    Load Addr    Size         Type   Attr      Idx    E Section Name        Object

    0x08000000   0x08000000   0x00000130   Data   RO            3    RESET               startup_stm32f103xe.o
    0x08000130   0x08000130   0x00000000   Code   RO         1046  * .ARM.Collect$$$$00000000  mc_w.l(entry.o)
    0x08000130   0x08000130   0x00000004   Code   RO         1063    .ARM.Collect$$$$00000001  mc_w.l(entry2.o)
    0x08000134   0x08000134   0x00000004   Code   RO         1066    .ARM.Collect$$$$00000004  mc_w.l(entry5.o)
    0x08000138   0x08000138   0x00000000   Code   RO         1068    .ARM.Collect$$$$00000008  mc_w.l(entry7b.o)
    0x08000138   0x08000138   0x00000000   Code   RO         1070    .ARM.Collect$$$$0000000A  mc_w.l(entry8b.o)
    0x08000138   0x08000138   0x00000008   Code   RO         1071    .ARM.Collect$$$$0000000B  mc_w.l(entry9a.o)
    0x08000140   0x08000140   0x00000000   Code   RO         1073    .ARM.Collect$$$$0000000D  mc_w.l(entry10a.o)
    0x08000140   0x08000140   0x00000000   Code   RO         1075    .ARM.Collect$$$$0000000F  mc_w.l(entry11a.o)
    0x08000140   0x08000140   0x00000004   Code   RO         1064    .ARM.Collect$$$$00002712  mc_w.l(entry2.o)
    0x08000144   0x08000144   0x00000024   Code   RO            4    .text               startup_stm32f103xe.o
    0x08000168   0x08000168   0x00000020   Code   RO         1053    .text               mc_w.l(llushr.o)
    0x08000188   0x08000188   0x00000024   Code   RO         1055    .text               mc_w.l(memseta.o)
    0x080001ac   0x080001ac   0x000000e4   Code   RO         1057    .text               mf_w.l(dmul.o)
    0x08000290   0x08000290   0x0000001a   Code   RO         1059    .text               mf_w.l(dfltui.o)
    0x080002aa   0x080002aa   0x00000032   Code   RO         1061    .text               mf_w.l(dfixui.o)
    0x080002dc   0x080002dc   0x00000000   Code   RO         1078    .text               mc_w.l(iusefp.o)
    0x080002dc   0x080002dc   0x000000ba   Code   RO         1079    .text               mf_w.l(depilogue.o)
    0x08000396   0x08000396   0x00000002   PAD
    0x08000398   0x08000398   0x00000024   Code   RO         1081    .text               mc_w.l(init.o)
    0x080003bc   0x080003bc   0x0000001e   Code   RO         1083    .text               mc_w.l(llshl.o)
    0x080003da   0x080003da   0x00000002   Code   RO           86    .text.BusFault_Handler  stm32f1xx_it.o
    0x080003dc   0x080003dc   0x0000001c   Code   RO          799    .text.DESELECT      fatfs_sd.o
    0x080003f8   0x080003f8   0x00000002   Code   RO           92    .text.DebugMon_Handler  stm32f1xx_it.o
    0x080003fa   0x080003fa   0x00000002   PAD
    0x080003fc   0x080003fc   0x00000018   Code   RO           15    .text.Error_Handler  main.o
    0x08000414   0x08000414   0x00000006   Code   RO         1013    .text.FATFS_LinkDriver  ff_gen_drv.o
    0x0800041a   0x0800041a   0x00000002   PAD
    0x0800041c   0x0800041c   0x00000040   Code   RO         1011    .text.FATFS_LinkDriverEx  ff_gen_drv.o
    0x0800045c   0x0800045c   0x0000003e   Code   RO          285    .text.HAL_DMA_Abort  stm32f1xx_hal_dma.o
    0x0800049a   0x0800049a   0x00000002   PAD
    0x0800049c   0x0800049c   0x000000f0   Code   RO          287    .text.HAL_DMA_Abort_IT  stm32f1xx_hal_dma.o
    0x0800058c   0x0800058c   0x00000020   Code   RO          157    .text.HAL_Delay     stm32f1xx_hal.o
    0x080005ac   0x080005ac   0x000001a4   Code   RO          250    .text.HAL_GPIO_Init  stm32f1xx_hal_gpio.o
    0x08000750   0x08000750   0x0000000a   Code   RO          256    .text.HAL_GPIO_WritePin  stm32f1xx_hal_gpio.o
    0x0800075a   0x0800075a   0x00000002   PAD
    0x0800075c   0x0800075c   0x00000008   Code   RO          149    .text.HAL_GetTick   stm32f1xx_hal.o
    0x08000764   0x08000764   0x00000014   Code   RO          147    .text.HAL_IncTick   stm32f1xx_hal.o
    0x08000778   0x08000778   0x00000020   Code   RO          137    .text.HAL_Init      stm32f1xx_hal.o
    0x08000798   0x08000798   0x0000003c   Code   RO          139    .text.HAL_InitTick  stm32f1xx_hal.o
    0x080007d4   0x080007d4   0x00000040   Code   RO          112    .text.HAL_MspInit   stm32f1xx_hal_msp.o
    0x08000814   0x08000814   0x0000001c   Code   RO          316    .text.HAL_NVIC_EnableIRQ  stm32f1xx_hal_cortex.o
    0x08000830   0x08000830   0x00000038   Code   RO          312    .text.HAL_NVIC_SetPriority  stm32f1xx_hal_cortex.o
    0x08000868   0x08000868   0x00000020   Code   RO          310    .text.HAL_NVIC_SetPriorityGrouping  stm32f1xx_hal_cortex.o
    0x08000888   0x08000888   0x0000013c   Code   RO          202    .text.HAL_RCC_ClockConfig  stm32f1xx_hal_rcc.o
    0x080009c4   0x080009c4   0x00000014   Code   RO          214    .text.HAL_RCC_GetPCLK1Freq  stm32f1xx_hal_rcc.o
    0x080009d8   0x080009d8   0x0000001c   Code   RO          216    .text.HAL_RCC_GetPCLK2Freq  stm32f1xx_hal_rcc.o
    0x080009f4   0x080009f4   0x00000054   Code   RO          204    .text.HAL_RCC_GetSysClockFreq  stm32f1xx_hal_rcc.o
    0x08000a48   0x08000a48   0x00000330   Code   RO          200    .text.HAL_RCC_OscConfig  stm32f1xx_hal_rcc.o
    0x08000d78   0x08000d78   0x00000006   Code   RO          586    .text.HAL_SPI_GetState  stm32f1xx_hal_spi.o
    0x08000d7e   0x08000d7e   0x000000b2   Code   RO          488    .text.HAL_SPI_Init  stm32f1xx_hal_spi.o
    0x08000e30   0x08000e30   0x00000074   Code   RO           50    .text.HAL_SPI_MspInit  spi.o
    0x08000ea4   0x08000ea4   0x00000164   Code   RO          496    .text.HAL_SPI_Transmit  stm32f1xx_hal_spi.o
    0x08001008   0x08001008   0x000001d0   Code   RO          502    .text.HAL_SPI_TransmitReceive  stm32f1xx_hal_spi.o
    0x080011d8   0x080011d8   0x00000028   Code   RO          324    .text.HAL_SYSTICK_Config  stm32f1xx_hal_cortex.o
    0x08001200   0x08001200   0x00000002   Code   RO          697    .text.HAL_UARTEx_RxEventCallback  stm32f1xx_hal_uart.o
    0x08001202   0x08001202   0x00000002   Code   RO          695    .text.HAL_UART_ErrorCallback  stm32f1xx_hal_uart.o
    0x08001204   0x08001204   0x00000224   Code   RO          689    .text.HAL_UART_IRQHandler  stm32f1xx_hal_uart.o
    0x08001428   0x08001428   0x0000005c   Code   RO          609    .text.HAL_UART_Init  stm32f1xx_hal_uart.o
    0x08001484   0x08001484   0x00000084   Code   RO           66    .text.HAL_UART_MspInit  usart.o
    0x08001508   0x08001508   0x00000002   Code   RO          703    .text.HAL_UART_RxCpltCallback  stm32f1xx_hal_uart.o
    0x0800150a   0x0800150a   0x000000bc   Code   RO          625    .text.HAL_UART_Transmit  stm32f1xx_hal_uart.o
    0x080015c6   0x080015c6   0x00000002   Code   RO          699    .text.HAL_UART_TxCpltCallback  stm32f1xx_hal_uart.o
    0x080015c8   0x080015c8   0x00000002   Code   RO           82    .text.HardFault_Handler  stm32f1xx_it.o
    0x080015ca   0x080015ca   0x00000002   PAD
    0x080015cc   0x080015cc   0x00000018   Code   RO          849    .text.MX_FATFS_Init  fatfs.o
    0x080015e4   0x080015e4   0x00000068   Code   RO           38    .text.MX_GPIO_Init  gpio.o
    0x0800164c   0x0800164c   0x00000044   Code   RO           48    .text.MX_SPI1_Init  spi.o
    0x08001690   0x08001690   0x00000038   Code   RO           64    .text.MX_USART1_UART_Init  usart.o
    0x080016c8   0x080016c8   0x00000002   Code   RO           84    .text.MemManage_Handler  stm32f1xx_it.o
    0x080016ca   0x080016ca   0x00000002   Code   RO           80    .text.NMI_Handler   stm32f1xx_it.o
    0x080016cc   0x080016cc   0x00000002   Code   RO           94    .text.PendSV_Handler  stm32f1xx_it.o
    0x080016ce   0x080016ce   0x00000002   PAD
    0x080016d0   0x080016d0   0x0000001c   Code   RO           98    .text.SDTimer_Handler  stm32f1xx_it.o
    0x080016ec   0x080016ec   0x00000058   Code   RO          791    .text.SD_PowerOn    fatfs_sd.o
    0x08001744   0x08001744   0x00000020   Code   RO          813    .text.SD_ReadyWait  fatfs_sd.o
    0x08001764   0x08001764   0x00000044   Code   RO          805    .text.SD_RxDataBlock  fatfs_sd.o
    0x080017a8   0x080017a8   0x00000068   Code   RO          795    .text.SD_SendCmd    fatfs_sd.o
    0x08001810   0x08001810   0x0000005a   Code   RO          809    .text.SD_TxDataBlock  fatfs_sd.o
    0x0800186a   0x0800186a   0x00000002   PAD
    0x0800186c   0x0800186c   0x00000124   Code   RO          789    .text.SD_disk_initialize2  fatfs_sd.o
    0x08001990   0x08001990   0x00000148   Code   RO          811    .text.SD_disk_ioctl2  fatfs_sd.o
    0x08001ad8   0x08001ad8   0x00000094   Code   RO          803    .text.SD_disk_read2  fatfs_sd.o
    0x08001b6c   0x08001b6c   0x0000000c   Code   RO          801    .text.SD_disk_status2  fatfs_sd.o
    0x08001b78   0x08001b78   0x000000c0   Code   RO          807    .text.SD_disk_write2  fatfs_sd.o
    0x08001c38   0x08001c38   0x0000001c   Code   RO          793    .text.SELECT        fatfs_sd.o
    0x08001c54   0x08001c54   0x00000022   Code   RO          498    .text.SPI_EndRxTxTransaction  stm32f1xx_hal_spi.o
    0x08001c76   0x08001c76   0x00000002   PAD
    0x08001c78   0x08001c78   0x00000030   Code   RO          797    .text.SPI_RxByte    fatfs_sd.o
    0x08001ca8   0x08001ca8   0x00000024   Code   RO          817    .text.SPI_TxBuffer  fatfs_sd.o
    0x08001ccc   0x08001ccc   0x00000028   Code   RO          815    .text.SPI_TxByte    fatfs_sd.o
    0x08001cf4   0x08001cf4   0x000000b4   Code   RO          596    .text.SPI_WaitFlagStateUntilTimeout  stm32f1xx_hal_spi.o
    0x08001da8   0x08001da8   0x00000002   Code   RO           90    .text.SVC_Handler   stm32f1xx_it.o
    0x08001daa   0x08001daa   0x00000002   PAD
    0x08001dac   0x08001dac   0x00000024   Code   RO           96    .text.SysTick_Handler  stm32f1xx_it.o
    0x08001dd0   0x08001dd0   0x0000005a   Code   RO           13    .text.SystemClock_Config  main.o
    0x08001e2a   0x08001e2a   0x00000002   Code   RO          734    .text.SystemInit    system_stm32f1xx.o
    0x08001e2c   0x08001e2c   0x0000000c   Code   RO          693    .text.UART_DMAAbortOnError  stm32f1xx_hal_uart.o
    0x08001e38   0x08001e38   0x0000002c   Code   RO          655    .text.UART_EndRxTransfer  stm32f1xx_hal_uart.o
    0x08001e64   0x08001e64   0x000000b4   Code   RO          691    .text.UART_Receive_IT  stm32f1xx_hal_uart.o
    0x08001f18   0x08001f18   0x00000080   Code   RO          613    .text.UART_SetConfig  stm32f1xx_hal_uart.o
    0x08001f98   0x08001f98   0x00000058   Code   RO          627    .text.UART_WaitOnFlagUntilTimeout  stm32f1xx_hal_uart.o
    0x08001ff0   0x08001ff0   0x0000000c   Code   RO          100    .text.USART1_IRQHandler  stm32f1xx_it.o
    0x08001ffc   0x08001ffc   0x00000004   Code   RO          830    .text.USER_initialize  user_diskio.o
    0x08002000   0x08002000   0x00000004   Code   RO          838    .text.USER_ioctl    user_diskio.o
    0x08002004   0x08002004   0x00000004   Code   RO          834    .text.USER_read     user_diskio.o
    0x08002008   0x08002008   0x00000004   Code   RO          832    .text.USER_status   user_diskio.o
    0x0800200c   0x0800200c   0x00000004   Code   RO          836    .text.USER_write    user_diskio.o
    0x08002010   0x08002010   0x00000002   Code   RO           88    .text.UsageFault_Handler  stm32f1xx_it.o
    0x08002012   0x08002012   0x00000002   PAD
    0x08002014   0x08002014   0x00000024   Code   RO          314    .text.__NVIC_SetPriority  stm32f1xx_hal_cortex.o
    0x08002038   0x08002038   0x00000078   Code   RO          987    .text.check_fs      ff.o
    0x080020b0   0x080020b0   0x0000000e   Code   RO          991    .text.chk_chr       ff.o
    0x080020be   0x080020be   0x00000002   PAD
    0x080020c0   0x080020c0   0x0000005c   Code   RO          905    .text.chk_lock      ff.o
    0x0800211c   0x0800211c   0x0000001c   Code   RO          897    .text.clear_lock    ff.o
    0x08002138   0x08002138   0x0000003a   Code   RO          921    .text.clmt_clust    ff.o
    0x08002172   0x08002172   0x00000024   Code   RO          885    .text.clust2sect    ff.o
    0x08002196   0x08002196   0x000000cc   Code   RO          927    .text.create_chain  ff.o
    0x08002262   0x08002262   0x00000002   PAD
    0x08002264   0x08002264   0x00000038   Code   RO          935    .text.dec_lock      ff.o
    0x0800229c   0x0800229c   0x00000154   Code   RO          989    .text.dir_find      ff.o
    0x080023f0   0x080023f0   0x00000138   Code   RO          951    .text.dir_next      ff.o
    0x08002528   0x08002528   0x00000270   Code   RO          907    .text.dir_register  ff.o
    0x08002798   0x08002798   0x000000b4   Code   RO          941    .text.dir_sdi       ff.o
    0x0800284c   0x0800284c   0x00000020   Code   RO          866    .text.disk_initialize  diskio.o
    0x0800286c   0x0800286c   0x0000001c   Code   RO          872    .text.disk_ioctl    diskio.o
    0x08002888   0x08002888   0x0000001c   Code   RO          868    .text.disk_read     diskio.o
    0x080028a4   0x080028a4   0x00000014   Code   RO          864    .text.disk_status   diskio.o
    0x080028b8   0x080028b8   0x00000020   Code   RO          870    .text.disk_write    diskio.o
    0x080028d8   0x080028d8   0x00000026   Code   RO          933    .text.f_close       ff.o
    0x080028fe   0x080028fe   0x000000ea   Code   RO          955    .text.f_getfree     ff.o
    0x080029e8   0x080029e8   0x00000056   Code   RO          977    .text.f_gets        ff.o
    0x08002a3e   0x08002a3e   0x00000002   PAD
    0x08002a40   0x08002a40   0x00000058   Code   RO          893    .text.f_mount       ff.o
    0x08002a98   0x08002a98   0x000001bc   Code   RO          901    .text.f_open        ff.o
    0x08002c54   0x08002c54   0x0000004e   Code   RO          983    .text.f_puts        ff.o
    0x08002ca2   0x08002ca2   0x00000186   Code   RO          917    .text.f_read        ff.o
    0x08002e28   0x08002e28   0x00000096   Code   RO          929    .text.f_sync        ff.o
    0x08002ebe   0x08002ebe   0x000001ae   Code   RO          925    .text.f_write       ff.o
    0x0800306c   0x0800306c   0x00000040   Code   RO         1032    .text.ff_convert    ccsbcs.o
    0x080030ac   0x080030ac   0x00000024   Code   RO         1034    .text.ff_wtoupper   ccsbcs.o
    0x080030d0   0x080030d0   0x000002a8   Code   RO          899    .text.find_volume   ff.o
    0x08003378   0x08003378   0x00000280   Code   RO          903    .text.follow_path   ff.o
    0x080035f8   0x080035f8   0x00000020   Code   RO           19    .text.fputc         main.o
    0x08003618   0x08003618   0x000000f6   Code   RO          887    .text.get_fat       ff.o
    0x0800370e   0x0800370e   0x00000004   Code   RO          851    .text.get_fattime   fatfs.o
    0x08003712   0x08003712   0x0000003e   Code   RO          895    .text.get_ldnumber  ff.o
    0x08003750   0x08003750   0x0000007c   Code   RO          915    .text.inc_lock      ff.o
    0x080037cc   0x080037cc   0x00000020   Code   RO          909    .text.ld_clust      ff.o
    0x080037ec   0x080037ec   0x00000204   Code   RO           11    .text.main          main.o
    0x080039f0   0x080039f0   0x00000010   Code   RO          923    .text.mem_cpy       ff.o
    0x08003a00   0x08003a00   0x0000000c   Code   RO          967    .text.mem_set       ff.o
    0x08003a0c   0x08003a0c   0x00000042   Code   RO          889    .text.move_window   ff.o
    0x08003a4e   0x08003a4e   0x00000112   Code   RO          891    .text.put_fat       ff.o
    0x08003b60   0x08003b60   0x00000044   Code   RO          981    .text.putc_bfd      ff.o
    0x08003ba4   0x08003ba4   0x00000064   Code   RO          913    .text.remove_chain  ff.o
    0x08003c08   0x08003c08   0x0000000c   Code   RO          911    .text.st_clust      ff.o
    0x08003c14   0x08003c14   0x0000001c   Code   RO          993    .text.sum_sfn       ff.o
    0x08003c30   0x08003c30   0x00000074   Code   RO          931    .text.sync_fs       ff.o
    0x08003ca4   0x08003ca4   0x0000005a   Code   RO          965    .text.sync_window   ff.o
    0x08003cfe   0x08003cfe   0x00000032   Code   RO          919    .text.validate      ff.o
    0x08003d30   0x08003d30   0x0000000e   Code   RO         1087    i.__scatterload_copy  mc_w.l(handlers.o)
    0x08003d3e   0x08003d3e   0x00000002   Code   RO         1088    i.__scatterload_null  mc_w.l(handlers.o)
    0x08003d40   0x08003d40   0x0000000e   Code   RO         1089    i.__scatterload_zeroinit  mc_w.l(handlers.o)
    0x08003d4e   0x08003d4e   0x00000002   PAD
    0x08003d50   0x08003d50   0x00000024   Code   RO         1049    i.puts              mc_w.l(puts.o)
    0x08003d74   0x08003d74   0x00000010   Data   RO          739    .rodata.AHBPrescTable  system_stm32f1xx.o
    0x08003d84   0x08003d84   0x00000008   Data   RO          740    .rodata.APBPrescTable  system_stm32f1xx.o
    0x08003d8c   0x08003d8c   0x00000080   Data   RO          999    .rodata.ExCvt       ff.o
    0x08003e0c   0x08003e0c   0x0000000d   Data   RO         1000    .rodata.LfnOfs      ff.o
    0x08003e19   0x08003e19   0x00000001   PAD
    0x08003e1a   0x08003e1a   0x00000100   Data   RO         1036    .rodata.Tbl         ccsbcs.o
    0x08003f1a   0x08003f1a   0x0000005b   Data   RO           24    .rodata.str1.1      main.o
    0x08003f75   0x08003f75   0x00000001   PAD
    0x08003f76   0x08003f76   0x000003c0   Data   RO         1037    .rodata.str2.2      ccsbcs.o
    0x08004336   0x08004336   0x00000002   PAD
    0x08004338   0x08004338   0x00000020   Data   RO         1086    Region$$Table       anon$$obj.o


    Execution Region RW_IRAM1 (Exec base: 0x20000000, Load base: 0x08004358, Size: 0x000027e8, Max: 0x00010000, ABSOLUTE)

    Exec Addr    Load Addr    Size         Type   Attr      Idx    E Section Name        Object

    0x20000000   0x08004358   0x00000004   Data   RW         1077    .data               mc_w.l(stdout.o)
    0x20000004   0x0800435c   0x00000008   Data   RW          188    .data..L_MergedGlobals  stm32f1xx_hal.o
    0x2000000c   0x08004364   0x00000001   Data   RW          819    .data.Stat          fatfs_sd.o
    0x2000000d   0x08004365   0x00000003   PAD
    0x20000010   0x08004368   0x00000004   Data   RW          738    .data.SystemCoreClock  system_stm32f1xx.o
    0x20000014   0x0800436c   0x00000014   Data   RW          840    .data.USER_Driver   user_diskio.o
    0x20000028   0x08004380   0x0000000c   Data   RW           21    .data.error         main.o
    0x20000034   0x0800438c   0x00000004   PAD
    0x20000038        -       0x00000074   Zero   RW           28    .bss..L_MergedGlobals  main.o
    0x200000ac        -       0x00000004   Zero   RW          103    .bss..L_MergedGlobals  stm32f1xx_it.o
    0x200000b0        -       0x00000002   Zero   RW          820    .bss..L_MergedGlobals  fatfs_sd.o
    0x200000b2        -       0x00000005   Zero   RW          855    .bss..L_MergedGlobals  fatfs.o
    0x200000b7   0x0800438c   0x00000001   PAD
    0x200000b8        -       0x00000008   Zero   RW         1001    .bss..L_MergedGlobals  ff.o
    0x200000c0        -       0x00000001   Zero   RW          102    .bss.FatFsCnt       stm32f1xx_it.o
    0x200000c1   0x0800438c   0x00000003   PAD
    0x200000c4        -       0x00000018   Zero   RW          998    .bss.Files          ff.o
    0x200000dc        -       0x00000200   Zero   RW          995    .bss.LfnBuf         ff.o
    0x200002dc        -       0x0000000c   Zero   RW         1021    .bss.disk           ff_gen_drv.o
    0x200002e8        -       0x0000102c   Zero   RW           25    .bss.fil            main.o
    0x20001314        -       0x00001030   Zero   RW           23    .bss.fs             main.o
    0x20002344        -       0x00000058   Zero   RW           54    .bss.hspi1          spi.o
    0x2000239c        -       0x00000044   Zero   RW           70    .bss.huart1         usart.o
    0x200023e0        -       0x00000004   Zero   RW          187    .bss.uwTick         stm32f1xx_hal.o
    0x200023e4   0x0800438c   0x00000004   PAD
    0x200023e8        -       0x00000400   Zero   RW            1    STACK               startup_stm32f103xe.o


==============================================================================

Image component sizes


      Code (inc. data)   RO Data    RW Data    ZI Data      Debug   Object Name

       100         12       1216          0          0       1277   ccsbcs.o
       140          4          0          0          0       1948   diskio.o
        28          8          0          0          5       1844   fatfs.o
      1534         58          0          1          2       6900   fatfs_sd.o
      6618         88        141          0        544      38845   ff.o
        70          4          0          0         12       2423   ff_gen_drv.o
       104          8          0          0          0       1496   gpio.o
       662        228         91         12       8400       4123   main.o
       184         16          0          0         88       4099   spi.o
        36          8        304          0       1024        768   startup_stm32f103xe.o
       152          8          0          8          4       6086   stm32f1xx_hal.o
       192         28          0          0          0       8280   stm32f1xx_hal_cortex.o
       302         44          0          0          0       7166   stm32f1xx_hal_dma.o
       430         48          0          0          0       4359   stm32f1xx_hal_gpio.o
        64          8          0          0          0       1174   stm32f1xx_hal_msp.o
      1264         68          0          0          0       6909   stm32f1xx_hal_rcc.o
      1218          4          0          0          0      19326   stm32f1xx_hal_spi.o
      1288          8          0          0          0      18805   stm32f1xx_hal_uart.o
        92         12          0          0          5       1513   stm32f1xx_it.o
         2          0         24          4          0       1514   system_stm32f1xx.o
       188         12          0          0         68       5430   usart.o
        20          0          0         20          0       1670   user_diskio.o

    ----------------------------------------------------------------------
     14714        674       1812         48      10164     145955   Object Totals
         0          0         32          0          0          0   (incl. Generated)
        26          0          4          3         12          0   (incl. Padding)

    ----------------------------------------------------------------------

      Code (inc. data)   RO Data    RW Data    ZI Data      Debug   Library Member Name

         0          0          0          0          0          0   entry.o
         0          0          0          0          0          0   entry10a.o
         0          0          0          0          0          0   entry11a.o
         8          4          0          0          0          0   entry2.o
         4          0          0          0          0          0   entry5.o
         0          0          0          0          0          0   entry7b.o
         0          0          0          0          0          0   entry8b.o
         8          4          0          0          0          0   entry9a.o
        30          0          0          0          0          0   handlers.o
        36          8          0          0          0         68   init.o
         0          0          0          0          0          0   iusefp.o
        30          0          0          0          0         68   llshl.o
        32          0          0          0          0         68   llushr.o
        36          0          0          0          0        108   memseta.o
        36          6          0          0          0         80   puts.o
         0          0          0          4          0          0   stdout.o
       186          0          0          0          0        176   depilogue.o
        50          0          0          0          0         76   dfixui.o
        26          0          0          0          0         76   dfltui.o
       228          0          0          0          0         96   dmul.o

    ----------------------------------------------------------------------
       714         22          0          4          0        816   Library Totals
         4          0          0          0          0          0   (incl. Padding)

    ----------------------------------------------------------------------

      Code (inc. data)   RO Data    RW Data    ZI Data      Debug   Library Name

       220         22          0          4          0        392   mc_w.l
       490          0          0          0          0        424   mf_w.l

    ----------------------------------------------------------------------
       714         22          0          4          0        816   Library Totals

    ----------------------------------------------------------------------

==============================================================================


      Code (inc. data)   RO Data    RW Data    ZI Data      Debug   

     15428        696       1812         52      10164     146239   Grand Totals
     15428        696       1812         52      10164     146239   ELF Image Totals
     15428        696       1812         52          0          0   ROM Totals

==============================================================================

    Total RO  Size (Code + RO Data)                17240 (  16.84kB)
    Total RW  Size (RW Data + ZI Data)             10216 (   9.98kB)
    Total ROM Size (Code + RO Data + RW Data)      17292 (  16.89kB)

==============================================================================

