<html>
<body>
<pre>
<h1>µVision Build Log</h1>
<h2>Tool Versions:</h2>
IDE-Version: ¦ÌVision V5.29.0.0
Copyright (C) 2019 ARM Ltd and ARM Germany GmbH. All rights reserved.
License Information: 1 Yian, 1, LIC=NQQMA-15FPF-307NC-7PTH7-RP718-TMZFF
 
Tool Versions:
Toolchain:       MDK-ARM Plus  Version: 5.29.0.0
Toolchain Path:  D:\keil\ARM\ARMCC\Bin
C Compiler:      Armcc.exe V5.06 update 6 (build 750)
Assembler:       Armasm.exe V5.06 update 6 (build 750)
Linker/Locator:  ArmLink.exe V5.06 update 6 (build 750)
Library Manager: ArmAr.exe V5.06 update 6 (build 750)
Hex Converter:   FromElf.exe V5.06 update 6 (build 750)
CPU DLL:         SARMCM3.DLL V5.29.0.0
Dialog DLL:      DARMSTM.DLL V1.68.0.0
Target DLL:      Segger\JL2CM3.dll V2.99.36.0
Dialog DLL:      TARMSTM.DLL V1.66.0.0
 
<h2>Project:</h2>
D:\CodeField\My_DRIVER\SPI\SDcard\ÌÔ±¦\Ë«¿¨ Micro SDÓëTF¿¨¶ÁÐ´¿¨Ä£¿é SPISDIOË«Ä£Ê½Çý¶¯ 3.3V5V\³ÌÐò\22-MP3+SD¿¨+FATFS+£¨SPI1½Ó¿Ú£©\USER\STM32-DEMO.uvprojx
Project File Date:  04/26/2023

<h2>Output:</h2>
*** Using Compiler 'V5.06 update 6 (build 750)', folder: 'D:\keil\ARM\ARMCC\Bin'
Rebuild target 'MP3£¨SPI1£©-DEMO'
assembling startup_stm32f10x_hd.s...
compiling diskio.c...
compiling ff.c...
compiling stm32f10x_rcc.c...
compiling SysTick.c...
compiling main.c...
compiling stm32f10x_it.c...
compiling vs1003.c...
compiling usart1.c...
compiling stm32f10x_gpio.c...
compiling stm32f10x_usart.c...
compiling sdcard.c...
compiling core_cm3.c...
compiling misc.c...
compiling stm32f10x_sdio.c...
compiling stm32f10x_dma.c...
compiling stm32f10x_spi.c...
compiling system_stm32f10x.c...
linking...
Program Size: Code=23458 RO-data=362 RW-data=84 ZI-data=2868  
FromELF: creating hex file...
"..\Output\STM32-DEMO.axf" - 0 Error(s), 0 Warning(s).

<h2>Software Packages used:</h2>

Package Vendor: Keil
                http://www.keil.com/pack/Keil.STM32F1xx_DFP.2.4.0.pack
                Keil.STM32F1xx_DFP.2.4.0
                STMicroelectronics STM32F1 Series Device Support, Drivers and Examples

<h2>Collection of Component include folders:</h2>
  .\RTE\_MP3__SPI1__-DEMO
  D:\keil\Arm\Packs\Keil\STM32F1xx_DFP\2.4.0\Device\Include

<h2>Collection of Component Files used:</h2>
Build Time Elapsed:  00:00:01
</pre>
</body>
</html>
